.a 2 3
.aan 4 5
.aa 2 4
.aarts 4 7
.aart 3 4
.aat 3 5
.abl 2 4
.ab 2 3
.achtend 5 7
.acht 2 4
.achten 4 6
.achte 4 5
.acre 3 4
.acr 1 5
.adi 1 5
.af 3 4
.afl 3 5
.afs 2 5
.afture 5 7
.aft 2 3
.aftu 3 4
.aftur 5 6
.alee 3 6
.ale 2 3
.alf 3 4
.alk 4 5
.alko 3 4
.alkov 3 7
.alma 3 4
.alm 2 3
.alom 3 4
.alo 2 3
.alst 3 5
.als 2 3
.anas 4 6
.ana 2 3
.and 2 5
.anen 2 5
.ane 2 3
.angl 3 6
.ang 2 3
.anth 3 4
.ant 2 3
.ard 2 4
.artr 3 6
.art 2 3
.ash 3 4
.asl 3 5
.ast 2 4
.astra 3 4
.astr 1 6
.asu 2 4
.ata 3 4
.at 2 3
.aven 4 5
.av 2 4
.ave 3 4
.b 1 3
.bela 3 4
.be 1 3
.bera 3 4
.beri 3 5
.bos 2 5
.bo 2 3
.c 2 3
.coo 1 5
.co 1 2
.coro 3 5
.cus 4 5
.cu 1 3
.d 2 3
.daar 5 6
.da 1 2
.daa 3 5
.dagi 3 4
.dag 1 2
.dagr 3 6
.dak 3 4
.dan 4 5
.debe 3 6
.de 1 2
.deb 3 4
.dek 1 4
.dekl 3 6
.deks 3 5
.denkr 4 7
.denk 3 5
.deod 3 5
.deo 3 4
.dero 3 4
.desta 3 4
.des 3 4
.dest 3 5
.dia 3 4
.di 1 2
.diep 3 5
.die 2 3
.dio 2 4
.doet 1 6
.do 1 2
.doe 1 4
.dov 1 5
.duw 3 4
.du 1 2
.e 2 3
.ede 2 5
.ed 2 3
.edela 4 6
.edw 2 4
.een 3 4
.ee 2 3
.eerste 4 6
.eer 3 4
.eers 3 4
.eerst 4 6
.eest 4 6
.ees 3 5
.eesto 6 7
.eet 3 5
.eil 3 4
.ei 2 3
.eisc 3 4
.eis 2 3
.eisp 3 5
.eit 1 5
.els 2 5
.ens 2 4
.enth 3 5
.ent 2 3
.epa 2 4
.eres 4 5
.ere 2 3
.erf 3 4
.erfl 3 6
.erin 3 4
.eri 2 3
.ert 2 5
.erts 3 6
.es 3 4
.esc 2 4
.espe 3 4
.esp 2 3
.estr 2 6
.est 3 4
.eten 3 6
.ete 2 3
.eth 2 4
.etste. 4 6
.etste 3 5
.ets 2 3
.etst 4 5
.eu 3 4
.eus 4 5
.é 2 3
.f 2 3
.fels 3 5
.fe 1 2
.g 2 3
.gaat 2 6
.ga 1 2
.gaa 3 5
.gangs 4 6
.gan 1 2
.gang 3 4
.geav 3 6
.ge 1 2
.gea 2 4
.gela 3 5
.gele 3 5
.gelov 5 7
.gelo 1 5
.gena 3 5
.genaz 3 6
.gene 1 4
.geno 3 4
.gera 3 4
.gere 3 5
.gero 3 5
.gersta 6 7
.gers 3 4
.gerst 4 6
.ges 1 5
.gesk 1 6
.geta 3 4
.getj 3 6
.geto 3 5
.gid 4 5
.gi 1 2
.gom 3 4
.go 1 2
.goot 1 6
.goo 2 5
.h 2 3
.handels 6 9
.hand 3 4
.hande 4 5
.herin 4 5
.he 2 3
.heri 3 5
.hitst 4 6
.hit 2 3
.hits 3 4
.holo 3 4
.houds 4 6
.houd 4 5
.i 2 3
.ideo 4 5
.ide 2 3
.ijs 2 4
.ij 2 3
.ijsl 4 6
.ijsp 1 5
.ijst 1 5
.ik 1 4
.in 3 4
.ind 2 5
.ing 2 5
.ingr 3 6
.ink 2 5
.inkr 3 6
.inkw 3 4
.ins 2 5
.insl 3 6
.inst 3 5
.inta 3 4
.int 2 3
.isc 2 4
.is 1 2
.j 2 3
.jor 4 5
.k 2 3
.kad 3 4
.ka 1 2
.kag 3 4
.kataa 3 7
.kat 3 4
.kerkl 4 7
.ke 1 2
.kerkr 4 7
.kerku 4 6
.kersten 4 7
.kers 3 4
.kerst 4 6
.kerste 4 6
.kes 3 4
.koot 4 6
.ko 1 2
.koo 3 5
.kope 3 4
.kopl 3 6
.kov 1 5
.kun 1 5
.ku 1 2
.l 2 3
.laatste 5 7
.laa 3 5
.laat 4 5
.laatst 5 7
.laats 4 5
.leb 3 5
.lego 3 5
.leg 2 4
.legr 3 6
.leidst 5 8
.lei 3 4
.leid 2 3
.leids 4 7
.lens 3 6
.ler 3 5
.les 3 5
.leth 3 5
.lind 3 5
.li 1 2
.lof 4 5
.loot 4 6
.loo 3 5
.los 2 5
.lue 3 4
.luitj 4 7
.luit 1 4
.lui 3 4
.lus 3 4
.m 2 3
.mad 3 4
.ma 1 2
.maï 3 5
.meeld 4 6
.me 1 2
.mee 3 4
.meel 4 5
.mela 3 4
.mel 2 3
.meni 3 4
.men 1 2
.merkl 4 7
.merk 1 2
.mes 2 4
.mest 3 5
.metee 4 7
.mete 3 4
.mijni 4 6
.mi 1 2
.mij 3 4
.mijn 2 3
.moot 4 6
.mo 1 2
.moo 3 5
.morsten 4 7
.morst 4 6
.mors 3 4
.morste 4 6
.mos 1 4
.n 2 3
.naat 1 6
.na 1 2
.naa 3 5
.nad 3 4
.nan 3 4
.nas 3 5
.nees 4 6
.ne 1 2
.nee 3 5
.nep 3 4
.nepa 3 5
.nes 1 4
.nete 3 4
.netj 3 6
.neutj 4 7
.neu 3 4
.nietj 4 7
.ni 1 2
.nie 2 3
.noot 1 6
.noo 3 5
.nost 3 5
.nos 1 3
.nov 3 5
.o 2 3
.oer 1 5
.oe 2 3
.oes 3 5
.oeve 4 6
.oev 3 5
.olf 3 4
.om 3 4
.omme 3 6
.omm 1 4
.ona 2 4
.ond 2 4
.onder 3 6
.onde 3 4
.one 2 4
.ong 2 4
.oni 2 4
.onk 2 4
.ono 3 4
.onov 2 6
.ont 2 5
.ontee 3 7
.onte 3 4
.onter 3 5
.onts 1 6
.ooitj 4 7
.oo 2 4
.ooi 2 3
.ooit 3 4
.ootjes 4 8
.oot 3 4
.ootj 3 6
.opee 3 6
.opi 2 5
.opl 3 5
.opr 3 5
.ops 2 4
.org 3 5
.os 1 4
.ove 3 5
.ov 2 4
.p 2 3
.peetj 4 7
.pee 2 5
.peet 4 5
.peri 1 6
.perste. 4 7
.pers 1 4
.perst 4 6
.perste 4 6
.pietj 4 7
.pie 2 3
.pitste. 4 7
.pit 2 3
.pitste 4 6
.pits 3 4
.pitst 5 6
.poortj 5 8
.poo 3 5
.poort 2 5
.post 3 5
.pos 1 3
.puit 3 6
.pu 1 3
.pui 3 4
.puitj 4 7
.put 3 4
.r 2 3
.raadsle 6 7
.raa 2 5
.raad 2 3
.raads 3 5
.raadsl 6 8
.rand 3 5
.randa 2 6
.remen 3 4
.reme 3 4
.reno 4 5
.renov 3 7
.reo 3 4
.riet 4 6
.rie 2 3
.rijsp 2 5
.rij 3 4
.rijs 3 4
.rings 4 7
.ring 2 4
.roetj 4 7
.roe 3 4
.rol 3 4
.rost 3 5
.ros 2 3
.roth 3 5
.rov 3 5
.s 2 3
.sap 3 5
.sav 3 5
.sci 1 5
.sc 1 2
.see 2 5
.se 1 2
.sekste 4 6
.sekst 4 6
.seks 3 4
.sere 1 5
.set 3 5
.sev 3 5
.side 3 6
.si 1 2
.skis 3 6
.sk 1 4
.ski 2 4
.sneu 4 6
.sn 2 4
.sne 2 3
.sno 4 5
.sok 1 5
.song 1 6
.spoortj 6 9
.spo 3 4
.spoo 2 6
.spoort 3 6
.st 2 4
.stem 3 5
.ste 2 3
.t 2 3
.taartj 3 8
.taa 3 5
.taart 4 5
.tanda 2 5
.tand 3 4
.tea 1 4
.te 1 2
.tef 2 4
.tek 4 5
.tele 3 4
.tel 2 3
.tenac 3 5
.ten 2 3
.tena 3 4
.teno 3 4
.tentj 4 7
.tent 1 4
.tera 3 4
.ter 2 3
.terpa 4 6
.terp 4 5
.ters 3 5
.tes 1 4
.tin 3 4
.ti 1 2
.tina 3 5
.tine 3 5
.toepr 4 7
.toe 2 4
.toep 2 3
.tolo 1 4
.tol 2 3
.top 3 4
.tov 3 5
.tris 3 6
.tr 3 4
.ts 1 4
.tsa 4 5
.tuitj 4 7
.tuit 1 4
.tui 3 4
.tyr 3 4
.ty 1 4
.u 2 3
.ui 2 4
.uis 1 4
.uit 2 5
.uitje 4 5
.uitj 3 6
.uke 2 5
.uk 1 2
.ura 2 4
.vaatj 4 7
.v 1 3
.vaa 3 5
.vaat 4 5
.ventj 4 7
.ve 2 3
.vent 3 4
.ver 3 5
.vesp 3 5
.ves 3 5
.vetj 3 6
.vier 4 5
.vi 1 2
.vie 2 3
.vols 2 5
.w 2 3
.walste. 5 7
.wals 3 4
.walst 4 6
.walste 4 6
.weeko 4 5
.wee 3 4
.week 4 5
.weet 4 6
.wel 3 5
.wenst 4 6
.wen 3 4
.wens 3 4
.westr 3 7
.wes 3 5
.west 4 5
.wins 3 5
.xe 2 4
.y 2 3
.z 1 3
.zes 3 5
.ze 2 3
.zit 2 5
.zi 2 3
.zooi 3 6
.zoo 3 5
a. 0 1
aa 1 3
aad 0 1
aada 2 4
aado 2 4
aadr 2 5
aadsap 3 6
aads 1 3
aadsa 3 6
aafa 1 4
aag 0 1
aaga 2 4
aage 2 4
aago 2 4
aagr 2 5
aags 2 5
aagsa 3 6
aagso 3 6
aagsp 3 5
aail 3 4
aaka 2 5
aake 2 5
aako 2 4
aakr 2 5
aaksp 3 4
aaks 1 3
aala 2 5
aale 2 4
aalfo 3 5
aalfol 4 6
aali 2 4
aalk 3 4
aalm 2 4
aalo 2 5
aalsl 3 6
aals 2 3
aalso 3 4
aalspe 3 5
aalsp 3 4
aalste 3 5
aalst 3 5
aalu 2 4
aama 2 4
aamo 2 4
aamsta 3 4
aams 2 3
aamst 4 5
aamste 3 5
aana 2 4
aandee 0 6
aand 2 3
aande 3 4
aandr 3 6
aane 2 5
aang 2 4
aani 2 4
aanj 0 5
aank 2 5
aann 0 4
aano 2 4
aansp 3 4
aans 1 3
aanspo 4 6
aant 2 5
aanta 0 4
aanv 0 5
aapa 2 4
aapi 1 4
aapo 3 5
aapr 1 5
aara 2 4
aardas 3 7
aarda 3 4
aard 2 4
aare 2 5
aari 2 4
aarn 0 4
aaro 2 5
aarspel 3 6
aars 2 4
aarsp 3 4
aarspe 3 4
aarton 3 5
aarto 1 4
aart 2 3
aartsl 4 7
aarts 3 4
aaru 2 4
aase 1 4
aasi 2 4
aast 0 4
aastr 1 6
aata 3 4
aat 2 3
aate 2 4
aath 3 4
aati 2 4
aato 3 4
aatr 3 5
abaks 2 6
ab 1 2
aba 1 2
abak 1 3
abal 3 4
abats 3 5
abat 3 4
abeun 2 3
abe 1 3
abijz 2 5
abi 1 3
abij 3 4
abon 1 2
abo 2 3
abootj 4 7
aboo 3 5
aboot 4 5
abotj 3 6
abr 0 4
abru 2 3
ac. 0 2
acal 1 2
aca 1 2
acar 1 2
ace 0 2
acest 3 5
aces 3 4
ach. 0 3
acha 1 2
ache 0 4
achi 0 2
achl 2 4
acho 1 2
achr 1 3
achs 0 3
achtec 3 5
acht 1 3
achte 3 4
achu 1 2
achuut 3 7
achuu 4 6
ack 0 1
ackl 2 5
acl 0 3
aco 0 2
acr 0 4
acres 2 3
acta 0 1
act 1 3
acu 0 3
ad. 0 2
ada. 1 3
ada 1 2
adac 2 3
adad 3 4
adal 3 4
adar 3 5
adas 1 5
add 0 4
ade. 1 3
ade 1 2
adei 1 4
adere 3 5
ades 1 4
adet 1 5
adeta 1 4
adete 2 4
adh 0 3
adi 0 3
adial 3 4
adia 3 4
adioc 3 5
adio 2 4
adiod 3 4
adk 0 4
adl 0 3
ado. 0 3
ado 1 2
adoo 1 5
adp 0 3
adrei 2 5
adr 1 4
adre 1 2
adri 1 3
adrol 2 3
ads 0 2
adse 2 5
adso 2 5
adst 2 5
adsta 2 3
adui 2 4
adu 1 2
adw 1 3
ady 0 2
ae 0 1
aege 2 5
aeg 1 3
aek 2 4
aep 1 3
aer 2 3
aes 2 4
aest 2 4
aeu 1 2
aë 1 2
aër 1 2
afa 0 2
afaa 2 5
afac 1 3
afas 2 3
afat 2 4
afdi 2 4
afd 1 2
afdr 2 5
afdw 2 4
afe 0 2
afee 3 5
afi 0 2
afl 2 4
afo 0 2
afo. 1 3
afoe 1 4
afond 3 5
afop 1 4
aforg 2 5
afor 2 3
afr 2 4
afs 1 4
afsc 2 4
afse 2 5
afsl 0 5
afsp 0 4
afta 2 4
aft 1 2
aftr 2 5
afui 2 4
afu 1 2
afy 0 4
ag. 0 2
agad 2 4
aga 1 2
agaf 2 3
agam 2 4
agar 2 3
agdi 2 3
agd 1 2
age. 1 3
age 1 2
ageet 4 5
agee 1 5
agen. 0 4
agers 3 5
agex 1 3
agil 1 2
agi 1 2
agind 2 4
agins 1 4
agiot 3 4
agio 2 4
agl 0 4
agof 1 3
ago 1 2
agor 1 3
agov 1 5
agr 1 4
agra 1 3
agrap 2 3
agru 2 3
agsl 2 5
ags 1 2
agsle 2 4
agslu 2 4
agsp 3 4
agspe 2 3
agspi 2 4
agst 2 4
agsta 2 5
agstr 2 6
agt 0 2
agua 3 4
agu 1 2
agui 1 4
agur 2 4
aguu 1 5
ah 0 1
aha 0 2
ahe 0 3
aheri 3 5
ahi 1 2
ahl 1 3
aho 1 2
ahr 1 3
aht 1 4
ahu 1 2
ahy 1 2
aia 2 4
aidr 2 5
aie 1 3
aij 1 3
aik 1 3
ailm 2 4
ailo 2 3
ain 1 2
aio 1 4
aiov 2 5
ais 1 4
aisc 2 3
aisl 2 5
aisn 2 5
aiso 2 3
aist 2 4
aitj 2 5
ait 1 2
aitr 2 5
aiu 1 4
aïn 3 4
aï 1 2
aïns 2 5
aïso 2 5
aj 0 2
ajaars 4 7
ajaar 1 2
ajaa 3 5
aka 1 4
akaf 1 3
akag 2 3
akar 1 3
aked 1 4
ake 1 2
akemi 2 4
aket 2 4
akid 1 4
aki 1 2
akink 2 5
akis 2 3
akko 0 3
akk 1 4
akl 0 4
akn 1 4
akne 2 3
akni 2 5
akof 1 2
ako 1 2
akon 2 3
akop 2 4
akr 1 4
akru 1 3
aks 0 2
akso 2 5
akspe 2 3
akst 2 4
akto 2 3
akt 1 2
aktw 2 4
aku 1 4
akw 2 3
akwi 2 3
ala 1 2
alach 1 3
alac 1 2
aladr 1 6
alag 1 3
alal 1 2
alapr 1 6
alart 2 4
ald 0 2
ale 1 2
ale. 1 3
aleff 1 5
aleg 0 4
alel 1 3
alero 3 5
aleste 3 5
ales 3 4
alest 4 5
aletj 3 6
alé 1 2
alfen 2 5
alfe 2 3
alfl 3 5
alfon 2 3
alfo 2 3
alfu 2 5
algl 2 5
alg 1 3
alie 1 3
ali 1 2
alint 2 4
alkei 2 5
alke 2 3
alkle 2 3
alkl 2 5
alks 2 4
alkui 2 5
alku 2 3
alle 2 3
all 1 3
almac 2 3
alm 1 2
alma 2 3
alme 2 3
alo 1 2
alol 1 4
alon 3 4
alou 2 3
alov 1 5
alp 0 2
alsag 2 5
als 1 2
alsan 2 4
alscr 2 6
alsc 2 3
alsj 3 5
alsl 2 5
alsli 2 4
alsm 3 4
alsn 2 5
alsoo 2 6
alstem 2 5
alst 2 4
alste 2 4
alsten 2 5
alstou 3 4
alsto 2 3
altaar 6 7
alt 1 3
altaa 3 6
altha 2 4
altro 2 4
altr 2 5
altst 3 5
alts 2 3
alu 1 2
alui 1 4
aluit 1 4
alur 2 4
alus 3 5
am. 0 2
amac 1 3
ama 1 2
amadr 2 6
amaf 3 4
amag 0 3
amart 2 4
ambt 0 5
amb 1 3
amentj 4 7
ame 1 2
amen 1 2
ament 3 4
ameran 3 4
amera 3 4
ametj 3 6
ameu 1 2
ami 1 3
amm 0 3
amoli 1 4
amo 1 2
amov 1 5
ampé 0 3
amp 1 3
ampl 2 5
ample 2 3
amsm 2 4
ams 1 2
amso 2 5
amspr 2 6
amsp 2 4
amste. 3 5
amst 3 4
amste 2 4
amui 1 4
amu 1 2
anad 1 2
ana 1 2
analg 2 5
anan 2 4
anarc 2 5
anc 0 3
anda 0 3
and 1 2
andad 4 5
andank 3 6
anded 2 5
ande 2 3
andex 2 3
andj 0 4
andom 2 3
ando 2 3
andri 2 4
andr 2 5
androo 3 7
andslo 4 5
ands 2 3
andsl 4 6
andul 2 4
andu 2 3
anem 1 2
ane 1 2
anen 1 4
aneni 3 5
aner 0 1
anest 2 5
anes 1 2
aneus 3 4
aneu 3 4
ang. 0 3
ang 1 2
angan 2 3
anga 2 3
angap 2 5
angest 4 6
ange 2 3
anges 2 6
angle 3 4
angl 3 5
angr 2 5
angsna 3 5
angs 2 4
angsn 4 6
angste 3 5
angst 4 5
aniet 5 6
ani 1 2
anie 2 3
anij 3 5
anima 0 4
anion 2 4
anio 2 4
anisl 1 6
anis 1 3
anit 2 4
aniv 0 5
ank. 0 3
ank 1 3
ankaa 2 6
anka 2 3
ankan 4 5
ankas 2 5
ankj 2 4
anklu 2 3
ankl 2 5
ankof 3 4
anko 2 3
ankr 2 5
ano 1 2
anoch 2 3
anoc 1 2
anoor 1 3
anoo 3 5
anork 2 3
anos 1 4
anot 1 5
anou 1 3
anov 3 5
ans 0 2
ansan 2 4
anscr 2 6
ansc 2 3
anseg 2 5
anse 2 3
anserv 2 7
ansid 2 3
ansi 2 3
anso 2 5
ansor 3 4
anspi 3 4
anspir 3 4
anst 2 4
anste. 2 5
anste 2 4
anstru 2 3
anstr 2 6
antac 2 3
ant 1 2
anta 2 3
anten 2 5
ante 2 3
anth 2 3
anti 0 3
antsl 3 6
ants 2 3
antw 2 4
anu 0 2
anuf 1 2
anui 1 4
anur 1 4
anuu 1 5
anzes 4 6
anz 1 3
anze 3 4
ao 0 2
aog 2 3
aol 2 3
aom 1 2
aop 1 4
aort 2 4
aos 1 2
aosp 3 4
aost 2 4
ap. 0 2
apa 1 2
apak 1 2
apas 1 5
apas. 2 4
apass 2 6
ape 1 2
apeten 2 5
apete 3 4
api 0 2
apijtj 4 7
apij 3 4
apijz 1 5
apj 2 3
apl 0 4
aple 2 3
apli 2 3
aplo 2 3
aplu 1 2
apon 4 5
apoo 2 5
apop 3 4
aposta 3 5
apos 1 3
apost 3 5
apov 2 5
appa 0 3
app 1 3
appen 0 1
appe 2 3
apr 0 4
apra 2 3
apre 1 2
aprem 1 2
apris 1 4
apru 2 3
apsa 2 3
aps 1 2
apsi 2 3
apsl 2 5
apsn 2 5
apste. 2 5
apst 2 4
apste 2 4
apt 0 3
aptj 2 5
apu 0 3
aq 1 2
ar. 0 2
ara 1 2
araatj 4 7
araa 2 5
araat 4 5
arapp 1 5
aras 3 5
arda 2 3
ard 1 3
ardac 3 4
ardak 3 4
ardo 2 5
ardom 2 4
ardop 2 4
ardov 2 6
ardr 2 5
ardra 2 3
ardre 2 4
ardu 2 3
ardw 2 4
are 1 2
area 0 3
areg 1 4
arem 1 2
aren 2 3
areno 3 4
aresp 3 5
arev 1 5
argh 2 4
arg 2 3
argl 2 5
ari 1 2
arietj 4 7
arie 2 3
arijs 3 5
arij 3 4
arins 1 4
ark 3 4
arkac 2 4
arka 2 3
arkl 2 5
armap 2 3
arm 2 3
arma 2 3
armu 2 4
aro 1 2
arob 1 4
aroge 2 4
arok 1 3
aroko 3 4
aroog 1 5
aroo 3 5
arop 1 4
arot 1 2
arpi 4 5
arp 2 3
ars 1 3
arsch 2 6
arsc 2 3
arscr 2 6
arse 2 4
arsee 2 5
arsi 2 3
arsl 2 5
arsla 2 3
arsm 3 4
arsni 2 4
arsn 2 5
arso 2 3
arsp 2 3
arspo 2 5
arsta 3 4
arst 2 4
arstal 3 5
arstek 2 4
arste 2 4
arstr 2 6
arsu 2 3
artaa 3 6
art 1 2
arta 2 3
artak 2 4
artan 2 3
artank 3 6
artap 2 3
artar 2 3
arte 0 3
artei 2 5
arth 2 3
artij 2 5
arti 2 3
artj 0 5
artjesv 3 8
artjes 5 7
arto 0 3
artof 2 5
artoge 3 5
artoog 3 6
artoo 4 6
artov 2 6
artr 2 5
artro 2 3
artru 2 4
artsl 3 6
arts 2 3
artste 3 5
artst 4 5
aru 1 2
arui 2 4
arw 0 3
arwes 4 6
ary 1 2
asa 0 1
asad 2 3
asag 2 3
asak 1 3
asap 2 4
asc 1 2
asce 1 3
ase 0 2
asec 1 2
aseg 1 4
asera 3 5
asetj 3 6
aset 3 4
aseve 4 6
asev 3 5
asha 2 3
ash 2 3
asis 2 5
asi 1 2
asj 1 4
asja 2 3
asji 2 3
ask 1 4
aska 2 3
aski 2 4
asl 2 4
aslu 2 3
asm 2 3
asmi 2 3
asn 2 4
asne 2 3
asni 2 3
aso 0 1
asob 2 4
asol 2 4
asor 3 4
asp 2 3
aspl 1 5
asq 1 3
assa 2 3
ass 1 4
assm 0 4
assu 0 3
ast 1 3
asta 0 3
asta. 1 4
astag 2 3
astas 1 3
astat 2 5
aste 2 3
astek 1 2
astem 1 4
asten 2 4
asté 2 3
astingsp 6 8
asti 2 3
asting 4 5
astings 5 7
asto 2 3
astob 1 5
astop 2 4
astr 0 5
astrem 3 4
astro. 2 5
astu 1 3
at 1 2
ataartj 3 8
ataa 3 5
ataart 4 5
atac 1 3
atade 2 4
atad 1 2
ataf. 1 4
atank 2 5
atas 1 4
atek 0 1
ate 1 2
atell 1 5
atel 2 3
aten 2 4
ateno 3 4
atentr 4 7
atent 1 4
aterad 3 5
ater 2 3
atersl 4 7
aters 3 4
ateu 2 3
atg 0 4
athu 1 3
atini 3 4
ati 1 2
atj 1 4
atje 2 3
atjes 4 6
atjesb 2 6
atjesh 2 6
atjesm 2 6
atjesp 2 5
atm 0 3
atn 0 3
atoo 1 5
atoog 2 5
atosf 3 5
atos 1 5
atost 3 5
atrac 2 3
atr 3 4
atrei 2 5
atrib 2 5
atroe 2 5
atru 2 3
atsa 2 5
ats 1 2
atsec 2 4
atse 2 3
atsi 2 5
atsid 2 4
atsl 2 5
atslo 2 3
atsm 3 4
atsn 3 5
atsne 2 4
atspr 3 6
atst 2 4
atstaa 2 7
atsta 2 3
atstak 2 4
atste. 2 5
atste 2 4
atsten 2 5
atstij 2 6
atsti 2 4
atstol 3 5
atsto 2 3
atstop. 3 6
atstop 3 4
atstrek 3 4
atstr 2 6
attu 2 5
att 1 3
atui 1 4
atw 1 3
aua 2 4
auch 2 3
auc 1 2
auco 2 3
aude 2 3
aud 2 3
audj 2 4
aug 0 1
auna 2 3
aunt 2 4
aup 1 4
aur 3 4
aure 2 4
aureu 4 5
aus 0 1
auso 2 5
ausp 2 4
austo 2 3
aust 3 4
aut 2 4
aut. 0 3
auto 0 3
autop 4 5
auts 0 5
auwa 3 4
auz 0 3
aü 1 2
avast 3 6
av 1 3
avec 3 4
ave 2 3
avee 3 5
aveni 3 5
avensp 4 6
avens 3 4
avera 4 5
aver 3 4
avere 3 4
averu 3 5
avi 0 2
avo 1 2
avon 0 2
avoo 1 5
avor 1 2
avy 0 4
aw 0 2
axis 2 5
aya 2 3
azif 0 3
az 1 2
azi 2 3
äh 1 2
ämme 2 5
ämm 1 3
är 1 2
b 0 1
b. 0 1
ba 0 1
baarste 4 6
baa 2 4
baars 3 5
baarst 4 6
baartj 2 7
baart 3 4
bada 2 3
badar 3 6
badr 2 5
bads 1 4
bagh 2 4
bagl 1 5
bak 0 2
bako 2 5
baksp 3 4
baks 1 3
balan 2 4
bala 2 3
balar 2 3
baldw 3 5
bald 1 3
bale 2 5
balev 3 6
balië 2 5
bali 2 3
balkl 3 6
balo 2 3
bals 2 5
balsf 3 5
bame 2 3
bana 2 4
banka 3 5
bank 2 4
bankl 3 6
banko 3 5
bankr 3 6
bankw 3 5
basa 1 3
bast 2 4
batr 2 5
bat 2 3
batro 2 3
bb 0 2
bbelag 3 5
bbe 1 3
bbela 3 4
bbelee 3 7
bbele 3 4
bben 3 4
bbena 3 5
bc 0 2
bd 0 3
bde 1 2
bdia 3 4
bdi 1 2
be 0 2
bea 1 3
beas 2 3
beau 2 3
bech 2 3
bedwe 2 4
bed 2 3
bedw 2 4
bedwi 2 4
bedwo 2 4
bee 2 4
beet 3 5
beg 1 3
beie 2 5
bei 2 3
beis 2 4
beitj 3 6
beit 1 5
beki 2 3
bekl 2 5
bekw 2 3
belar 2 3
bela 2 3
belas 2 4
beldr 3 6
beld 2 3
bele 2 3
belec 2 4
belex 2 3
belf 3 4
beli 1 3
belint 2 5
belk 3 4
belo 1 4
belov 2 6
belsc 3 4
bels 2 3
belsp 3 4
belt 2 5
bemens 4 6
beme 2 3
bemen 2 3
benep 2 5
bene 2 3
beno 2 4
beot 2 3
beo 2 3
bera 2 3
beres 4 6
bere 2 3
bergaf 3 5
berg 3 4
berga 3 4
berget 3 5
berge 3 4
bergl 3 6
bergr 3 6
beri 2 4
bero 2 4
berov 3 6
beru 2 3
bery 2 3
bes 2 4
besac 2 4
besh 2 4
besje 2 4
besj 4 5
beso 2 3
besp 2 3
bess 2 5
beste. 2 5
best 3 4
beste 3 4
besten. 2 6
besten 3 5
bestie 2 5
besti 3 4
bet 3 4
beth 2 4
beton 2 3
beto 2 3
betren 3 4
betr 2 5
betw 2 4
betwi 2 4
beund 2 4
beurs 3 5
bf 0 2
bg 0 2
bh 0 2
bi 0 2
bids 2 5
bidu 2 3
bieli 2 4
bie 1 2
bien 2 3
bietj 3 6
bijd 1 4
bij 2 3
bijf 3 4
bijg 3 5
bijk 2 5
bijp 3 4
bijs 2 5
bika 2 4
bik 1 2
bil 0 1
bilo 2 3
bils 2 5
bindr 3 6
bind 2 3
binst 3 5
bins 2 3
bintj 3 6
bint 2 3
biob 0 4
bio 1 3
biok 2 3
biom 2 3
bioso 2 5
bios 2 4
biow 2 3
bir 3 4
bist 2 4
bis 1 2
bistroo 3 8
bistr 2 6
bitr 2 5
bit 1 2
bitse 3 4
bits 2 3
bitsp 3 5
bj 0 2
bk 0 2
bl 0 2
bladij 4 6
bladi 2 5
blap 0 2
bled 1 4
bles 3 5
blespe 3 4
blesp 3 4
blet 3 5
blid 1 2
bli 1 2
blijs 1 6
blij 3 4
blijste 4 6
blijst 2 6
blik 2 4
bloi 0 3
blokl 3 6
blok 2 3
blootj 4 7
bloo 3 5
bloot 4 5
blus 3 4
bm 0 2
bn 0 2
bo 1 2
bodec 2 4
bode 2 3
body 2 5
boega 3 5
boe 2 3
boeg 2 4
boekn 3 6
boeko 3 4
boes 4 5
boest 3 5
boetst 4 6
boets 3 4
bofl 2 5
bok 1 3
bokan 3 4
boka 2 3
bokje 5 6
bokj 3 4
bokst 3 6
boks 2 3
bolk 4 5
boma 1 5
bomo 1 4
bona 2 3
bond 2 5
bonds 3 6
bone 0 3
bono 2 3
bontj 3 6
bont 2 3
bonto 3 6
bootj 3 6
boo 2 4
boot 3 4
bootste. 4 7
boots 3 4
bootste 4 6
bootst 5 6
bop 2 4
borsta 3 4
bors 2 3
borst 3 5
borsto 3 6
borstr 3 7
bos 1 3
bosa 3 4
bosco 2 4
bosc 1 4
bosi 2 3
boso 2 4
bosp 3 4
bosto 3 4
bost 2 4
botj 2 5
boto 2 3
botr 1 5
botsp 3 4
bots 2 3
botst 3 5
botu 2 3
bouta 3 4
bouws 3 5
bov 2 4
bove 3 5
bp 0 2
br 0 3
braads 3 6
braa 2 5
braad 2 3
branda 2 5
brand 3 4
brastr 2 7
brast 3 5
breis 3 6
brei 3 4
briet 4 5
brie 2 3
brietje. 4 7
brietj 4 7
bril 3 4
bron 3 4
brono 2 6
brul 3 4
bs 0 3
bsa 1 3
bsc 1 2
bsi 1 2
bsid 3 4
bsje 2 3
bsj 3 4
bsla 1 3
bsl 2 4
bsm 1 3
bss 1 4
bstij 1 5
bst 2 3
bsti 2 3
bt 0 3
bta 1 2
btr 1 4
bts 1 4
bu 0 2
buitj 3 6
bui 2 3
buit 2 3
bulk 3 4
bulu 2 3
bunet 4 5
bune 2 3
burb 0 4
buri 2 3
busc 2 4
buso 3 5
buta 2 4
butj 2 5
buto 2 3
buts 2 4
butste 3 5
butst 3 5
buurtj 4 7
buu 2 4
buurt 3 4
bv 0 3
bw 0 2
by 2 3
bz 0 2
c. 0 1
ca 0 1
ca. 0 2
cab 2 3
cach 2 3
cada 0 3
cado 2 3
cadr 2 5
cae 1 4
cag 2 4
call 2 5
calo 2 3
camer 4 5
came 2 3
cana 2 3
cant 2 5
caof 2 3
cao 1 3
capr 1 5
capra 2 4
capri 2 3
cara 2 3
caru 2 4
case 1 3
casp 2 4
cast 2 4
castr 1 6
cata 2 3
cat 2 3
caten 3 5
cate 2 3
cath 2 4
cau 3 4
caust 3 5
caus 1 2
cav 2 4
cb 0 2
cc 0 2
cca 1 4
cces 3 5
cce 1 2
cd 1 2
cdo 1 2
ce 0 1
ced 0 3
cee 2 4
ceel 0 4
cel 0 1
celd 2 4
celes 2 6
cele 2 3
celi 1 3
celk 3 4
celo 1 4
cena 0 4
cene 0 3
ceno 2 3
cent 0 3
centj 3 6
ceo 2 4
cera 2 3
cern 2 4
cero 2 3
certr 3 6
cert 2 3
ces 2 3
cesa 2 4
cesc 2 3
cesh 2 4
cesta 2 3
cest 3 4
cesti 2 4
cesur 4 5
cesu 2 3
ceta 2 3
cetj 2 5
ceto 2 5
cetog 3 4
cetoo 3 6
cé 0 1
cg 1 2
ch. 0 2
chaï 0 4
chao 0 4
chas 0 1
chau 0 1
chauf 0 1
chc 0 1
chef 0 4
che 2 3
chef. 0 4
chefs 0 5
chemi 0 4
cheq 0 4
cheri 3 5
cheru 3 4
ches 0 1
cheus 3 4
ché 0 1
chir 0 5
chn 0 3
chp 0 3
chromo 0 5
chr 1 2
cht 0 2
chw 0 3
chy 0 1
ci 0 1
ciab 2 4
cia 2 3
ciam 2 3
ciek 2 4
cie 1 2
ciers 3 6
cieu 2 4
cij 0 3
cil 0 1
cile 1 3
cilm 2 4
cind 0 3
cio 1 3
ciom 2 3
cir 0 1
cit 1 4
cita 2 3
cj 1 2
cka 1 3
cked 1 4
cke 1 2
ckef 1 3
ckere 3 4
cket 1 3
ckid 1 4
cki 1 2
ckl 1 4
ckle 2 3
ckn 1 4
cko 1 4
ckr 1 4
ckse 2 5
cks 1 2
ckso 2 5
ckst 2 4
cky 1 4
cl 0 2
clan 2 4
cleu 3 4
clu 0 1
cn 0 2
co 0 1
coad 2 3
coa 1 2
cod 2 3
coi 1 3
coin 4 5
cok 1 4
cola 2 3
com 0 1
cond 0 3
cong 2 4
cono 0 3
cons 0 3
cont 0 5
coo 0 4
cop 0 4
copa 0 2
copi 0 3
cordr 3 6
cord 2 4
corel 2 3
core 2 3
cori 2 3
coro 3 4
corr 0 4
cors 2 5
coru 2 4
cosc 1 4
cos 1 2
cose 2 3
cosp 2 3
coth 2 3
cotr 1 5
coun 0 1
cout 0 1
cov 2 4
cp 1 3
cr 0 3
cras 0 1
cred 3 4
crip 0 1
cris 0 3
crof 3 4
crok 2 4
croo 3 5
crov 3 5
crus 2 5
cso 1 2
csp 1 2
cste 1 3
cst 2 3
ct 0 2
ctact 0 5
ctac 1 2
ctad 1 3
ctc 1 3
cteet 4 5
cte 1 2
ctee 3 5
cten 2 5
cth 1 3
ctj 1 4
ctof 1 4
ctol 1 3
cton 1 3
ctor 2 3
ctrap 2 3
ctr 3 4
ctre 1 3
ctsl 2 5
cts 1 2
ctsp 2 3
cu 0 2
cud 2 4
cuen 2 3
cués 2 3
cuis 1 4
cui 2 3
cuit 2 4
cuite 3 5
cuk 1 4
culap 4 5
cula 2 3
cura 2 3
curs 0 4
cuso 3 5
cw 1 2
cy 0 1
ç 0 1
çao 1 3
d. 0 1
da 0 1
da. 0 2
daag 0 2
daa 2 4
daal 1 2
daap 1 2
daare 3 6
daat 0 4
dabo 0 4
dab 2 3
dacc 0 4
dace 1 3
daden 2 3
dade 2 3
dadr 0 5
dae 0 2
daf 0 2
dag 0 1
daga 2 5
dage 2 3
daged 2 6
daget 2 5
dagon 2 4
dago 2 3
dagr 2 5
dagst 3 5
dags 2 3
dagu 2 3
dai 0 1
daï 2 3
dake 2 3
daker 2 3
dakk 0 5
dakr 2 5
dala 0 3
dalar 1 2
dalc 1 4
dale 2 3
dalf 0 1
dali 2 3
dalm 0 3
dalu 2 4
dam 1 2
dama 2 4
damac 2 4
damat 1 5
dame 1 5
dames 3 6
dampl 3 6
damp 2 4
dana 0 3
danas 3 6
dankl 3 6
dank 2 4
danoot 2 7
dano 2 3
danoo 4 6
dansi 3 4
dans 1 3
dansm 3 5
dansp 3 5
danst 3 5
dansta 3 5
dantw 0 5
dant 2 3
dap 0 2
dape 0 3
dapu 0 4
dara 2 4
darb 1 4
dare 0 3
dari 0 3
darmo 3 4
darm 3 4
darmon 4 5
daro 0 3
dars 2 4
darst 3 5
das 0 4
dasa 0 2
dastu 2 4
dast 2 4
dat 0 3
data 2 3
datj 2 5
datl 0 4
datm 0 4
datr 2 5
daue 0 1
daut 0 5
dauw 0 1
db 0 2
dbei 3 5
dbe 1 3
dbouwi 4 6
dbo 2 3
dc 0 2
dd 0 3
ddags 3 6
dda 1 2
ddag 1 2
ddagsp 4 6
ddelev 3 7
dde 1 2
ddele 3 4
dden 3 4
ddena 3 5
ddera 5 6
dderal 4 5
ddere 3 6
dderee 4 6
dderep 3 5
ddero 4 5
ddia 3 4
ddi 1 2
ddles 1 5
ddl 1 3
ddo 1 2
ddop 1 4
de 0 1
de. 0 2
deal 2 3
dea 1 2
dech 2 3
deden 1 3
ded 2 3
dede 2 3
dedir 0 2
dedi 2 3
dedit 2 4
deeg 2 5
dee 2 3
deel 3 4
deeli 2 5
deen 0 4
deer 3 4
deff 0 4
deg 1 3
deg. 0 3
degg 0 5
degy 0 3
dei 0 3
deie 1 4
deig 1 2
deil 1 2
deis 1 3
deiw 1 4
dek 0 1
deke 2 3
deklu 3 4
dekl 2 5
dekw 3 4
delaa 3 6
dela 2 3
delda 3 4
deld 2 3
deldr 3 6
deleek 3 6
dele 2 3
delee 4 6
delek 0 3
delem 0 3
delev 2 6
delit 0 4
deli 1 3
delk 3 4
dels 2 4
delse 3 5
delsi 3 5
delso 3 4
demai 0 3
dema 1 3
demh 0 4
demi 0 3
demond 3 5
demo 2 3
den. 1 3
denac 2 4
dena 2 3
denate 3 5
denat 2 5
denei 2 5
dene 2 3
denep 2 5
denev 3 6
dengt 0 4
deng 2 3
denkof 3 5
denk 2 4
denko 3 4
denoc 2 3
denor 3 5
densh 3 5
dens 2 3
denstr 3 7
denst 4 5
denu 2 3
denvl 0 4
denv 2 5
deo 2 3
deofo 2 4
deol 2 3
deoli 3 4
deov 3 5
derab 2 5
derad 2 4
derag 3 5
derak 2 3
deram 2 3
deran 2 3
derap 2 3
deras 2 3
deras. 2 5
derass 2 7
dere 2 4
derede 0 5
dered 4 5
deregd 2 5
dereg 2 5
derei 2 5
derem 2 4
deren 2 5
derep 2 3
deret 2 3
derij 2 5
deri 2 3
derim 2 4
derk 3 5
deron 3 4
deror 2 5
deros 0 4
dersa 3 5
ders 2 3
dersom 3 5
derso 3 4
derste 3 5
derst 3 5
dersto 3 4
derstra 3 4
derstr 3 7
derth 3 5
dert 2 3
derts 0 4
dertw 3 5
deru 2 4
derup 2 4
des 2 3
desav 2 6
desm 3 4
desn 2 5
desp 2 4
despe 2 3
despel 2 5
despl 2 6
dessm 3 5
dess 2 5
dest 2 4
destak 2 4
destal 2 5
deste 2 4
desti 2 4
destic 2 5
destop 3 4
det 2 4
detap 0 3
deta 2 3
detw 2 4
deuro 3 6
deus. 2 4
deutj 3 6
deve 3 5
dev 2 4
dex 0 1
dexa 0 2
dexp 0 4
dè 0 3
df 0 2
dg 0 2
dgaf 1 2
dga 1 2
dgela 3 4
dge 1 2
dget 3 4
dgeto 3 6
dgeton 4 5
dgetov 4 7
dgetr 3 6
dgl 2 4
dh 0 2
dhe 1 3
dheer 4 6
dhee 3 4
dhi. 0 3
di 0 1
dia 2 3
diae 2 3
diak 2 3
diano 2 5
dian 2 3
dias 3 5
diatr 2 6
diat 2 4
dich 0 1
dic 1 2
dido 2 3
dief 3 4
die 1 2
diero 3 5
diesr 2 5
diest 3 5
diet 3 4
dietr 3 6
dieu 2 4
dig 0 1
diga 2 4
digaa 3 6
diges 2 6
dige 2 3
dijkr 3 6
dij 2 3
dijk 2 3
dijo 2 5
dijz 0 4
diko 2 5
dik 1 2
dil 0 1
dimp 0 4
dina 2 4
dind 0 3
dinf 0 4
ding. 0 4
ding 2 3
dingel 0 2
dinge 3 4
dinj 0 5
dinko 0 4
dink 2 4
dinr 0 4
dins 0 3
dint 0 3
dintel 4 7
dinte 3 4
dinv 0 5
dinw 0 4
dinz 0 4
dio 1 3
diofon 2 3
diof 3 4
diofo 2 4
diol 2 3
dione 2 4
dion 2 3
dioni 2 4
dios 2 4
diosc 2 5
diro 0 3
dirr 0 4
dis 0 3
disag 3 5
disa 2 3
dise 2 3
disi 2 3
diskr 3 6
disk 2 5
disp 3 4
dist 2 4
distr 2 6
dith 2 3
dit 1 2
ditj 2 5
ditr 3 5
div 0 4
dj 0 2
dk 0 3
dl 0 2
dle. 1 3
dlin 3 4
dli 1 2
dlots 3 5
dm 0 2
dn 0 3
dne 1 2
dnis 1 4
dni 1 2
do 0 1
do. 0 2
doa 1 3
dobj 0 4
dob 1 3
dobs 0 5
doe 0 3
doe. 0 3
doed 3 4
doef 0 1
doefe 1 4
doek 0 1
doen 0 1
doet 0 1
doev 0 5
doi 0 2
dole 1 3
doli 0 3
dolin 1 3
dolks 3 5
dols 0 4
dom. 0 3
domi 0 4
domo 1 5
domr 1 4
domsn 3 6
doms 2 3
domu 0 3
domv 1 5
domz 0 4
don. 0 3
dona 1 3
done 0 3
doni 2 3
donn 0 4
dono 0 4
donu 2 3
dony 2 3
donz 0 4
dop 0 1
dopa 1 3
dopb 1 5
dopd 1 5
dopee 2 6
dopj 0 4
dopl 0 5
dopo 0 3
dops 1 3
dopz 1 4
dorg 0 4
dorië 1 5
dori 2 3
dork 1 2
dorsm 4 5
dors 2 3
dosp 2 3
dos 1 2
dosta 2 4
dost 2 4
dotj 2 5
dou 0 1
dov 0 4
dovers 4 6
dove 3 4
dover 4 5
dovl 0 3
dovo 0 3
dp 0 2
dpren 5 6
dpr 3 4
dr 0 3
dra 0 1
dra. 0 3
draam 1 2
draa 2 5
draap 1 2
drac 1 2
drace 1 4
drach 0 1
drad. 1 4
drada 1 5
draf 0 1
drag 0 2
drama 1 4
drame 1 4
drand 0 4
drap 0 1
dras 0 1
draz 0 4
dre 0 1
drec 0 2
dreco 1 4
dred 1 4
dree 1 4
dreek 0 5
drend 0 4
dress 1 6
dret 0 1
drev 0 5
dreve 0 5
dric 1 3
dries 5 6
drie 2 3
drif 0 3
driga 3 5
drig 2 3
drijd 1 3
drij 3 4
drijk 1 4
drijm 1 2
drijs 1 4
drin 0 2
dris 0 3
drit 0 3
droei 0 5
droe 3 4
droer 1 3
drog 0 2
drok 0 3
droma 1 4
drond 1 4
droog 0 5
droo 3 5
droos 0 5
drop 0 1
drou 0 1
drov 0 5
droz 0 4
drugs 3 5
drug 3 4
druim 1 3
drui 3 4
druit 1 4
druk 0 4
drus 0 4
ds 0 1
dsa 1 4
dsaa 1 5
dsab 1 4
dsal 1 3
dsate 1 4
dsat 1 4
dsch 1 5
dsc 1 2
dschi 1 3
dse 1 4
dseco 2 4
dsed 1 4
dsee 1 4
dsef 1 2
dsei 1 4
dseis 1 4
dself 1 3
dsel 2 3
dseli 2 4
dsen 1 3
dses 1 3
dset 1 4
dsh 1 3
dsho 2 3
dsi 1 4
dsid 1 3
dsiga 3 5
dsig 1 3
dsim 2 3
dsing 2 6
dsis 2 4
dsj 1 4
dsjo 2 3
dsjon 1 4
dsl 2 4
dsla 1 2
dslas 1 3
dslic 1 4
dsli 2 3
dslie 1 4
dslim 2 5
dslin 1 2
dsm 1 3
dsmak 2 3
dsma 2 3
dsmij 1 5
dsmi 2 3
dsmo 2 3
dsn 2 4
dsne 2 3
dsneu 2 5
dsnu 1 2
dso 2 4
dsob 2 4
dsom 2 3
dson 1 2
dsoo 1 5
dsop 1 3
dspa 1 4
dspan 1 3
dspati 2 5
dspat 4 5
dspec 1 2
dspel 1 4
dspet 1 3
dspi 1 2
dspl 1 5
dspoe 1 5
dspo 3 4
dspok 1 4
dspor 1 2
dss 1 4
dst 2 4
dsta 1 2
dstaat 1 6
dstaa 4 6
dstab 1 5
dstak 2 3
dstal 1 4
dstan 2 3
dstat 1 5
dstav 1 6
dste 1 3
dste. 2 4
dstee 1 6
dstek 1 2
dster 2 4
dsterr 1 6
dstev 1 6
dsth 1 3
dsti 1 3
dstit 1 4
dsto 1 2
dstram 2 3
dstr 1 5
dstrekk 2 8
dsty 1 5
dsu 1 4
dsure 2 5
dsuu 2 5
dsy 1 3
dt 0 1
dta 1 2
dtaartj 3 8
dtaa 3 5
dtaart 4 5
dth 1 2
dtj 1 4
dto 1 2
dtr 1 4
dtu 1 2
du 0 1
duca 0 3
duc 1 2
due 0 1
duen 2 3
duet 2 3
duid 0 1
dui 2 3
duif 0 3
duik 0 3
duil 1 2
duit 0 3
duit. 0 4
duitd 1 6
duite 0 4
duitg 0 6
duitv 1 6
duiv 0 5
dun 2 3
duni 2 4
duo 2 3
duol 2 3
durf 0 2
durv 0 5
dus 0 3
dutj 2 5
duwen 2 5
duwe 2 3
dv 0 3
dvaat 4 6
dvaa 3 5
dvee 3 5
dve 2 3
dvena 3 4
dvies 4 6
dvi 1 2
dvie 2 3
dw 0 1
dwac 1 2
dwas 1 2
dwat 1 4
dwe 1 2
dwei 0 4
dwek 1 2
dwet 1 2
dwez 1 4
dwi 1 2
dwo 0 2
dwor 1 2
dwr 1 2
dy 0 1
dyo 0 3
dysp 2 4
dys 3 4
dyst 2 4
dz 0 2
e. 0 1
ea 0 1
eaa 1 4
eab 1 3
eabo 2 4
eac 1 2
eaca 2 3
eact 2 4
ead 1 2
eada 2 3
eadem 1 2
eade 2 3
eado 2 3
eads 1 5
eadsh 3 5
eaf 1 2
eag 1 2
eai 1 2
eako 2 5
eal 1 2
eala 2 3
eali 1 3
eals 1 3
eami 2 4
ean 1 2
ean. 1 3
eang 2 5
eans 1 4
eap 1 2
eapr 1 5
eaq 1 3
ear 1 2
earc 3 4
eas 1 2
easc 1 3
ease 1 4
easet 4 5
easo 1 3
eat 1 3
eat. 1 3
eats 2 4
eaust 3 5
eaus 1 2
eav 1 4
ebo 1 3
eb 1 2
ebotste. 4 7
ebotst 4 6
ebots 3 4
ebotste 4 6
ebr 1 4
ecd 0 3
ece 1 2
eche 1 4
echi 1 2
echtec 3 5
echt 1 3
echte 3 4
echtso 4 6
echts 3 4
echu 1 2
eck 0 1
ecle 2 3
ecl 1 3
ecor 0 1
eco 1 2
ect 0 3
ecta 2 3
ectaa 2 6
ecz 0 3
ed 1 2
edag 1 3
eda 1 2
edam 1 3
edan 1 3
edas 1 5
edea 2 4
ede 1 2
edei. 2 4
edei 1 4
edele 3 4
edem 4 5
edenac 3 5
edena 3 4
edeo 3 4
eder 2 3
ederns 1 7
edern 3 5
ederog 3 6
edial 3 4
edi 1 2
edia 3 4
ediam 3 4
edie 1 3
edir 0 1
edoetj 4 7
edo 1 2
edoe 1 4
edoet 1 2
edoo 1 5
edopv 2 6
edop 1 2
edorste 4 6
edors 3 4
edorst 4 6
edov 1 5
edr 1 4
edrod 2 3
edrol 2 3
eds 1 3
edse 2 5
edsl 2 5
edso 2 5
edsp 2 3
edsu 2 5
eduit 1 4
edu 1 2
edui 3 4
edw 1 3
edwan 1 2
ee 1 2
eea 1 4
eeb 2 3
eeca 2 3
eeche 2 5
eeda 2 4
eed 2 3
eedac 3 4
eedas 2 6
eede 2 3
eedo 2 3
eedru 3 4
eedr 2 5
eedsi 3 6
eeds 2 4
eedw 2 4
eef 2 3
eefa 2 3
eefac 3 4
eefi 1 3
eefl 2 5
eefr 2 5
eegap 2 3
eeg 1 3
eega 2 3
eegl 2 5
eei 2 3
eek 2 3
eeka 2 3
eekaa 2 6
eekak 3 4
eekall 3 6
eeke 2 4
eeket 2 4
eeki 2 3
eekl 2 5
eeklo 2 4
eekn 2 5
eekre 3 4
eekr 2 5
eekri 2 3
eekro 3 4
eekst 3 5
eeks 2 3
eekw 3 4
eel 2 3
eela 2 4
eelad 2 3
eelas. 2 5
eeldu 3 5
eeld 2 3
eele 2 3
eelee 1 6
eeli 1 3
eelij 2 5
eelk 3 5
eelob 2 5
eelo 1 3
eelog 3 6
eeloge 4 5
eelu 1 5
eelur 3 4
eeluu 3 6
eem 0 1
eema 1 5
een 2 3
eena 2 4
eenar 4 5
eene 2 5
eeng 2 4
eeni 2 3
eenie 2 4
eenk 2 4
eeo 2 4
eepa 2 3
eepan 3 4
eepl 2 5
eepo 2 5
eepre 2 4
eepr 2 5
eepru 3 4
eer 2 3
eera 3 4
eeraa 2 6
eerad 2 3
eeral 4 5
eeram 2 3
eeran 2 3
eere 2 3
eeree 1 5
eerei 2 5
eeri 2 4
eeric 2 4
eerk 3 4
eerog 3 5
eeroom 3 4
eeroo 4 6
eerot 2 3
eerston 3 4
eers 2 3
eerst 3 5
eersto 3 4
eerstr 3 7
ees 2 4
eesch 2 6
eesc 2 3
eesem 2 4
eese 2 4
eeset 3 5
eesj 2 5
eeslo 3 4
eesl 2 5
eesn 2 5
eesp 2 4
eespl 2 6
eespot 3 4
eespo 4 5
eesten 3 5
eest 3 4
eeste 3 4
eestu 2 3
eet 2 3
eetaa 3 6
eeta 2 3
eetal 2 4
eetan 2 3
eete 2 3
eeth 2 4
eetj 2 5
eetna 3 6
eetn 2 4
eeto 2 3
eetog 3 4
eetoge 4 5
eetoo 3 6
eetor 4 5
eetr 2 5
eetro 2 3
eetrok 3 5
eetsp 3 4
eets 2 3
eetste 3 5
eetst 4 5
eev 2 4
eez 2 3
eën 1 4
eë 1 2
eër 1 2
efad 1 3
efa 1 2
efaz 3 4
efdel 4 5
efd 1 2
efde 2 3
efdo 2 3
efei 2 4
efe 1 2
efer 1 3
efi 0 2
efiet 4 5
efie 1 3
efietj 4 7
efins 2 4
efis 1 5
efl 1 4
efli 2 3
efloo 2 6
eflu 1 2
efom 2 3
efo 1 2
efoo 1 5
efop 1 4
efr 1 4
efrij 2 5
efron 1 2
efsf 2 4
efs 1 3
eg 0 2
egas 3 5
ega 1 2
egas. 2 4
egask 3 6
egebb 1 5
ege 1 2
egeb 3 4
egec 1 4
egeig 1 3
egei 3 4
egelei. 4 6
egele 3 5
egelei 5 6
egelov 3 7
egelo 1 5
egenet 3 4
egene 1 4
egenof 3 5
egeno 3 4
egera 3 4
egereng 4 6
egere 3 4
egero 3 5
egeron 4 5
egi 1 3
egijz 1 5
egij 1 4
egip 4 5
egiste 4 7
egis 1 3
egist 3 5
egl 1 4
ego. 1 3
ego 1 2
egorg 2 5
egos 1 5
egoud 2 5
egraf 1 2
egr 1 4
egra 1 2
egs 1 4
egsle 2 4
egsl 3 5
egso 2 5
egur 1 4
egu 1 2
egut 4 5
eguu 1 5
eh 1 3
eha 1 2
eheis 3 6
ehe 2 3
ehei 3 4
ehit 2 5
ei 1 2
eia 2 3
eid 0 1
eido 2 3
eidsc 3 4
eids 2 5
eie 1 3
eien 0 1
eiens 3 5
eiere 3 4
eif 1 4
eigl 2 5
eign 0 4
eij 1 3
eikl 2 5
eik 1 2
eikn 2 5
eikr 2 5
eiks 2 5
eil. 0 3
eilant 3 5
eila 2 3
eilan 3 4
eild 0 5
eildr 3 6
eile 0 3
eilev 2 6
eilm 2 4
eilo 2 4
einab 2 5
eina 2 3
einac 2 4
eindo 3 4
eind 2 3
eindoo 4 7
eindr 3 6
eingr 3 6
eing 2 3
eink 2 4
eino 2 3
einsl 3 6
eins 2 3
eio 1 3
eisa 2 3
eis 1 2
eisha 2 3
eish 2 4
eisla 2 4
eisl 3 5
eislo 2 3
eisp 3 4
eista 2 4
eist 2 4
eit 0 4
eitoo 2 6
eito 2 3
eits 2 5
eitsc 3 5
eitsn 4 6
eitste. 3 6
eitste 3 5
eitst 4 5
eitsten 3 6
eitstr 3 7
eive 2 5
eiv 2 4
eiz 0 3
ej 1 3
eje 1 2
ekaan 2 3
eka 1 2
ekaa 3 5
ekaartj 3 8
ekaart 1 5
ekaat 4 6
ekaf. 2 4
ekaf 1 2
ekag 1 4
ekal. 2 4
ekalt 1 5
ekam 1 2
ekang 1 4
ekee 2 4
eke 1 2
ekei 2 4
ekem 1 2
eker. 1 4
ekers 1 4
ekes 3 5
ekest 4 5
ekestr 3 7
eket 1 3
eketer 2 5
ekete 3 4
ekic 1 3
eki 1 2
ekil 1 2
ekis 1 3
eklam 4 5
ekl 1 4
eklama 4 6
eklev 2 6
eklim 1 3
ekli 2 3
ekloos 2 6
ekloo 4 6
ekni 2 5
ekn 1 4
eko 1 2
ekob 1 4
ekof 1 2
ekoli 2 4
ekopz 1 5
ekor 1 2
ekos. 1 4
ekos 1 5
ekoss 1 6
ekran 1 2
ekr 1 4
ekra 1 2
ekroz 2 5
ekse 2 5
eks 1 2
ekserv 2 7
ekset 2 5
ekstr 2 6
ekst 3 4
ekstra 3 4
ekte 2 4
ekt 1 2
ekto 2 3
eku 1 4
ekuit 1 4
ekui 3 4
ekur 2 4
ekuu 2 5
ekwetste 5 7
ekwets 1 5
ekwetst 5 7
ekwin 1 3
ela 1 2
elaan 1 3
elaa 3 5
elaand 1 5
elac 1 3
elade 2 4
eladj 1 5
eladm 1 5
eladr 1 6
eladv 1 6
elaf 1 4
elal 1 3
elan 1 3
elana 1 4
elap 1 2
elap. 1 4
elapp 1 5
elarb 2 5
elarc 2 5
elarm 1 5
elart 2 4
elas. 1 4
elasi 2 4
elasp 1 5
elass 1 6
elau 1 3
elaut 1 6
elaz 1 4
elazi 1 5
eldec 2 3
eld 1 2
elde 2 3
eldr 2 5
eldu 2 3
ele 1 2
ele. 1 3
eleeu 1 3
elee 3 5
eleff 1 5
eleid 1 3
elei 3 4
eleier 1 3
eleie 3 5
eleig 1 3
eleis 2 5
elel 1 2
elem 0 2
elemp 2 5
elen 1 3
eler 1 2
elera 1 5
elers 3 5
elerv 2 6
eles 1 4
elest 4 5
eleta 1 4
eletr 3 6
eletu 1 5
elexc 1 5
elé 1 2
elfid 4 5
elfi 2 3
elfl 2 5
elfs 2 5
elgu 2 3
elg 1 3
eli 0 2
elie 1 3
elig 1 3
elikw 3 5
elik 2 3
elimp 1 5
elind 1 4
eling 1 4
elinkt 1 5
elink 3 5
elinz 1 5
elix 0 2
elkee 2 5
elke 2 3
elks 2 4
elkur 2 5
elku 2 3
elkw 2 3
elo 0 2
eloep 1 3
eloe 3 4
eloes 1 3
elok 1 3
elol 1 4
eloms 2 4
elond 1 4
elont 1 4
eloo 1 5
elood 1 5
eloos 1 5
elops 2 4
elopt 1 5
elopv 1 6
elor 1 4
elorg 1 5
elotj 3 6
elou 1 2
elove 1 5
elov 3 5
eloz 1 4
elpo 2 4
elp 1 2
elps 2 3
elsem 2 4
els 1 2
else 2 3
elsk 2 5
elsmed 2 6
elsm 3 4
elsme 3 4
eltwe 2 3
elt 1 3
eltw 2 4
elu 0 2
eluit 1 4
elui 3 4
eluks 3 6
eluk 2 3
ema 0 2
emana 1 4
emasc 3 4
emato 3 4
emat 3 4
emees 1 6
eme 1 2
emee 3 4
emenste 4 6
emen 1 2
emens 3 4
emenst 5 6
emers 3 5
emes 2 5
emietj 4 7
emi 1 2
emie 2 3
emok 1 3
emo 1 2
emoli 1 4
emop 1 3
emorg 2 5
emorsten 4 7
emorst 4 6
emors 3 4
emorste 4 6
emov 1 5
emsa 2 3
ems 1 2
emsc 2 4
emsli 2 4
emsl 2 5
emsm 2 4
emst 2 4
emsu 2 3
emuit 1 4
emu 1 2
emui 3 4
emut 1 5
enaap 1 3
ena 1 2
enaa 3 5
enaar 1 2
enaas 1 3
enac 1 3
enacc 1 5
enaf 1 3
enak 1 3
enal 1 2
enal. 2 4
enals 2 4
enamb 1 5
enam 1 2
ename 2 4
enan 1 2
enang 1 4
enap 1 4
enari 1 4
enars 1 5
enas 1 5
enasp 3 5
enat 1 4
enatel 3 5
enate 3 4
enatt 1 5
enav 1 5
enaz 1 4
enci 2 5
enc 1 3
ency. 0 1
ency 2 3
enda 2 3
end 1 2
endaa 2 6
endama 3 6
endam 3 4
enderti 0 7
ende 2 3
endert 4 5
endo 2 4
endr 2 5
endrek 2 4
endre 2 4
enec 1 4
ene 1 2
enede 3 6
ened 3 4
enee 1 5
eneed 1 5
eneet 4 5
eneg. 2 4
eneg 2 5
enegg 2 6
enela 2 4
enelf 1 3
enema 2 4
enem 1 2
enent 1 5
enen 3 4
enep 1 4
enepo 2 4
enere 1 4
energ 0 5
enerv 1 6
eneta 2 4
enete 2 4
eneten 3 5
eneu 1 4
enf 0 3
enga 2 3
eng 1 2
engl 2 5
engle 2 4
engr 2 5
engri 2 4
engs 2 5
engse 3 6
engsm 3 5
enie 1 3
eni 1 2
enijd 1 3
enij 3 4
enim 1 3
eninga 1 7
ening 3 4
enink 1 5
eniv 1 5
enivo 1 4
enka 2 4
enk 1 3
enoch 1 3
enoc 1 2
enoff 2 5
enoli 1 4
enon 1 3
enoor 1 3
enoo 3 5
enoot 1 6
enop 1 4
enor. 1 4
enord 1 5
enos 1 4
enou 2 3
enov 1 5
enq 0 3
ensce 2 4
ens 1 2
ensc 2 3
ensei 2 5
ense 2 3
ensein 3 4
ensek 5 6
ensem 0 4
ensfe 3 4
ensf 2 4
ensin 2 3
ensi 2 3
enslak 2 3
ensl 2 5
enson 2 4
enso 2 3
ensp 2 4
enspot 2 4
enspo 3 5
enstan 2 3
enst 3 4
ensta 2 3
ensten 2 5
enste 2 4
enstijv 2 8
ensti 2 4
enstij 5 6
enstin 2 3
enstur 2 6
enstu 2 3
ensu 2 3
entac 2 3
ent 1 2
enta 2 3
entee 2 6
ente 2 3
entei 2 5
entere 4 5
enter 3 4
enterv 2 7
entè 0 5
enth 2 4
entom 2 3
ento 2 3
entr 2 5
entre 2 3
entrol 3 4
entsl 3 6
ents 2 3
entsm 4 5
entsp 3 5
entw 2 4
enu 1 2
enui 1 4
enun 1 4
enur 1 4
enuu 1 5
envelo 0 5
env 1 4
enve 3 4
envel 2 3
eny 1 4
eo 1 2
eod 2 3
eodo 2 5
eoe 1 3
eoes 4 5
eoff 1 4
eofr 2 5
eok 1 4
eon 1 2
eoni 2 3
eoo 1 4
eopa 1 3
eope 2 3
eopl 2 5
eopla 3 4
eopr 2 5
eops 1 3
eord 2 4
eorg 1 4
eori 1 3
eoro 2 3
eos 1 4
eost 2 4
eot 1 2
eote 2 3
eoth 1 4
epa 1 2
epaa 1 5
epaak 2 3
epac 2 3
epaf 1 2
epak 1 4
epake 1 4
epal 1 2
epap 1 2
epapp 1 5
epar 1 2
epasp 2 5
epas 1 5
epe 1 2
epe. 1 3
epeen 1 5
epee 2 5
eper 1 2
eperste. 4 7
epers 1 4
eperst 4 6
eperste 4 6
epi 1 2
epid 0 2
epijs 2 4
epij 3 4
epijz 1 5
epingr 2 7
eping 1 4
epins 1 4
epits 3 5
epit 2 3
epitste 4 6
epitst 5 6
epj 2 3
epl 1 4
epled 2 5
eplod 1 3
eploe 1 5
eplus 2 3
epo 1 2
epoge 1 4
epoortj 5 8
epoo 3 5
epoort 2 5
epootj 4 7
epoot 4 6
epos. 0 4
epos 1 3
epot 1 2
epou 4 5
epr 1 4
epra 2 3
epri 1 2
eprode 2 5
eprod 1 3
eprot 5 6
eps 1 3
epsee 2 5
epse 1 3
epser 2 3
epsl 2 5
epsn 3 5
epsp 2 4
epsta 3 4
epst 2 4
epstaa 3 7
epstal 3 5
epsto 3 4
epstr 2 6
epstro 3 4
eptak 2 3
ept 1 3
eptj 2 5
eptr 2 5
eptra 3 4
eptro 2 3
epuit 2 4
epu 1 3
epui 3 4
equa 0 4
eq 1 2
equ 3 4
era. 1 3
eraa 1 5
eraad 1 3
eraak. 1 5
eraan 1 3
eraanp 2 6
eraap. 1 5
eraat 1 5
erac 1 3
erac. 1 4
erace 1 4
eraco 1 4
erad 1 2
erad. 1 4
erado 2 4
eraf 2 3
eraff 1 5
eragen 3 4
erage 3 4
erai 1 2
erall 1 5
erama 2 4
erana 1 4
eranda 1 5
erand 3 4
erane 1 4
erapl 1 6
erarc 2 5
erare 1 4
erari 1 4
erat 1 5
eratr 2 6
erazi 2 5
eraz 3 4
erda 2 4
erd 1 3
erdi 2 4
erdo 2 4
erdr 2 5
erduit. 2 6
erdu 2 3
erduit 2 5
erdui 4 5
erdw 2 4
ere 1 2
ereat 1 5
erea 2 3
erec 0 1
erediti 1 7
ered 3 4
eredi 3 4
eredit 4 5
ereen 1 5
eree 3 4
ereep 1 5
ereers 1 5
ereer 4 5
ereet 2 5
eref 2 3
ereff 1 5
ereg. 1 4
ereg 1 4
eregd 1 4
eregg 1 6
eregt 1 4
ereie 1 5
erei 3 4
ereig 2 3
ereil 1 3
ereind 1 5
erekl 3 6
erelk 2 5
eremm 1 5
eremp 1 5
erend 1 4
erendel 1 2
erende 4 5
erene 3 4
ereneg 4 7
erenen. 2 6
erenen 5 6
erenm 1 6
erent 1 4
erenth 2 6
erento 1 5
erentw 2 6
ereo 3 4
ereog 3 4
erepi 2 4
ereq 1 4
ereri 2 4
eres. 1 4
eresk 2 6
eress 1 6
erest 3 5
eretj 3 6
eretn 1 5
erets 1 4
erex 1 3
ergl 3 5
erg 2 3
eri 1 2
eriab 3 5
eria 3 4
erif 1 3
erig 1 3
eriga 3 5
erijl 2 3
erij 3 4
erijs 2 4
erijs. 1 5
erijv 1 6
erijz 1 5
erik 1 3
erind 1 4
erini 1 4
erinkt 1 5
erink 3 5
erins 1 4
erint 1 4
erio 1 4
eris 1 3
erkeers 5 8
erke 2 3
erkeer 5 6
erkee 4 5
erkn 2 5
ermi 2 4
erm 2 3
ermo 2 3
ernu 2 3
ern 1 3
ero. 1 3
erob 1 4
eroc 2 3
eroed 1 5
eroe 3 4
eroef 1 3
eroep 1 3
eroetj 4 7
eroev 1 6
erof 2 3
erog 3 4
erok 1 3
erol 1 4
erol. 1 4
eroli 1 4
eroll 1 5
erom 2 3
eron 2 3
eron. 1 4
erone 1 4
eronv 1 6
eroog 1 5
eroo 3 5
eroor 1 3
eroos 1 5
erop 1 3
eropa 2 5
eropen 3 4
erope 3 4
eror 1 3
erov 2 5
eroxi 1 3
erox 3 4
eroz 1 4
erö 1 2
erplu 2 3
erp 2 3
erpl 3 5
errietj 5 8
err 1 3
erriet 5 6
errie 3 4
erscr 2 6
ers 1 2
ersc 2 3
ersj 2 5
erslag 2 4
ersl 2 5
erspan 2 4
ersp 2 3
erspa 4 5
erspot 3 4
erspo 4 5
erstem 2 5
erst 2 4
erste 2 4
erte 2 3
ert 1 2
erth 2 4
erti 2 4
erto 2 4
ertr 2 5
ertse 3 4
erts 2 3
ertsl 3 6
ertu 2 4
ertw 2 4
eru 1 2
erub 1 4
erug 1 5
erui 1 4
eruit 2 4
eruitj 4 7
erun 1 2
eruns 1 4
erur 1 4
erus 1 4
eruu 1 5
ervar 0 1
erv 2 4
erwt 0 3
erw 2 3
esaf 1 3
esag 1 4
esam 1 2
esan 1 2
esap 2 4
esarr 2 5
esas 1 4
escop 1 6
esc 1 2
esco 1 3
escr 1 5
ese 1 3
esec 1 2
eseen 1 5
esee 2 4
esel 1 3
esene 2 4
esen 2 3
eseng 1 4
esex 1 3
esfe 2 3
esf 1 3
eshe 1 4
esh 2 3
eshi 1 2
esid 1 2
esi 1 2
esie 1 3
esin 2 3
esir 1 2
esje. 1 4
esj 3 4
esje 2 3
esjes 2 6
esjo 1 3
esjon 1 4
eska 1 3
esk 1 4
eskr 2 5
esl 1 4
esla 2 3
esla. 1 4
eslag 1 3
eslak 2 3
eslat 1 5
esle 2 3
esleg 1 5
esm 2 3
esmui 2 5
esmu 2 3
esmuil. 1 6
esn 1 4
esne 1 3
eso 1 2
esol 1 3
esoo 1 5
esoor. 1 5
esop 1 4
esore 2 4
esp 1 2
espas 1 6
espa 3 4
espel 2 4
espitste 5 7
espit 3 4
espits 4 5
espitst 6 7
espl 1 5
esprie 1 5
espr 4 5
espriem 3 4
essm 2 4
ess 1 4
estak 1 3
est 2 3
estal 1 4
estap 1 3
estar 2 3
estatie 2 6
estat 4 5
estati 4 5
este. 1 4
este 2 3
estea 1 4
esteel 2 6
estee 4 6
estei. 3 5
estei 4 5
esteka 1 5
estekam 2 5
estem 1 4
estemo 1 5
esten 2 4
esten. 1 5
estenb 2 6
ester 2 4
estereo 6 7
estere 4 5
estes 1 5
estet 2 3
esteu 1 2
estic 2 4
esti 2 3
estie 1 4
estot 1 2
estra. 1 5
estr 1 5
estrac 2 4
estrak 2 3
estral 1 2
estrap 3 4
estrei 1 6
estsc 3 4
ests 1 5
estur 2 3
estu 1 2
esty 1 5
esu 1 2
esur 3 4
esy 1 3
eta 1 2
eta. 1 3
etaan 2 3
etaa 3 5
etac 1 3
etad 1 3
etafz 1 5
etag 0 2
etak 1 2
etak. 1 4
etana 1 4
etand 1 4
etap 1 2
etapp 1 5
etat 1 4
etau 1 2
etav 1 5
ete 1 2
etea 1 3
etedi 2 4
eted 3 4
etek 1 2
etel 0 3
etel. 1 4
etelf 1 5
etels 1 6
etemb 1 5
etem 2 3
etemm 1 5
etensu 4 7
eten 2 3
etens 3 4
etentj 4 7
etent 1 4
etera 3 5
eter 2 3
etero 3 4
etersla 5 6
eters 3 4
etersl 4 7
etersm 4 6
etes 1 2
eth 1 2
etha 1 3
ethor 2 3
ethu 1 3
etid 1 5
eti 1 2
etie 1 3
etinc 1 5
etiq 1 4
etis 1 3
etja 1 3
etj 1 4
eto 1 2
etoc 1 2
etoe 1 4
etoev 1 6
etol 1 3
etop 3 4
etope 2 3
etopl 2 6
etork 1 5
etosf 3 5
etos 1 5
etr 1 4
etrec 1 3
etres 1 3
etroe 1 5
etron 1 2
etroo 1 6
etros 2 6
etru 1 3
etsl 2 5
ets 1 2
etslap 2 4
etslu 2 4
etsn 3 5
etsoo 2 6
etspe 2 3
etspr 3 6
etspu 2 5
etste 2 4
etst 3 4
etstek 3 4
etsten 2 5
etsti 2 4
etsu 2 5
etsur 2 5
etsuu 2 6
etu 1 2
etuitj 4 7
etuit 1 4
etui 3 4
etur 3 4
etwe 2 3
etw 1 3
etwi 2 3
eua 0 4
euc 0 2
eudio 3 5
eud 2 3
eudi 2 3
eudr 2 5
eue 2 3
eugdr 3 6
eugd 2 3
eugr 2 5
euler 2 3
eule 2 3
euli 2 3
eum 1 2
eum. 1 3
eumd 1 4
euna 2 3
eunt 2 4
euo 0 3
eupo 2 3
eup 1 2
eurad 2 3
eura 2 3
eurec 2 3
eure 2 4
euren 2 5
eures 2 3
eurij 2 5
euri 2 3
eurk 1 4
eurov 4 6
euro 2 3
eursta 3 4
eurs 2 3
eurst 3 5
eurstaa 4 8
eurste. 3 6
eurste 3 5
eurstr 3 7
eursu 3 4
eusch 2 6
eusc 2 3
eusp 2 4
euspa 2 5
eust 2 4
eustr 2 6
eutj 2 5
eutr 2 5
euu 1 4
euw 0 1
euwa 2 4
euwin 2 3
euwi 2 3
euwstr 3 7
euws 2 3
euwst 3 5
evaartj 3 8
ev 1 3
evaa 3 5
evaart 4 5
evals 3 5
evari 3 6
evelo 2 4
eve 2 3
evel 1 2
evelop 4 5
evenaa 3 7
evena 3 4
ever 0 4
evera 3 5
ew 0 2
ewa 1 2
ewe 1 2
ewens 3 5
ewen 3 4
ewenste. 5 7
ewenst 5 6
ewenste 4 6
ewestr 3 7
ewes 3 5
ewest 4 5
ewh 2 3
ewi 1 2
ewov 3 5
ex. 0 1
exaa 0 5
exaf 2 5
exco 0 3
exc 2 3
exeg 0 4
exe 2 3
exem 0 1
exi 0 1
exin 2 3
exop 2 3
exp 0 3
eyo 1 3
eys 3 4
eyst 2 4
eza 1 2
ez 1 2
ezee 1 4
eze 2 3
ezen 0 2
ezers 3 6
ezo 1 2
ezz 1 4
éa 1 2
éd 1 2
édee 3 5
éde 1 2
édi 1 4
ég 1 2
égee 1 5
ége 1 2
éh 1 2
éj 1 2
én 1 2
ép 1 2
ér 1 2
ét 1 2
è 1 2
èc 0 1
èl 1 2
ès 1 2
èt 1 2
èta 3 4
ê 1 2
êp 1 2
êper 1 2
êt 1 2
ë 0 1
ë. 0 1
ëb 1 2
ëc 1 2
ëd 1 2
ëe 2 3
ëen 3 4
ëj 1 2
ël 1 2
ën 0 1
ënce 2 5
ënc 1 3
ëne 1 3
ëns 1 4
ënsc 2 3
ënt 1 4
ënth 2 3
ëntw 2 4
ëp 1 2
ëra 1 2
ëre 1 2
ëri 1 2
ëro 1 2
ërog 3 5
ëros 2 4
ës 1 2
ësi 1 2
ëst 2 3
ët 1 2
ëts 1 3
ëtste 2 4
ëtst 3 4
ëve 2 4
ëv 1 3
ëven 4 5
ëzu 0 1
ëz 1 2
f. 0 1
fa 0 1
faanb 1 5
faa 2 4
faat 1 4
fab 0 3
fabo 2 4
facc 1 4
face 1 5
fach 1 2
fad 0 1
faf 0 2
fag 2 3
fals 2 4
fam 2 3
fang 1 3
fant 2 5
fantj 3 6
fants 3 6
fap 0 3
farm 1 4
fase 0 3
fato 2 3
fat 2 3
fav 2 4
fb 0 2
fbedw 3 5
fbe 1 3
fbed 3 4
fc 1 2
fd 0 1
fda 1 2
fdag 1 4
fdan 1 2
fdar 2 3
fdek 1 4
fde 1 2
fdekl 3 6
fdes 3 5
fdese 3 5
fdesl 3 6
fdesm 3 5
fdest 3 5
fdin 1 3
fdi 1 2
fdof 2 3
fdo 1 2
fdorste 4 6
fdors 3 4
fdorst 4 6
fdra 1 3
fdr 1 4
fdru 1 3
fdse 2 5
fds 1 2
fdsi 2 5
fdso 2 5
fdsp 2 3
fdw 1 3
fdwo 1 3
fe 0 1
fea 1 3
fectr 3 6
fect 1 4
fede 2 5
fed 2 3
fedel 2 3
feen 1 4
fee 2 3
fees 0 5
feestr 3 7
feest 4 5
feldr 3 6
feld 2 3
felee 2 6
fele 2 3
feli 0 3
felom 2 3
felo 1 3
felop 2 4
felsp 3 4
fels 2 3
feno 2 3
fer 1 2
ferab 2 5
feran 2 3
feret 2 4
fere 2 3
ferom 2 4
feron 2 4
fes 0 4
fetj 2 5
fetur 4 5
fetu 2 3
fex 0 2
fé 0 1
fè 0 3
fê 0 3
ff 0 2
ffe 1 2
ffi 1 2
ffs 1 4
ffsh 2 4
ffsi 2 3
ffu 1 2
fg 1 3
fge 1 4
fger 3 5
fget 3 4
fh 0 2
fi 0 1
fiac 2 3
fia 2 3
fial 2 3
fiam 2 3
fiapa 2 4
fiap 2 5
fiapo 2 3
fias 3 4
fib 0 3
fich 2 3
fic 1 2
fie 0 2
fig 0 1
fijs 1 3
fij 2 3
fijz 0 4
fikst 3 5
fik 1 2
fiks 2 3
fil 0 2
filma 3 5
film 2 4
filmon 4 5
filmo 3 4
filo 2 3
find 0 3
fini 0 3
finj 1 5
fink 0 4
finr 0 4
fio 1 3
fir 2 3
fis 1 3
fise 2 3
fiso 1 2
fj 1 2
fjes 3 5
fk 0 3
fke 1 2
fl 1 3
flaa 0 5
flaf 1 2
flam 1 2
flei 1 4
flenst 4 6
flens 3 4
flenste. 5 7
flenste 4 6
fles 1 4
flet 3 4
fletj 3 6
flev 0 5
flex 1 2
flez 1 4
flie 0 3
fli 1 2
flij 0 4
flik 1 3
flip 1 2
flit 1 3
flok 1 3
flor 0 2
flut 3 5
fm 0 2
fn 1 2
fo 0 1
fob 0 3
foc 0 1
foed 3 4
foe 2 3
foeta 3 4
fof 0 2
fok 0 2
foms 0 3
fona 2 3
fonden 4 5
fond 2 3
fonde 3 4
fondsl 5 7
fonds 3 4
foneng 3 5
fone 2 3
fonen 4 5
fono 2 3
font 0 3
fonte 3 4
foo 2 4
fooi 2 5
foom 1 2
foon 0 2
fop 0 3
fops 2 5
for 1 2
fore 0 3
fori 2 3
form 0 4
fortj 3 6
fort 2 3
foru 2 4
fot 2 3
foud 0 4
fov 0 4
fö 0 1
fp 0 3
fperste. 4 7
fpers 1 4
fperst 4 6
fperste 4 6
fpitste. 4 7
fpit 2 3
fpitste 4 6
fpits 3 4
fpitst 5 6
fr 2 3
fraak. 1 5
fraa 2 5
fraam 5 6
frac 0 2
frad 1 2
fras 1 2
frau 0 2
frec 1 2
frek 1 2
freq 0 4
fries 4 5
frie 2 3
friet 4 5
frietj 4 7
frik 1 3
frod 1 2
frol 0 2
frolo 1 4
froma 1 4
frus 2 5
fs 0 2
fsa 1 4
fsad 2 3
fsan 2 3
fsar 2 3
fsc 1 2
fsch 1 5
fscr 1 5
fse 1 4
fsec 1 3
fsee 1 4
fsei 1 4
fseth 1 4
fset 3 4
fsfe 2 3
fsf 1 3
fsh 1 3
fshe 1 4
fsi 1 2
fsie 1 3
fsim 2 3
fsin 2 3
fslaa 1 6
fsl 2 4
fslac 1 3
fslag 1 3
fslap 1 3
fsm 2 3
fsma 2 3
fsmi 2 3
fsmo 2 3
fsmu 2 3
fso 1 4
fsob 2 4
fsom 2 3
fsoo 1 5
fsp 2 3
fspre 2 3
fspr 4 5
fst 2 3
fstas 1 4
fste 1 3
fstec 1 3
fstell 1 6
fstel 3 4
fstem 3 6
fsterr 1 6
fster 3 4
fsti 1 3
fstif 1 4
fsto 1 2
fstoc 1 4
fston 1 2
fstr 1 5
fstu 1 2
fsy 1 3
ft 0 1
fta 1 2
ftac 1 3
ftakl 2 6
ftap 3 4
ftart 2 4
ftersh 4 6
fte 1 2
fter 2 3
fters 3 4
fth 2 3
fto 1 2
ftond 1 4
ftont 1 4
ftr 1 4
ftsl 2 5
fts 1 2
ftsm 2 4
ftsn 3 5
ftso 2 3
ftsp 3 4
ftu 1 2
ftur 3 4
fu 0 1
fuit 0 3
fui 2 3
fuma 2 3
fumac 3 4
fun 0 2
furo 2 4
fus 0 1
fuu 0 4
fv 0 3
fva 3 4
fval 4 5
fw 0 3
fy 0 3
fz 0 2
fzet 4 5
fze 2 3
g. 0 1
ga 0 1
ga. 0 2
gaartj 2 7
gaa 2 4
gaart 3 4
gaat 1 4
gac 0 2
gadm 0 4
gaf. 1 3
gafd 1 3
gafr 2 5
gafs 0 5
gafw 0 5
gah 0 3
gal. 0 3
gala 2 3
galap 2 4
galer 2 3
gale 2 3
gals 2 4
gamb 0 4
gami 1 4
gan 0 1
gand 2 4
gane 0 3
ganst 3 5
gans 1 3
gapl 1 5
gar. 0 3
garb 0 4
gare 2 3
garm 1 4
gars 0 4
gart 0 3
gartj 1 6
gas 2 3
gasc 2 4
gasi 2 4
gasla. 2 5
gasl 3 5
gasli 2 4
gaslo 2 3
gaso 1 4
gasp 3 4
gastr 1 6
gast 2 4
gastra 3 4
gastrol 4 5
gat 0 3
gatj 2 5
gats 2 4
gaut 0 5
gave 2 4
gav 2 4
gavo 1 3
gb 0 2
gc 0 2
gd 0 1
gdac 1 2
gda 1 2
gdag 1 2
gdart 2 4
gdat 1 4
gdate 2 4
gde 1 2
gdelf 1 3
gder. 1 4
gderv 2 6
gdid 1 3
gdi 1 2
gdim 2 3
gdin 1 2
gdr 1 4
gdru 1 2
gdsa 2 5
gds 1 2
gdsp 2 3
gdu 1 2
ge 0 1
ge. 0 2
gea 1 3
geadr 3 6
gead 2 3
geana 3 4
gean 2 3
geaq 2 4
geari 2 4
gear 2 3
geau 2 3
geb. 0 3
geb 2 3
gebb 0 4
gec 2 3
ged 2 4
gedia 4 5
gedi 2 3
gedit 2 4
gedr 2 5
gedw 2 4
gee 0 4
geestr 3 7
gees 3 5
geest 4 5
geeta 3 5
geet 3 4
gef 2 4
geff 0 4
geg 1 4
geges 2 6
gege 2 3
geig 0 1
gei 2 3
geik 0 3
geila 3 5
geit 0 5
geitj 3 6
geka 2 4
geke 2 3
geki 2 3
gekl 2 5
gekr 2 5
gekst 3 5
geks 2 3
geku 2 5
gekw 2 4
gelau 2 4
gela 2 3
gelda 3 6
geld 2 3
gele 2 4
gelem 0 3
gelf 3 4
gelk 3 4
gelo 0 4
gelsi 3 4
gels 2 3
gelsl 3 6
gelsp 3 4
gelste 3 5
gelst 3 5
gema 1 3
gemb 0 4
gemf 0 4
gemo 2 3
gemp 0 4
gems 2 5
gemu 2 4
gen. 1 3
genak 2 4
gena 2 3
genaz 2 5
gene 0 3
gened 2 5
genend 2 5
genen 4 5
gengt 0 4
geng 2 3
geni 0 3
genk 2 4
geno 2 3
genof 2 4
genog 2 3
gensfe 3 5
gens 2 3
gensf 3 5
genston 3 4
genst 4 5
gensto 3 4
genstu 3 4
genstur 3 7
genw 0 4
geom 2 3
geo 2 3
geope 3 4
georke 4 7
geos 2 5
geot 2 3
gep 2 4
gera 2 3
geraal 3 4
geraa 2 6
geraap. 2 6
geral 2 5
gerap 4 5
gerape 3 5
geras. 3 5
gereg 2 5
gere 2 3
gerem 2 3
geren. 2 5
geri 2 4
gerini 2 5
gero 2 4
gerof 3 4
gerol 2 5
gerslan 3 6
gers 2 3
gersl 3 6
gersli 3 5
gerslij 4 7
gersp 3 4
gerts 0 4
gert 2 3
geru 2 4
ges 0 4
gesa 2 3
gesc 2 3
gese 2 4
gesi 2 3
gesk 0 5
gesl 2 5
gesn 2 5
geso 2 3
gespend 2 6
gesp 2 3
gespen 2 4
gesper 2 3
gespo 2 5
gestan 2 3
gest 3 4
geste. 2 5
geste 3 4
gesten. 2 6
gesten 3 5
gestr 2 6
gesw 2 4
geta 2 3
getaa 3 6
getam 2 3
geth 2 3
geti 2 4
getj 2 5
geto 2 4
getr 2 5
getra 2 3
getro 2 3
getru 2 4
getsj 2 6
gets 2 3
getu 2 3
getw 2 4
geui 2 4
gev 0 4
gex 0 1
gez 0 3
gé 0 1
gédi 2 5
géd 2 3
gè 0 3
gf 0 2
gfijnste 5 7
gfi 1 2
gfij 3 4
gfijn 2 3
gfijnst 5 7
gfijns 4 5
gg 0 3
gge 1 2
ggela 3 4
ggeron 3 5
ggero 3 5
ggesti 4 5
gges 1 5
ggest 4 5
ggh 1 3
ggi 1 2
ggings 4 7
gging 1 4
ggl 1 4
gh 0 2
ghet 1 2
ghe 2 3
ght 1 4
ghte 2 3
ghum 1 2
gi 0 1
gidste 3 5
gids 2 5
gidst 4 6
giera 3 4
gie 1 2
giers 3 5
gieu 2 4
gif 1 3
gifr 3 5
giga 2 4
gigere 0 5
gige 2 3
gigste 0 5
gigs 2 5
gigst 4 5
gij 0 3
gijs 1 3
gijz 0 4
gim 2 3
gina 2 3
ginb 0 4
ginf 0 4
ginfe 1 4
ginfr 1 6
ging 0 3
ginh 0 4
gino 2 4
ginr 0 4
gioc 2 4
gio 1 3
giod 2 3
gionet 2 3
gion 2 3
gione 3 4
gior 2 3
gipst 3 5
gips 2 3
gir 0 1
gis 0 2
gj 0 2
gk 0 2
gl 2 3
glab 1 4
glai 0 1
glas 0 4
glase 2 6
glat 1 4
glaz 0 4
gle. 0 3
gleer 1 5
glee 3 5
gleet 4 5
glen 1 2
glep 0 2
gler 0 2
gles 1 4
glet 0 4
gletj 3 6
glev 1 5
glice 1 4
gli 1 2
glic 2 3
glich 1 2
glië 0 4
glif 1 3
glijs 1 5
glij 3 4
glim 1 2
glio 0 4
glob 1 4
glof 0 1
glog 1 5
glom 0 1
glon 0 2
gloon 1 3
gloo 3 5
glop 1 2
glos 0 3
gloz 1 4
gly 0 2
gm 0 2
gmaatj 4 7
gma 1 2
gmaa 3 5
gmaat 4 5
gn 0 2
gna 1 2
gne 1 3
gneg 2 5
gnem 1 4
gnetj 3 6
gnietj 4 7
gni 1 2
gnie 2 3
gnu 0 1
go 0 1
go. 0 2
goa 0 3
gob 0 3
goc 0 1
goch 1 2
goda 2 4
gods 2 5
godst 4 6
goef 0 1
goe 2 3
goer 1 4
gof 0 1
gofr 2 5
gog 1 2
goh 0 3
gok 1 3
gom. 0 3
goma 1 3
goml 1 4
gomz 0 4
gonaz 2 5
gona 2 3
gong 0 3
gono 2 3
gont 0 3
goo 1 4
goor 0 2
goot 0 4
gop 0 2
gopa 1 3
gopr 1 5
gora 1 3
gore 0 3
gore. 2 4
gori 0 3
gors 2 4
gos 1 4
gotr 1 5
goudee 3 6
goud 3 4
goude 3 4
gov 0 4
gp 0 2
gpes 1 5
gr 0 3
gra 0 1
gra. 0 3
graatj 4 7
graa 2 5
graat 4 5
grak 1 2
gram 3 4
gram. 1 4
grama 3 5
gramp 1 5
gras 3 5
grav 0 5
grec 0 2
gred 0 4
gredi 0 4
gredu 1 4
greek 1 5
gree 3 4
greel 1 5
greep 1 5
greis 1 4
grei 3 4
grek 0 2
grem 0 2
grens 3 5
gres 3 4
greu 1 4
grev 1 5
gria 0 4
grietj 4 7
grie 2 3
grijd 1 3
grij 3 4
grijk 1 4
grijm 1 2
gring 1 4
gris 0 3
grits 3 5
grit 2 3
griv 0 5
groetj 4 7
groe 3 4
grof 4 5
grok 1 3
grook 1 4
groo 3 5
groom 1 2
grootj 4 7
groot 4 5
grou 0 1
grov 3 5
grug 0 4
gruim 1 3
grui 3 4
grup 1 3
gs 0 1
gsa 2 4
gsag 3 4
gsalar 2 3
gsal 2 3
gsala 1 4
gsalt 2 5
gsc 1 2
gse 1 4
gseco 2 4
gsed 1 4
gseen 1 5
gsee 2 4
gsei 2 4
gsen 2 3
gsene 2 4
gserv 2 6
gset 2 4
gsev 2 5
gshe 1 4
gsh 2 3
gsi 1 4
gsie 1 3
gsis 2 4
gsj 2 4
gske. 1 4
gsk 1 4
gske 2 3
gsl 2 4
gsla 2 3
gslaag 2 4
gslaa 4 6
gslam 2 3
gslas 1 3
gsle 2 3
gslep 1 3
gsleu 1 3
gslie 1 4
gsli 2 3
gslin 2 3
gsling 1 5
gslo 2 3
gslog 1 6
gslok 2 4
gslon 2 3
gslu 2 3
gsma 1 3
gsm 2 3
gsn 2 4
gsna 1 3
gsnij 1 5
gsni 2 3
gso 1 4
gsol 1 3
gsom. 1 4
gsom 2 3
gsons 2 4
gsop 1 3
gsp 2 3
gspand 2 5
gspa 3 4
gspan 2 3
gspec 1 2
gspel 1 4
gspet 1 3
gspi 2 3
gspie 1 4
gspil 1 2
gspin. 1 5
gspinn 1 6
gspir 2 3
gspol 1 3
gspo 3 4
gspon 1 3
gsps 1 3
gsq 2 3
gssc 2 3
gss 1 4
gsta 3 4
gst 2 3
gstaal 2 4
gstaa 4 6
gstaang 1 7
gstac 1 4
gstad 1 3
gstan 1 3
gstap 1 4
gstat 1 5
gste 1 3
gste. 1 4
gsted 1 5
gstee 1 6
gstei 1 5
gstek 2 3
gstel 1 4
gsten 1 4
gster 1 4
gster. 1 5
gsterr 2 6
gsters 1 5
gsth 1 3
gstic 1 4
gsti 2 3
gstig 1 3
gstijg 1 6
gstij 4 5
gstof 1 5
gstop 1 3
gstor 1 2
gstov 2 6
gstra 1 3
gstr 1 5
gstrad 1 4
gstrak 2 3
gstram 3 4
gstrap 2 3
gstrat 1 6
gstres 3 4
gstroe 1 6
gstron 2 3
gstru 1 2
gstruc 1 5
gstu 1 2
gsty 1 5
gsu 1 4
gsver 4 6
gsv 1 4
gsve 3 4
gsw 1 3
gsy 1 3
gt 0 1
gta 1 2
gtap 1 3
gte 1 2
gtero 3 4
gter 2 3
gtes 1 5
gtest 3 5
gto 1 2
gtr 1 4
gtu 1 2
gu 0 1
gu. 0 1
gue 0 1
gueu 2 3
guit 0 3
gui 2 3
guni 2 3
gus 2 4
gutst 3 5
guts 2 3
gutste. 3 6
gutste 3 5
gv 0 3
gvo 1 2
gw 0 2
gwa 1 2
gy 0 1
gyp 0 3
gz 0 2
h. 0 1
haamsta 4 6
haa 2 4
haams 3 4
haamst 5 6
haarsl 4 7
haars 3 5
haarsp 4 5
haarste 4 6
haarst 4 6
haartj 2 7
haart 3 4
haatste. 4 7
haat 3 4
haatst 4 6
haats 3 4
haatste 4 6
hafd 1 3
haftu 3 5
haft 2 3
hag 2 3
hage 2 3
half 3 5
hals 0 3
halsto 3 4
halst 3 5
halz 0 4
hamp 0 4
han. 0 3
handr 3 6
hand 2 3
handsl 4 7
hands 3 4
hanga 3 4
hang 2 3
hangl 4 6
hangs 3 5
hansl 3 6
hans 1 3
hanso 3 6
hanst 3 5
haps 2 4
hapse 2 4
harta 3 4
hart 2 3
hartel 4 6
harte 1 4
hartj 1 6
harto 1 6
hartre 3 4
hartr 3 6
hartsl 4 7
harts 3 4
hatj 2 5
hat 2 3
hatr 2 5
hats 2 4
hav 2 4
have. 0 4
have 3 4
hb 0 2
hd 0 1
he 1 2
hea 0 2
hear 2 3
hech 0 1
heco 2 3
hee. 0 3
hee 2 3
heeg 2 5
heek 3 4
heeka 3 5
heekl 3 6
heelo 2 5
heel 3 4
heeps 3 5
heepsc 4 6
heerstak 5 6
heer 3 4
heers 3 4
heerst 4 6
heesto 3 4
hees 3 5
heest 4 5
heetjes 3 8
heet 3 4
heetj 3 6
hef 2 3
hei 2 3
heidsp 5 6
heid 1 2
heids 3 6
heis 2 5
heitj 3 6
heit 1 5
heka 2 4
hekl 2 5
hekst 3 5
heks 2 3
hekste. 4 6
hekste 3 5
heksten 3 6
hekw 3 4
hele 2 3
helee 2 6
heli 1 3
helma 3 5
helm 2 3
helo 1 5
helpa 3 5
help 2 3
helsm 3 5
hels 2 3
hemo 2 3
hene 2 3
henkr 3 6
henk 2 4
heno 2 4
heo 0 3
hepij 2 5
hepi 2 3
hepl 2 5
hepr 2 5
hera 2 3
heraa 2 6
herad 2 4
herau 2 4
heri 2 4
hermeng 4 6
herm 3 4
herme 3 4
hermen 3 4
heros 2 4
herov 3 6
herpaa 3 7
herp 3 4
herpa 3 4
herst 0 5
hers 2 3
hert 2 5
hertste 4 6
herts 3 4
hertst 5 6
heru 2 3
hese 2 4
hesp 2 3
hest 2 4
hetste. 4 6
hetste 3 5
hets 2 3
hetst 4 5
heule 3 4
hf 0 2
hg 0 2
hh 1 2
hid 2 3
hief 3 5
hie 1 2
hielsges 5 9
hiels 3 4
hielsg 4 6
hielsge 5 6
hier 3 5
hieren 3 4
hiere 3 4
hieru 3 5
hieto 3 6
hietr 3 6
hiets 3 5
hijsl 3 6
hij 2 3
hijs 2 3
hiks 2 5
hik 1 2
hikw 2 4
hilm 2 4
himpl 3 6
himp 2 4
himpr 3 6
hind 2 4
hins 1 3
hintj 3 6
hint 2 3
hipl 2 5
hir 0 4
hisp 3 4
his 1 2
hitr 2 5
hit 1 2
hitst 3 5
hits 2 3
hitste. 3 6
hitste 3 5
hitsten 3 6
hj 1 2
hl 0 1
hla 1 2
hlag 1 2
hlep 1 2
hloc 1 2
hm 0 2
hma 1 2
hme 1 2
hmer 1 2
hn 1 2
hna 1 2
hno 3 4
ho. 0 2
hoa 1 3
hoan 2 4
hoboot 5 7
hob 1 3
hobo 3 4
hoboo 4 6
hoch 2 3
hoeker 3 4
hoe 2 3
hoeke 3 4
hoes 3 4
hoesl 3 6
hoet 3 4
hof 2 3
hofd 2 4
hofe 2 4
hog 2 4
hoka 2 3
hok 1 2
homo 1 3
hondr 3 6
hond 2 3
honds 3 5
hong 2 4
honi 2 5
hono 2 3
hoole 3 6
hoo 2 4
hool 3 4
hoom 0 1
hoort 1 6
hoortr 4 7
hoot 0 4
hopa 1 3
hope 2 3
hopo 2 4
hopr 3 5
hopstr 3 7
hops 2 3
hopst 3 5
horde 3 4
hord 2 4
horl 0 4
horo 2 3
horst 3 5
hors 2 3
horste. 3 6
horste 3 5
horsten 3 6
hortj 3 6
hort 2 3
horu 2 4
hosa 2 3
hos 1 2
hotj 2 5
hotr 1 5
hotre 2 4
hotst 3 5
hots 2 3
hotste. 3 6
hotste 3 5
hov 2 4
how 0 3
howo 2 4
hp 0 2
hpi 3 4
hr 0 1
hrab 3 4
hre 1 2
hrea 1 3
hri 3 4
hrok 2 4
hroko 3 5
hroot 4 6
hroo 3 5
hs 0 1
hsa 1 2
hsp 1 2
hst 1 3
ht 0 1
hta 1 4
htac 1 3
htal 1 3
htala 2 4
htans 1 4
hte. 1 3
hte 1 2
htec 1 3
hteco 1 4
htee 1 5
htef 1 3
htei 1 4
htem 2 3
hten 1 3
htent 1 5
htentw 2 6
htera 4 5
hter 2 3
htero 3 5
htesk 1 6
htes 1 2
htev 1 5
hteve 2 5
htevo 1 2
htex 1 3
hth 1 3
htint 1 4
hti 1 2
htj 1 4
hto 2 4
htoef 2 3
htoe 2 4
htop 2 3
htr 1 4
htroo 2 6
htsap 2 5
hts 1 2
htse 2 5
htser 2 3
htsi 2 3
htsl 2 5
htsla 2 3
htslot 2 3
htsme 2 4
htsm 3 4
htsmij 2 6
htsmi 3 4
htso 2 4
htspe 2 3
htspl 2 6
htspr 2 6
htstaal 3 5
htsta 2 3
htst 3 4
htstaa 5 7
htstak 2 4
htstek 2 4
htste 2 4
htsti 2 4
htstore 2 6
htsto 2 3
htstrekk 3 9
htstr 2 6
htu 2 4
htw 1 3
huba 2 3
hub 1 3
huiz 0 4
hui 2 3
hulder 3 4
huld 2 3
hulde 3 4
hurt 2 5
hutj 2 5
hutste. 3 6
hutst 3 5
huts 2 3
hutste 3 5
huurs 3 5
huu 2 4
hw 0 2
hyla 2 3
hyp 0 3
hypo 4 5
i. 0 1
ia 1 2
iaa 1 4
iab 1 3
iabi 1 4
iac 1 2
iady 1 3
iae 1 2
iae. 1 3
iaf 1 4
iag 1 4
iagr 1 5
iai 1 2
iak. 1 3
iake 1 5
iakem 2 3
iakl 1 5
iakr 2 5
ial. 1 3
iala 1 3
iali 1 3
iam 1 2
iam. 1 3
iami 1 4
ian 1 2
iano 2 4
iao 1 3
iap 1 4
iapa 2 3
iapi 1 3
iasc 2 3
iase 1 3
iaso 1 3
iaspo 2 5
iasp 3 4
iasta 1 4
iast 2 4
iat 1 3
iath 2 4
iatri 1 2
iatr 4 5
iave 3 5
iav 2 4
ible 1 2
ib 1 2
ibl 1 3
iboot 4 6
ibo 2 3
iboo 3 5
ic 0 1
ice 1 2
icepa 0 4
icha 1 2
iche 1 4
icheet 5 6
ichee 4 5
ichi 1 2
icho 1 2
ichr 1 3
ickl 2 5
icos 2 5
ico 1 2
ictop 2 4
ict 1 3
ictsc 3 5
icts 2 3
idam 1 3
ida 1 2
iddera 4 7
idd 1 4
idde 2 3
idea 2 4
ide 1 2
idee. 1 4
idee 3 4
idersp 4 5
iders 3 4
iderst 4 6
ides 3 5
idia 3 4
idi 1 2
idiab 3 5
idio 1 4
idmak 2 3
idm 1 3
idma 2 3
idok 1 3
ido 1 2
idr 1 4
idran 2 3
idra 1 2
idru 2 3
ids 1 4
idsa 2 5
idser 2 3
idse 2 5
idsi 2 5
idsj 2 5
idsl 3 5
idsm 2 4
idsma 3 4
idsmee 2 6
idsme 3 4
idso 2 5
idsta 2 4
idst 3 5
idstak 3 4
idstek 2 4
idste 2 4
idstem 2 5
idsti 2 4
idstr 2 6
idur 2 4
idu 1 2
iduu 2 5
iduw 3 4
idw 1 3
ie 0 1
iea 1 4
iedac 2 4
ied 2 3
ieda 2 3
iede 2 3
iedro 2 3
iedr 2 5
iedw 2 4
iee 1 4
ieë 2 4
iefi 1 3
iefl 2 5
iefle 2 3
iefon 2 3
iefo 2 3
iefr 2 5
iegas 2 6
ieg 1 3
iega 2 3
iege 2 3
iegins 2 5
iegi 2 4
iek 1 2
iekev 3 6
ieke 2 3
iekl 2 5
iekli 3 4
ieklu 2 3
iekn 2 5
iekond 3 5
ieko 2 3
ieksn 3 6
ieks 2 3
ieksp 3 4
ieku 2 5
iekwa 2 3
ielan 2 4
iela 2 3
ielap 2 3
ieldo 3 4
ield 2 3
ieldr 3 6
iele 2 4
ielei. 3 5
ielei 4 5
ielk 3 4
ielsc 3 4
iels 2 3
iema 1 3
iemov 2 6
iemo 2 3
iendr 3 6
iend 2 3
ienij 3 5
ieni 2 3
ienn 1 4
ienne. 1 5
ienne 3 5
iensm 3 5
iens 2 3
iensp 3 5
iensta 3 4
ienst 4 5
iensto 3 6
ienstr 3 7
ienstur 3 7
ienstu 3 4
ieo 2 4
iep 1 2
iepen 2 3
iepe 2 3
iepiet 6 7
iepi 2 3
iepie 3 4
iepoog 3 6
iepo 2 3
iepoo 4 6
iepou 5 6
ieprel 3 4
iepr 2 5
iepros 2 6
ieps 2 5
iepst 3 5
ieptr 3 6
iept 2 4
iepui 2 5
iepu 2 4
ierad 2 4
ieral 3 5
ieram 2 3
ierap 2 3
ieras 3 4
ierat 2 6
ierel. 3 5
iere 2 3
ierels 3 5
ieren. 2 5
iering 2 5
ieri 2 3
ierk 4 5
iero 2 4
ierof 2 4
iersl 3 6
iers 2 3
ierslu 3 4
ieru 2 3
ierui 2 5
iesf 2 4
iesi 2 3
iesl 2 5
iesle 2 4
iesli 3 4
iesm 3 4
iesn 2 5
ieso 2 5
iespl 2 6
iesp 2 3
iesta 2 3
iest 3 4
ieste. 2 5
ieste 3 4
iestel 2 5
iestere 3 6
iester 3 5
iesto 2 3
ietaa 2 6
ieta 2 3
ietal 2 4
ietant 3 5
ieten 2 4
iete 2 3
ietj 2 5
ieto 2 5
ietog 2 4
ietoo 2 6
ietop 2 5
ietor 2 3
ietore 4 5
ietov 2 6
ietroe 2 6
ietr 2 5
ietste. 4 6
ietste 3 5
iets 2 3
ietst 4 5
ietur 3 5
ietu 2 3
ietuu 3 6
ietwi 2 4
ietw 2 4
iety 1 5
ieu 2 3
ieuk 2 4
ieur 1 2
ieure 3 5
ieus 1 2
ieusp 3 5
ieuz 1 4
iev 2 4
iez 2 3
iezela 4 6
ieze 3 4
iés 1 2
iét 1 3
iè 1 3
iëg 1 2
ië 1 2
iëva 1 2
iëv 2 4
if 0 1
ifaa 2 5
ifa 1 2
ifad 1 3
ifl 2 4
ifr 2 4
ifra 2 3
iftaa 2 6
ift 1 2
ifta 2 3
iftar 2 3
iftre 2 3
iftr 2 5
iftur 4 5
iftu 2 3
ifui 2 4
ifu 1 2
iga 1 3
igaa 2 5
igac 1 3
igal 1 2
igav 1 5
ige 1 2
iges 1 5
igesk 1 6
igij 1 4
igi 1 2
igind 1 4
igio 2 4
igno 2 3
ign 1 3
igom 1 3
igo 1 2
igop 1 3
igs 1 4
igsk 2 5
igsl 2 5
igsp 2 4
igsto 2 3
igst 3 4
igun 2 3
igu 1 2
ih 1 2
ii 1 2
iie 1 2
iin 2 3
iis 1 2
ij 1 2
ij. 0 2
ija 2 3
ijad 3 4
ijd 0 1
ije 0 1
ijef 2 3
ijei 2 4
ijel 2 5
ijen 2 5
ijer 2 3
iji 2 3
ijn 0 1
ijo 2 4
ijou 1 3
ijso 0 5
ijs 1 2
ijsp 0 1
ijst 0 4
ijte 2 3
ijtr 2 5
iju 1 3
ijvo 0 1
ijv 2 4
ijzo 0 1
ijz 2 3
ik 0 1
ikaar 2 3
ika 1 2
ikaa 3 5
ikam 1 2
ike 1 2
ikef 1 3
ikera 3 4
iket 2 5
ikij 1 4
iki 1 2
ikl 1 4
ikla 2 3
iklo 1 3
iklu 1 3
ikn 1 4
ikna 1 3
ikog 2 4
iko 1 2
ikom 1 2
ikoo 1 5
ikop 3 4
ikope 2 4
ikord 1 5
ikr 1 4
ikre 2 3
ikri 2 3
ikro 2 3
ikse 2 5
iks 1 2
iksi 2 3
iksl 2 5
iksn 3 5
iksno 2 4
iksp 2 3
ikspa 2 5
ikst 2 4
iksta 2 3
ikste. 3 5
ikste 2 4
ikw 2 3
ikwar 1 4
ila 1 2
ila. 1 3
ilaa 2 5
ilaan 1 3
ilac 1 3
ilact 2 5
ilad 2 3
ilaf 1 3
ilak 1 2
ilal 1 3
iland 1 4
ilan 2 3
ilda 2 3
ild 1 2
ildr 2 5
ilds 2 5
ile 0 2
ileen 1 5
ilee 3 5
ilel 3 4
ilerv 1 6
ilet 3 4
iletr 3 6
ileu 3 4
ileve 2 5
ilev 3 5
ilevin 6 7
ilevi 3 4
ilez 1 4
ilé 1 2
ilf 2 3
ili 1 2
ilieg 3 5
ilie 2 3
iliet 4 5
ilink 2 5
ilkl 2 5
ilks 2 5
illas 4 5
ill 1 3
illa 2 3
illu 0 1
ilm 1 3
ilme 2 5
ilmin 2 3
ilmi 2 3
ilmo 2 3
ilo 1 2
iloge 3 4
ilog 4 5
ilond 1 4
iloo 1 5
iloon 1 3
iloor 2 3
ilor 1 3
ilore 3 4
ilove 1 5
ilov 3 5
ilsh 2 4
ils 1 2
ilsj 3 5
ilsti 2 4
ilst 2 4
ilth 2 3
ilt 1 3
ilu 1 2
im. 0 2
imag 1 3
ima 1 2
imago 1 4
imau 2 3
imee 3 5
ime 1 2
imeen 2 5
imem 1 3
imenc 2 5
imen 1 2
imex 1 3
imf 0 3
imof 1 3
imo 1 2
imop 1 3
imorg 2 5
impa 2 3
imp 1 3
imsoo 2 6
ims 1 2
imso 4 5
imst 2 4
imu 1 2
inac 1 3
ina 1 2
inau 1 2
indaa 3 6
ind 1 2
inda 2 3
indene 2 5
inde 2 3
indsc 3 4
inds 2 3
indste 3 5
indst 4 6
indu 0 3
inede 2 4
ine 1 2
ined 3 4
inedi 2 4
ineed 1 5
inee 3 5
inek 4 5
ineo 3 5
inets 3 5
ineu 1 4
inf 0 3
inga 2 5
ing 1 2
ingaa 3 6
ingag 3 4
ingal 3 4
ingan 0 3
inglo 3 4
ingl 3 5
ingo 2 3
ingr 2 5
ingst 3 5
ings 2 4
ini. 0 3
ini 1 2
inie 1 3
inion 3 4
inio 2 4
inisl 3 6
inis 1 3
inista 3 5
inist 3 5
inkj 0 4
ink 1 3
inkn 2 5
inkom 0 1
inko 2 3
inkri 2 3
inkr 2 5
inno 0 1
inn 2 3
ino 1 2
inoc 1 2
inod 1 4
inog 2 4
inon 2 3
inope 3 4
inost 3 5
inos 1 3
inov 2 5
inri 0 3
inr 1 3
ins. 0 3
ins 1 2
insch 2 6
insc 2 3
inse 2 3
insl 2 5
insmi 2 4
insm 3 4
inso 2 3
insp 2 3
inspo 2 5
insten 2 5
inst 3 4
inste 2 4
inswi 2 3
insw 2 4
intap 2 4
int 1 2
inta 2 3
inte 2 3
intes 2 6
inth 2 3
intr 0 5
inu 1 2
inuut 1 6
inuu 1 5
io 0 2
ioa 1 3
ioas 4 5
iob 1 3
ioc 1 3
iode 1 3
ioes 4 5
ioe 2 3
iof 2 3
iog 2 4
iol 1 2
iol. 1 3
iolen 1 3
iole 2 3
iolus 1 2
iolu 1 3
ion 1 2
ioneel 5 7
ione 2 3
ionee 4 6
iong 1 3
ions 2 5
ionsc 3 5
ioo 1 4
iop 1 4
iopa 1 3
iopr 2 5
iopt 1 4
iora 2 3
iori 1 3
ioru 2 4
ios 1 3
ios. 1 3
iosc 1 4
iose 1 3
iosf 1 4
iosh 2 4
iosi 2 3
iosi. 1 4
ioso 2 4
iosp 2 3
iost 2 4
iosu 1 3
iosy 1 4
iothek 1 2
ioth 2 3
iothe 4 5
ioti 1 3
iotj 2 5
iotorens 1 7
ioto 2 3
iotor 2 4
iotore 4 5
iotr 1 5
iov 1 4
iox 1 3
ioz 1 3
ipa 1 2
ipac 1 3
ipaf 2 3
ipap 1 2
ipe 1 2
iperw 1 5
ipetj 3 6
ipi 1 2
ipj 2 3
ipl 1 4
iplu 2 3
ipo 1 2
ipog 3 4
ipr 1 4
ipri 1 2
ipru 2 3
ips 1 2
ipse 1 5
ipsi 2 3
ipsle 2 4
ipsl 2 5
ipste. 3 5
ipst 2 4
ipste 2 4
ipsten 2 5
ira 1 2
irak 3 4
ire 1 3
ires 4 5
irest 3 5
iré 1 2
iri 1 2
irks 2 4
iro 1 2
irop 3 4
irov 3 5
irs 1 3
irsc 2 3
irsp 2 3
irste 2 4
irst 2 4
irtr 2 5
irt 1 2
iru 1 2
is 0 1
isa 1 2
isaa 1 5
isad 1 3
isag 2 4
isap 2 4
isar 1 3
isas 1 3
isc 1 2
ischa 1 5
isch 1 5
ischr 1 4
iscol 2 3
isco 1 3
iscoo 1 6
iscope 1 2
iscop 2 6
ised 3 4
ise 1 2
isei 1 4
isell 2 5
isel 2 3
iseng 2 4
isen 2 3
iserv 1 6
isest 3 5
ises 2 3
isetj 3 6
iset 3 4
isfee 2 5
isf 1 3
isfe 2 3
isfer 2 4
ish 1 3
isho 2 3
isid 3 4
isi 1 2
isij 1 4
isim 1 3
isja 2 3
isj 3 4
isk 1 4
iska 2 3
iske 2 3
isl 2 4
islag 1 3
islas 1 3
isle 2 3
ism 1 3
isn 1 4
isned 1 5
isne 2 3
isnij 1 5
isni 2 3
isno 2 3
isol 0 3
isoo 1 5
isoor 2 3
isos 2 5
isot 1 3
isott 2 5
isp 2 3
ispas 1 6
ispa 3 4
ispi 2 3
ispl 1 5
isq 2 3
issa 2 3
iss 1 4
isso 2 3
ist 1 3
ista 2 3
istak 1 3
istap 2 4
istas 1 3
istat 2 5
isterd 2 6
iste 2 3
ister 3 4
istere 2 5
isth 1 3
isto 2 3
istong 2 5
istr 1 5
istri 2 3
istro. 1 5
isty 1 5
isum 1 4
isu 1 2
isy 1 3
it 0 1
ita 1 2
itac 1 3
itad 1 4
iteen 1 5
ite 1 2
itee 3 5
iten 1 3
iter 1 3
iterei 3 6
itere 3 4
ites 1 5
itest 3 5
itet 3 4
ithie 2 4
itho 2 3
ithu 1 3
iti 1 3
itiest 4 6
ities 1 2
itie 2 3
itj 1 4
ito 1 2
itoef 2 3
itoe 2 4
itoog 2 5
itoo 3 5
itou 1 3
itov 1 5
itperst 5 7
itp 1 4
itpers 2 5
itred 2 5
itr 3 4
itru 2 3
itsje 2 4
its 1 2
itsj 3 5
itsli 2 4
itsl 2 5
itsop 2 4
itsp 2 3
itste 2 4
itst 3 4
itste. 2 5
ittoo 2 6
itt 1 3
itu 1 2
itw 1 3
iu 0 3
ium 2 3
iuma 2 5
iume 1 4
iumo 2 4
iur 2 3
ive 1 3
iv 1 3
ivens 3 5
ivere 3 4
iver 3 4
iw 1 2
iwi 3 4
iwie 2 5
iwit 2 5
iz 0 2
ize 1 3
izet 3 4
î 1 2
ît 2 3
ï 0 1
ï. 0 1
ïa 1 2
ïc 1 2
ïd 1 2
ïen 2 4
ïenen. 2 5
ïene 2 3
ïenen 4 5
ïna 1 3
ïnsm 3 4
ïns 1 2
ïnsp 2 3
ïnu 2 3
ïnur 1 4
ïo 1 2
ïri 1 2
ïro 1 2
ïs. 0 2
ïsa 2 3
ïsc 1 2
ïsche 1 5
ïsch 1 5
ïsl 2 4
ïso 1 2
ïst 2 3
ït 1 2
ïz 1 2
j. 0 1
jaar 0 1
jaa 2 4
jaartj 2 7
jaart 3 4
jab 2 3
jaf 0 1
jag 0 1
jagers 4 7
jage 2 3
jakn 2 5
jami 2 4
jansl 3 6
jans 1 3
janst 3 5
japl 1 5
japo 2 3
jar 0 1
jare 2 5
jas 0 4
jasp 3 4
jaw 0 3
jaz 2 4
jb 1 2
jbal 3 4
jba 1 2
jbeli 2 5
jbe 1 3
jc 1 2
jda 1 4
jdaa 1 5
jdan 2 3
jdar 1 3
jdee 1 4
jde 1 2
jdene 3 5
jdens 3 5
jdensp 4 6
jderv 1 6
jdes 3 5
jdesp 3 5
jdest 3 5
jdia 3 4
jdi 1 2
jdo 1 4
jdom 1 2
jdon 2 3
jdop 1 3
jdr 1 4
jdre 1 3
jdri 1 3
jdro 1 3
jdru 1 3
jdsei 2 5
jds 1 2
jdse 2 5
jdspo 2 5
jdst 2 5
jdu 1 3
jdw 1 3
jdwan 1 3
jea 1 4
jeba 0 3
jeb 2 3
jech 2 3
jecta 3 4
ject 1 4
jee 0 3
jel 3 4
jela 2 3
jen 1 2
jena 2 5
jeno 2 4
jep 0 1
jepiet 6 7
jepi 2 3
jepie 3 4
jero 2 3
jers 2 5
jersp 3 4
jes 2 4
jesa 0 1
jesal 0 4
jesch 2 6
jesc 2 3
jeskn 0 6
jesk 2 5
jesl 2 5
jesm 3 4
jeso 2 5
jespa 3 5
jesp 2 3
jespr 3 6
jesr 0 4
jestr 2 6
jest 3 4
jesvo 0 1
jesv 2 5
jeswa 0 1
jesw 2 4
jeswi 0 1
jet 2 3
jeter 3 4
jete 2 3
jetov 4 6
jeto 2 3
jetst 3 5
jets 2 3
jeu 0 1
jevr 0 5
jev 2 4
jew 0 3
jex 1 2
jfa 1 3
jfei 1 4
jfe 1 2
jfen 1 5
jfij 1 4
jfi 1 2
jfink 1 5
jfl 2 4
jflat 1 5
jfle 2 3
jfo 1 4
jfr 2 4
jfra 1 3
jfro 1 3
jfs 1 3
jfsa 2 5
jfsc 2 3
jfser 2 4
jfse 2 5
jfsf 2 4
jfsl 3 5
jfsm 3 4
jfsn 3 5
jfsp 3 4
jfspa 3 5
jfst 2 4
jfsta 2 3
jfstak 3 4
jfstan 2 3
jfstel 2 5
jfste 2 4
jfsti 2 4
jfsto 2 4
jft 1 4
jfti 2 3
jftw 2 4
jg 1 2
jge 1 2
jgersl 4 7
jgers 3 4
jgl 1 4
jgse 2 5
jgs 1 2
jgsn 2 5
jgst 2 4
jgste 2 4
jh 1 2
jif 1 4
jig 1 2
jing 2 4
jitj 2 5
jit 1 2
jj 1 2
jk 0 1
jka 1 2
jkaa 1 5
jkaard 2 6
jkar 1 2
jkarb 2 5
jkau 1 2
jkav 1 5
jkij 1 4
jki 1 2
jkl 1 4
jklaa 1 6
jklak 2 3
jklap 2 6
jklas 2 3
jkle 1 2
jkled 1 5
jkles 2 5
jkli 2 3
jklon 1 2
jklop 2 3
jkluc 1 4
jkna 1 3
jkn 1 4
jkof 1 3
jko 1 2
jkol 1 4
jkon 1 3
jkop 1 4
jkopb 1 6
jkope 2 4
jkopl 2 6
jkops 1 4
jkr 1 4
jkra 1 2
jkraa 2 6
jkran 1 2
jkre 2 3
jkro 2 3
jkru 1 3
jkslo 2 3
jks 1 2
jksl 3 5
jkspl 2 6
jksta 2 3
jkst 3 4
jkstaak 3 4
jkstaa 5 7
jkstaal 3 5
jkstak 3 4
jkstan 2 3
jkui 1 4
jku 1 2
jkw 2 3
jkwas 1 3
jla 1 2
jlaa 1 5
jlana 1 4
jlan 2 3
jle 1 2
jlef 1 3
jlel 1 3
jlf 2 3
jlink 2 5
jli 1 2
jlo 1 2
jloe 1 4
jlu 1 2
jmaf 1 3
jma 1 2
jmar 1 3
jmi 1 2
jmop 1 3
jmo 1 2
jms 1 3
jna 1 4
jnaa 1 5
jnac 1 3
jnag 1 5
jnak 2 3
jnam 1 3
jname 3 4
jnan 1 3
jndr 2 5
jnd 1 2
jnef 1 2
jne 1 2
jnen 3 4
jnerk 1 3
jnerv 1 6
jngl 2 5
jng 1 2
jnim 1 3
jni 1 2
jnink 1 5
jnk 1 4
jno 1 4
jnsi 2 3
jns 1 2
jnsl 2 5
jnslac 3 4
jnslu 2 3
jnsor 3 4
jnso 2 3
jnsp 2 3
jnspl 2 6
jnst 2 4
jnste. 2 5
jnste 2 4
jnt 1 4
jntr 2 5
joet 4 5
joe 2 3
joi 0 2
jole 2 4
jolij 2 5
joli 2 3
jom 1 2
jon 0 2
jone 2 5
jop 1 2
jope 2 3
jora 2 3
joru 2 4
jou 1 2
jour 0 1
joure 3 5
joy 3 4
jpa 1 2
jpac 1 3
jparm 1 5
jpe 1 2
jpem 1 3
jpij 2 4
jpin 1 2
jpio 1 4
jpj 2 3
jpla 1 2
jpl 2 4
jpli 2 3
jpo 1 2
jpor 1 3
jpre 1 2
jpr 3 4
jpri 2 3
jprok 2 4
jps 1 4
jr 1 2
jraads 3 7
jraa 2 5
jraad 2 3
js 0 1
jsa 2 3
jsef 1 2
jse 1 2
jsela 1 4
jsel 2 3
jseli 1 4
jsem 1 3
jser 1 4
jsi 1 3
jsin 2 3
jsir 1 3
jsle 2 3
jsl 2 4
jslee 2 6
jsli 2 3
jslie 1 4
jsme 2 3
jsm 2 3
jsmel 2 4
jsmet 2 3
jsn 2 4
jso 1 4
jsoe 1 4
jsol 2 3
jspac 2 3
jspa 3 4
jspar 2 3
jspe 1 2
jspl 1 5
jspo 1 4
jspoo 2 6
jspoortj 6 9
jspoort 3 6
jspor 1 2
jsta 1 2
jst 2 3
jstar 1 2
jste 1 3
jstee 1 6
jstek 1 3
jstel 1 4
jsteng 1 5
jsten 3 4
jsth 1 3
jstij 2 5
jsti 2 3
jstond 1 5
jstoo 1 6
jstou 2 3
jstran 3 4
jstr 1 5
jstrok 1 5
jsu 1 2
jsy 1 3
jtaal 1 3
jtaa 3 5
jtaar 2 3
jtac 1 3
jtag 1 2
jtak 1 2
jtan 1 2
jte. 1 3
jte 1 2
jth 2 3
jtoe 1 4
jtopt 2 5
jtr 1 4
jtra 2 3
jtred 1 5
jtree 1 5
jtrei 2 5
jtrek 1 2
jtri 2 3
jtrok 1 4
jtrot 2 3
jts 1 3
jtu 1 2
ju 0 2
jud 2 3
jum 0 1
jus 3 4
juve 3 5
juv 2 4
jv 1 3
jven 3 4
jve 2 3
jvers 3 5
jver 3 4
jversp 4 6
jvet 3 4
jvies 4 6
jvi 1 2
jvie 2 3
jw 1 2
jzero 3 5
jz 1 2
jze 2 3
k. 0 1
ka 0 1
kaanb 1 5
kaa 2 4
kaanl 1 5
kaart 0 4
kaartjes 5 9
kaartj 2 7
kaatste. 4 7
kaat 3 4
kaatst 4 6
kaats 3 4
kaatste 4 6
kabe 2 5
kab 2 3
kabo 2 4
kac 0 2
kadet 2 6
kade 2 3
kadm 0 4
kado 2 3
kadv 1 5
kaf 0 1
kafd 1 3
kaff 1 4
kafl 2 5
kaft 0 3
kaga 2 3
kagen 1 3
kage 2 3
kah 1 2
kai 2 3
kalb 0 5
kale 2 3
kalf 0 1
kalfs 3 6
kali 2 4
kalk 3 4
kalka 0 5
kalt 0 4
kalv 0 5
kam 0 1
kamb 0 4
kamen 2 6
kame 2 3
kamere 4 5
kampa 3 4
kamp 2 4
kampl 3 6
kampr 3 6
kanaa 2 6
kana 2 3
kand 2 4
kang 0 3
kansl 3 6
kans 1 3
kanst 3 5
kantj 3 6
kant 2 3
kao 1 4
kap. 0 3
kape 2 3
kapl 1 5
kapo 2 3
kappa 0 4
kapp 2 4
kapr 1 5
kaps 2 4
karc 1 4
karo 1 3
kart 2 5
karti 0 4
kartr 3 6
kas 2 3
kasc 2 4
kasi 0 3
kasto 3 6
kast 2 4
kastr 1 6
kastra 4 5
kastro 2 3
kasur 3 5
kasu 2 3
kataal 3 4
kat 2 3
kataa 4 6
katale 2 5
katal 3 4
katan 2 3
kati 2 5
katio 2 5
katj 2 5
katl 1 4
kato 4 5
katog 2 4
katr 2 5
kats 2 4
kaut 0 5
kavo 0 3
kav 2 4
kb 0 2
kc 0 2
kca 1 2
kd 0 2
kdia 3 4
kdi 1 2
ke 0 1
keb 1 3
kec 0 2
kedi 2 3
ked 2 3
keen 0 4
kee 2 3
keepl 3 6
keer 3 4
keers 3 5
keersto 4 6
keerst 4 6
kef 0 1
keff 0 4
kei. 1 3
kei 2 3
keie 1 4
keil 1 2
keis 2 5
keit 1 5
kelap 2 3
kela 2 3
kelda 3 4
keld 2 3
keldr 3 6
kelel 2 3
kele 2 3
kelem 0 3
kelf 3 4
kelint 2 5
keli 1 3
kelom 2 3
kelo 1 3
kelop 2 4
kelsp 3 4
kels 2 3
kema 0 3
kemm 0 4
kemp 0 4
kenan 2 4
kena 2 3
kenau 2 3
kenei. 3 5
kene 2 3
kenei 2 5
kenen 2 5
kenk 2 4
keno 2 4
kenspo 4 6
kensp 3 5
kens 2 3
kepiet 5 6
kepi 2 3
kepie 3 4
keq 0 3
keram 2 3
kerenk 2 6
kere 2 3
kerkl 3 6
kerkle 3 4
kerkn 3 6
kerkr 3 6
kerku 3 4
kerkw 3 4
kerna 3 5
kern 2 4
kerno 3 4
kero 3 5
keros 2 4
kersm 3 5
kers 2 3
kerspe 3 4
kersp 3 4
kerspr 3 7
kersta 3 4
kerst 3 5
kerste. 3 6
kerste 3 5
kersti 3 5
kerts 0 4
kert 2 3
kerva 0 1
kerv 3 5
kerwt 0 4
kerw 3 4
kes 2 3
kesp 2 4
kesta 2 3
kest 3 4
kesten 3 5
keste 3 4
kesto 2 3
kestraa 2 8
kestr 2 6
ket 1 2
ketel 0 4
kete 2 3
ketj 2 5
keto 2 3
ketr 2 5
ketste. 4 6
ketste 3 5
kets 2 3
ketst 4 5
kettings 6 8
kett 2 4
ketti 3 4
ketting 5 6
ketu 0 3
ketw 2 4
keu 0 2
keviet 6 7
kev 2 4
kevi 2 3
kevie 3 4
kevl 2 3
kex 0 2
kez 0 3
kf 0 2
kg 0 2
kh 0 3
kho 1 2
khouds 4 6
khoud 4 5
ki 0 1
kid 0 3
kied 0 4
kie 1 2
kiesp 3 4
kiest 3 5
kieste 3 5
kietj 3 6
kieze 4 6
kiez 3 4
kië 0 3
kijkl 3 6
kij 2 3
kijk 2 3
kijs 1 3
kijv 0 5
kijz 0 4
kilo 2 3
kilov 4 6
kina 2 3
kinb 0 4
kindel 0 2
kind 2 3
kinde 3 4
kindste. 5 7
kindste 4 6
kinds 3 4
kindst 5 7
kindu 0 4
kinen 3 5
kine 2 3
king 0 3
kingsl 5 7
kings 3 5
kinh 0 4
kinie 2 6
kini 2 3
kinko 1 4
kink 2 4
kinr 0 4
kins 0 3
kint 0 3
kinv 0 5
kio 1 3
kipl 2 5
kise 2 3
kis 1 2
kisp 2 4
kits 2 4
kit 1 2
kitste 3 5
kitst 4 5
kj 1 2
kja 0 2
kjew 1 4
kjo 1 2
kju 0 3
kk 0 3
kkenei 3 6
kke 1 2
kkene 3 4
kkers 3 5
kkersten 5 7
kkerst 4 6
kkerste 4 6
kkest 3 5
kkes 3 4
kl 0 3
klac 0 2
kladi 1 5
klap 3 5
klas 1 2
klas. 0 4
klass 0 6
klast 1 5
klat. 1 4
klat 3 4
klatt 1 5
klav 0 5
kled 0 4
kledi 0 4
kleed 0 5
klee 3 5
kleer. 1 5
kleer 4 5
kleg 0 4
klem 0 1
klen 0 2
kler. 1 4
klera 0 4
klers 1 4
kles 1 4
kleu 0 4
klic 1 3
kli 1 2
klid 0 2
klig 1 3
klij 0 4
klijs 0 5
klim 1 2
klime 3 4
klin 0 2
klob 1 4
klod 0 1
klok 0 3
klok. 0 4
kloka 1 4
kloke 1 4
klood 1 5
kloo 3 5
kloof 0 3
klope 1 4
klos 0 3
klotste. 4 7
klots 3 4
klotste 4 6
klotst 5 6
kloz 0 4
kluc 0 3
kluih 0 5
klui 3 4
km 0 2
kma 1 2
kn 0 3
knam 0 2
kna 1 2
knap 1 2
knar 0 2
knec 0 1
kne 1 2
knem 1 2
kni 1 4
knie. 0 4
knie 2 3
knip 4 5
kniv 0 5
knol 0 1
knote 1 4
knot 1 2
knum 0 2
ko 0 1
kobl 2 4
kob 1 3
koc 1 2
koct 0 5
koef 0 2
koe 2 3
koek 0 1
koeket 3 6
koeke 3 4
koersp 4 6
koer 1 2
koers 3 4
koes 4 5
koetj 3 6
koetste. 5 7
koetste 4 6
koets 3 4
koetst 5 6
koge 2 5
kogr 0 5
kok 0 2
koko 0 3
kole 2 5
kolen 2 6
kolm 0 3
kolo 0 3
koly 2 3
koma 1 4
komg 0 4
komp 2 4
komsl 1 6
koms 2 3
komstr 3 7
komst 4 5
komz 0 4
konge 3 6
kong 2 3
koni 1 3
kontb 1 5
kont 2 3
kontj 3 6
kontr 3 6
koo 2 4
koog 0 4
kooitj 4 7
kooi 2 3
kooit 3 4
koot 3 5
kootj 3 6
kopa 1 3
kopb 0 5
kopd 0 5
kope 2 3
kopen. 2 5
kopg 0 4
kopi 0 3
kopj 0 4
kopl 2 5
kops 0 3
kopz 0 4
kord 0 4
kordo 3 4
korg 0 4
kork 0 2
korste. 3 6
kors 2 3
korst 3 5
korste 3 5
korta 3 4
kort 2 3
korto 3 6
kortr 3 6
koru 2 4
kos 0 4
kos. 0 3
kosj 2 5
kosjere 2 6
kosje 3 4
kosjer 2 3
koso 2 5
koss 0 5
kotst 3 5
kots 2 3
kotste. 3 6
kotste 3 5
kov 0 4
kox 0 3
kp 0 2
kpis 2 4
kplam 1 2
kpl 2 4
kpren 5 6
kpr 3 4
kr 0 3
kra 0 1
kraad 1 3
kraa 2 5
kraads 3 7
krab 3 4
krad 0 2
krand 1 4
krea 0 3
krec 0 2
krede 0 4
kred 3 4
kree 1 5
kreep 1 5
kreet 4 6
kref 1 3
kreg 1 4
krel 0 2
kric 0 3
krijk 1 4
krij 3 4
krijp 1 2
krijt 4 5
krijtj 4 7
krit 1 3
kritm 1 5
kroetj 4 7
kroe 3 4
krol 0 1
kron 1 2
kront 1 5
kroon 0 3
kroo 3 5
kropa 2 5
kroto 3 4
krou 0 1
krov 1 5
kru 0 2
krub 1 4
kruis 0 4
krui 3 4
krul 3 4
krula 3 5
ks 0 1
ksal 1 3
ksalm 1 4
ksan 2 3
ksap 2 4
ksar 2 3
ksas 2 3
kse 1 4
ksec 1 2
ksed 2 4
ksei. 1 4
ksei 3 4
ksep 2 3
kserv 1 6
kset 2 4
ksev 3 5
ksgest 5 6
ksg 1 3
ksge 2 3
ksges 2 6
ksi 1 2
ksil 1 2
ksin 2 3
ksis 1 4
ksit 1 3
ksj 2 4
ksla 1 2
ksl 2 4
kslab 1 5
kslan 1 4
ksle 2 3
ksli 2 3
ksmo 1 3
ksm 2 3
ksna 2 3
ksn 2 4
ksno 2 3
ksnu 2 3
kso 3 4
ksom 2 3
ksong 1 4
kspa 1 4
kspand 2 5
kspan 2 3
kspar 1 2
kspe 1 2
kspi 1 2
kspoo 2 6
kspo 3 4
kspor 1 2
kspot 2 3
kspru 2 3
kspr 4 5
kspu 1 4
kss 1 4
kst 2 3
ksta 1 2
kstaan 1 2
kstaa 4 6
kstaat 1 6
kste 1 3
kstec 1 3
ksted 1 5
ksten 1 4
kstent 1 5
kster 3 5
kstera 5 6
ksterr 1 6
ksth 1 3
ksti 1 3
ksto 1 2
kston 2 3
kstoo 1 6
kstop 1 3
kstot 1 2
kstrek 2 3
kstr 1 5
kstri 2 3
kstue 1 5
kstu 1 2
kstuit 2 5
kstui 4 5
ksy 1 3
kt 0 1
kta 1 2
ktaan 2 3
ktaa 3 5
ktaar 1 2
ktaat 4 6
ktac 1 3
ktart 2 4
kte 1 2
ktec 1 4
kteco 1 4
ktex 1 2
kth 2 3
ktij 1 4
kti 1 2
ktim 2 3
ktin 2 3
ktit 1 3
ktj 1 4
kto 1 2
ktom 2 3
ktop 3 4
ktor 2 3
ktord 2 5
ktorg 1 5
ktori 2 4
ktov 2 5
ktr 1 4
ktres 2 3
ktroll 1 6
ktros 2 5
ktu 1 2
ku 0 1
kube 2 4
kub 1 3
kuif 2 4
kui 2 3
kuit 0 3
kuk 1 3
kume 1 3
kun 0 3
kuni 0 3
kuns 0 3
kur 2 3
kura 2 3
kure 2 4
kurs 2 4
kus 0 3
kut 3 4
kû 0 1
kv 0 3
kve 1 3
kvent 3 6
kwaal 0 2
kwaa 3 5
kwac 0 2
kwad 1 3
kwag 1 3
kwal 0 2
kwam 0 2
kwar 0 3
kware 1 4
kwat 0 4
kweer 1 5
kwee 3 4
kweg 0 4
kwei 1 4
kwel 0 1
kwenst 4 6
kwen 3 4
kwens 3 4
kwenste. 5 7
kwenste 4 6
kwer 0 2
kwes 0 5
kwestr 3 7
kwest 4 5
kwets 0 4
kwie 1 3
kwijz 1 5
kwij 2 4
kwik 1 4
kwil 0 2
kwin 0 1
kwind 1 4
kwo 0 2
ky 2 3
kz 0 2
l. 0 1
laan 0 1
laa 2 4
laand 0 4
laanh 1 5
laare 3 6
laartj 2 7
laart 3 4
laatsta 4 5
laat 3 4
laatst 4 6
laats 3 4
labon 1 3
lab 2 3
labo 3 4
lac 0 1
laca 2 3
lach. 0 4
lacha 2 3
lache 0 5
lachte 4 5
lacht 2 4
lachts 4 6
laci 1 3
lada 2 4
ladet 2 6
lade 2 3
ladj 0 4
ladm 0 4
lado 2 4
ladr 0 5
lads 1 4
ladu 2 3
ladv 0 5
lae 0 4
laf 0 1
lafa 1 3
lafl 2 5
lafo 1 5
lafs 0 5
laga 2 4
lagent 2 5
lage 2 3
lago 2 3
lagr 2 5
lags 2 5
lagsa 3 6
laka 2 5
laki 2 3
lakr 2 5
lal 0 1
lald 0 3
lalo 2 4
lampj 3 5
lamp 2 4
lampl 3 6
lampo 3 6
lamsp 3 5
lams 2 3
lan 1 2
lana 0 3
lanac 2 4
land 0 3
landa 1 4
landaa 4 7
landoo 3 7
lando 3 4
landr 3 6
landste. 5 7
lands 3 4
landst 5 7
landste 4 6
lanec 2 4
lane 2 3
lanel 5 6
lange. 0 5
lang 2 3
lange 3 4
langl 4 6
langsp 4 6
langs 3 5
langsta 4 7
langst 5 6
lanka 3 5
lank 2 4
lankl 3 6
lankw 3 5
lann 0 4
lanor 2 3
lano 2 3
lans 1 4
lansl 3 6
lanst 3 5
lantj 3 6
lant 2 3
lapac 3 4
lapa 2 3
lapi 1 3
lapl 1 5
lapo 3 5
lapre 2 3
lapr 1 5
lapu 1 4
laq 2 3
larda 3 4
lard 2 4
larm 0 4
larm. 0 4
larst 3 5
lars 2 4
lasa 1 5
lase 1 5
lasi 2 3
lasto 3 4
last 2 4
lastt 0 6
late 2 3
lat 2 3
lathe 2 5
latj 2 5
latro 2 4
latr 4 5
lats 0 5
latsl 3 6
lau 0 1
lauf 0 1
laust 3 5
laus 1 2
lauw 1 2
lav 2 4
lava 4 5
lavo 2 3
law 0 3
laz 1 3
lazi 0 4
lazij 2 5
lb 0 3
lbert 3 5
lbe 1 3
lbertj 4 7
lboot 4 6
lbo 2 3
lboo 3 5
lc 0 2
lcel 1 5
lce 1 2
ld 0 1
ldaat 1 6
lda 1 2
ldaa 3 5
ldac 1 3
ldak 4 5
ldalf 1 3
ldar 1 4
ldarc 2 5
ldari 1 4
ldart 2 4
ldau 1 2
ldeco 2 4
lde 1 2
ldeks 3 6
ldek 1 2
ldez 1 4
ldia 3 4
ldi 1 2
ldoef 1 3
ldo 1 2
ldoe 1 4
ldoli 1 4
ldom 1 3
ldon 1 3
ldoog 2 5
ldoo 3 5
ldop 1 4
ldopi 2 4
ldord 2 5
ldov 1 5
ldr 1 4
ldrade 1 5
ldra 1 2
ldram 2 3
ldrang 2 5
ldrat 2 5
ldre 1 3
ldree 1 5
ldrij 2 5
ldroe 2 5
ldrol 2 3
ldrom 2 3
ldrui 2 5
ldsa 2 5
lds 1 2
ldsl 2 5
ldsma 2 4
ldsm 2 4
ldsp 2 3
ldste 2 4
ldst 3 5
ldu 1 2
lduit 1 4
ldui 3 4
lduu 2 5
ldw 1 3
lea 1 3
leane 2 4
lean 2 3
leat 2 4
lebal 4 5
leb 2 3
leba 2 3
lechtst 5 7
lecht 2 4
lechts 4 5
lee 2 4
leeg 2 5
leege 3 6
leegi 3 5
leekh 0 6
leek 3 4
leel 3 4
leem 1 5
leen 0 4
leep 0 1
leepo 3 6
leese 3 5
lees 3 5
leesl 3 6
leespo 4 6
leesp 3 5
leeu 0 1
leff 0 4
legas 4 6
leg 1 3
lega 2 3
legec 2 5
lege 2 3
legl 2 5
lego 2 3
lego. 2 4
legs 2 5
leidi 0 4
lei 2 3
leid 1 2
leier 0 1
leie 2 4
leig 0 1
leitj 3 6
leit 1 5
leits 3 6
leko 2 5
leks 0 3
lekstr 3 7
lekst 4 5
leld 0 3
lele 2 3
leli 0 3
lelp 1 3
lenad 2 5
lena 2 3
lenak 2 5
lene 0 3
lenem 2 5
lenkw 3 4
lenk 2 4
leno 2 3
lenop 2 5
lensf 3 5
lens 2 3
lensm 3 5
lenth 0 5
lent 2 3
leo 2 3
lep. 0 3
lera 0 3
lerak 2 5
lerei 2 5
lere 2 3
lerev 2 6
lerg 3 5
lero 2 4
leron 2 4
lersl 3 6
lers 2 3
lerspo 3 6
lersp 3 4
lerts 0 4
lert 2 3
les 2 3
lesa 2 3
lesc 2 3
leset 3 5
lese 2 4
lesh 2 4
lesm 3 4
lesp 2 3
lespe 2 3
lessa 0 2
less 2 5
lest 3 4
lesta 3 4
lestaa 3 7
lestel 2 5
leste 3 4
lestr 2 6
lesu 2 4
leth 2 4
letha 2 4
leti 2 4
letin 2 3
letop 2 5
leto 2 3
letr 2 5
letre 2 4
letst 3 5
lets 2 3
letste. 4 6
letste 3 5
letu 2 4
leuko 3 5
leuk 2 3
leuma 3 5
leum 2 3
leuro 3 5
leus 4 5
leuste 3 5
leust 3 5
leuz 0 4
levens 4 6
lev 2 4
leve 3 4
levinkj 3 7
levi 2 3
levink 4 6
lexc 0 4
lexp 0 4
lfac 1 2
lfa 1 2
lfag 1 4
lfas 3 4
lfau 1 2
lfen 3 4
lfe 1 2
lfend 1 4
lfene 2 4
lfez 1 4
lfli 2 3
lfl 2 4
lflo 1 3
lflu 2 3
lfo 1 2
lfoe 1 4
lfol 2 4
lfop 1 4
lford 2 5
lfor 2 3
lforg 2 5
lfou 1 2
lfra 1 2
lfr 3 4
lfru 1 2
lfsei 2 5
lfs 1 3
lfse 2 5
lfsl 2 5
lfsle 3 4
lfsm 2 4
lfso 2 5
lft 1 4
lfta 2 3
lftw 2 4
lfuu 1 5
lfu 1 2
lg 0 2
lgaar 1 2
lga 1 2
lgaa 3 5
lgap 1 2
lgena 3 5
lge 1 2
lgla 1 2
lgl 3 4
lgoe 1 4
lgo 1 2
lgog 1 3
lgoo 1 5
lgs 1 4
lgse 2 5
lh 0 2
li 0 1
liag 2 5
lia 2 3
liam 2 3
lichtst 5 7
lic 1 2
licht 2 4
lichts 4 5
lid 0 1
lid. 0 3
lidm 0 4
lids 2 5
liega 3 5
lie 1 2
lieg 2 4
liegr 3 6
lieka 3 4
liek 2 3
liesp 3 4
liest 3 5
lieto 3 6
lieu 2 4
liè 0 4
lift 0 3
lif 1 2
lig 1 2
ligo 2 3
lijka 3 5
lij 2 3
lijk 2 3
lijma 3 5
lijmv 0 6
lijn 0 2
lijp 0 1
lijs 0 4
lijsta 3 6
lijst 1 5
lijt 0 1
lijz 0 4
likr 2 5
lik 1 2
liksp 3 4
liks 2 3
likw 2 4
likwi 2 3
lima 2 4
limi 2 3
limp 0 4
limpj 3 5
linda 3 4
lind 2 3
linf 0 4
linh 0 4
lini 2 3
linka 3 5
link 2 4
linn 0 4
linna 1 4
linr 0 4
lins 0 3
lintj 3 6
lint 2 3
linv 1 5
linz 0 4
liob 2 4
lio 1 3
liom 2 3
lios 2 5
liot 2 3
lipa 2 3
lipi 2 3
lipl 2 5
lisee 2 5
lis 1 2
lise 2 3
liso 0 1
lisw 1 4
lith 2 4
lit 1 2
litr 3 5
litsa 3 4
lits 2 3
litsl 3 6
litst 3 5
litste. 3 6
litste 3 5
litsten 3 6
lix 0 1
lj 0 3
lkaf 1 3
lka 1 2
lkank 1 5
lkarm 2 5
lkart 2 6
lke 1 2
lkei 1 4
lkem 1 3
lkene 3 5
lkens 3 5
lkep 1 3
lki 1 2
lking 1 6
lklaa 2 6
lkl 1 4
lklag 2 3
lklas 1 3
lklev 1 6
lklim 1 3
lkli 2 3
lko 1 2
lkoe 1 4
lkont 2 4
lkooi 3 6
lkoo 3 5
lkopb 1 6
lkor 1 2
lkou 1 2
lkra 1 2
lkr 1 4
lkre 1 2
lkrep 2 3
lkres 2 3
lkrij 2 5
lkro 1 3
lks 1 3
lkse 2 5
lkso 2 5
lkson 2 3
lksoo 2 6
lkstaa 3 7
lkst 3 4
lksta 2 3
lkste 2 4
lkstel 3 5
lkstr 2 6
lkuu 1 5
lku 1 2
lkw 1 2
lkwi 2 3
lky 1 4
ll 0 2
lla 1 2
llad 3 4
llag 3 5
llatr 3 6
llat 3 4
lleig 1 3
llei 3 4
llek 3 4
llel 2 3
lleo 3 5
lleron 3 5
llero 3 5
llesm 3 5
lles 3 4
lleth 3 5
llevie 4 7
llev 3 5
llevi 3 4
lli 1 3
llo 1 2
llof 3 4
llon 1 2
llsh 2 4
lls 1 2
lm 0 1
lmaa 1 5
lma 1 2
lmaat 4 6
lmaca 2 4
lmaf 2 3
lmaï 3 5
lmak 1 2
lmarc 2 5
lmart 2 4
lmas 3 5
lmau 2 3
lme 1 2
lmed 1 4
lmedi 2 4
lmep 1 3
lmes 2 4
lmete 3 4
lmi 1 2
lmo 1 2
lmog 1 5
lmoli 1 4
lmor 2 3
lmroz 4 5
lmr 1 3
lmsc 2 4
lms 1 2
lmsh 2 4
lmsu 2 3
ln 0 2
lnis 1 4
lni 1 2
loa 1 3
lobj 0 4
lob 1 3
loboo 2 6
lobo 3 4
loeda 3 5
loe 2 3
loed 3 4
loedr 3 6
loeg 0 4
loegr 3 6
loenst 4 6
loens 3 4
loenste. 5 7
loenste 4 6
loes 0 1
loeu 1 2
loev 0 5
lofaa 2 6
lofa 2 3
lofd 2 5
lofs 2 5
log 3 4
logl 3 5
logo 2 3
logr 0 5
logs 2 5
lokar 2 4
lok 1 2
loka 2 3
loko 2 5
lokr 2 5
loku 2 5
lol 0 3
lola 2 3
loml 1 4
lompj 3 5
lomp 2 4
lompl 3 6
lomt 1 3
lomv 1 5
lomz 0 4
lon. 0 3
lond 0 3
long 0 3
longaa 3 7
longa 3 4
longo 3 5
longr 3 6
lono 3 4
lont 0 3
lontj 3 6
look 0 3
loo 2 4
loopi 3 4
loop 3 5
loosh 0 5
loos 2 4
loote 3 5
loot 3 4
lopa 1 3
lopb 0 5
lopd 1 5
lope 2 3
loph 0 5
lopl 0 5
lopla 3 4
lopn 0 4
lopr 2 5
lopt 0 4
lopv 0 5
lopw 0 4
lor 0 1
lor. 0 3
lore 2 3
lorg 0 4
lori 2 3
loro 1 5
lors 0 3
loru 2 4
lospe 2 3
los 1 2
lost 2 5
losto 3 4
lostr 2 6
losu 2 4
lota 1 3
lotal 3 5
lotet 2 5
lote 2 3
loth 2 4
lotj 2 5
lotof 2 5
loto 2 3
lotr 1 5
lous 1 4
lov 2 4
love 0 4
loz 0 3
lp 0 1
lpa 1 2
lpaa 1 5
lpaan 1 3
lpag 1 4
lpam 2 4
lpar 1 2
lpas 1 5
lpe 1 2
lpen 3 4
lpex 1 2
lpi 1 2
lping 1 4
lpins 1 4
lpj 2 3
lpl 1 4
lpla 1 3
lplam 1 2
lpo 1 2
lpof 2 3
lpom 1 2
lpon 2 3
lpope 1 3
lpos 1 3
lpot 1 2
lpr 1 4
lpram 1 3
lpra 2 3
lr 0 2
lraads 3 7
lraa 2 5
lraad 2 3
lrus 2 5
ls 0 1
lsaa 1 5
lsad 2 4
lsag 2 4
lsam 1 2
lsan 2 3
lsap 1 4
lsas 2 3
lsat 1 4
lscor 2 3
lsc 1 2
lsco 1 3
lscu 1 4
lseco 2 4
lse 1 2
lsed 1 4
lsef 1 2
lsen 1 3
lsep 1 4
lsgest 4 6
lsg 1 3
lsge 2 3
lsges 2 6
lshi 1 3
lsh 2 3
lsi 1 2
lsim 1 3
lsin 1 2
lsinj 2 6
lsink 2 5
lsint 1 4
lsj 2 4
lsja 2 3
lskel 1 3
lsk 1 4
lske 2 3
lski 1 4
lsl 1 4
lsla 1 2
lsle 1 3
lsled 2 5
lslee 2 6
lsleg 1 5
lslen 2 3
lsli 1 3
lslin 2 3
lslo 1 2
lsmaak 2 3
lsm 2 3
lsma 2 3
lsmaa 4 6
lsmed 2 5
lsme 2 3
lsmee 2 5
lsmid 1 3
lsmi 2 3
lsna 2 3
lsn 2 4
lsne 1 3
lsno 1 2
lsnor 2 3
lsoc 1 4
lsof 2 3
lsol 1 3
lsop 1 3
lsor 2 4
lsov 1 5
lsp 1 2
lspa 1 4
lspac 2 3
lspan 1 3
lspar 2 3
lspe 2 3
lspi 1 2
lspli 2 6
lspl 1 5
lspoo 1 6
lspo 3 4
lspoot 1 7
lspor 1 2
lspr 1 5
lspra 2 4
lst 1 3
lsta 1 2
lstaf 1 2
lstak 1 3
lstak. 2 5
lste 1 3
lstek 1 2
lstev 1 6
lsti 2 3
lsto 1 2
lstraa 1 7
lstr 1 5
lstrak 2 3
lstrat 1 6
lstu 1 2
lsty 1 5
lsu 1 2
lsur 1 2
lsus 2 4
lsy 1 3
lt 0 2
ltaa 2 5
ltac 1 3
ltam 1 2
ltame 1 4
ltan 1 3
lthan 2 3
ltha 1 3
lthi 1 3
ltho 1 3
lthu 1 2
ltol 2 4
ltoli 1 4
ltov 1 5
ltr 1 4
ltras 4 5
ltrug 1 5
ltsl 2 5
lts 1 2
ltsp 2 3
ltste. 3 5
ltste 2 4
ltst 3 4
ltu 1 2
lub 1 4
lube 2 4
lubl 2 4
luen 2 3
lui. 0 3
lui 2 3
luia 0 4
luid 0 1
luids 3 6
luie. 0 4
luie 2 4
luit 0 3
luks 2 4
luk 1 2
lukst 4 5
luna 2 3
lunc 0 4
luni 0 3
lusta 2 4
lust 3 4
luta 2 3
lutj 2 5
lutst 3 5
luts 2 3
lutste. 3 6
lutste 3 5
luwi 2 3
lvens 3 5
lv 1 3
lve 2 3
lvera 4 6
lver 3 4
lw 1 2
ly 0 1
lyi 2 3
lyst 2 4
lys 3 4
lz 0 2
lzooi 3 6
lzoo 3 5
m. 0 1
ma 0 1
maas 4 5
maa 2 4
maatst 4 6
maat 3 4
maats 3 4
mact 1 4
madv 0 5
maesto 2 3
mae 1 2
maes 3 5
maest 3 5
mafl 1 5
mafr 2 5
mafs 0 5
mafw 0 5
mag 1 2
magl 1 5
mago 2 3
magr 2 5
maï 2 4
maka 2 5
make 2 3
makr 0 5
makw 2 4
mala 2 4
malac 2 3
malent 2 5
male 2 3
malst 3 5
mals 2 3
man. 0 3
manac 2 4
mana 2 3
manal 1 2
manda 1 4
mand 2 3
mando 3 4
mands 3 5
mann 0 4
mano 2 3
mans 0 4
manse 3 4
mansee 4 6
manso 3 6
mansp 4 5
manst 3 5
mansta 3 5
manth 3 4
mant 2 3
mantr 3 6
mapa 2 3
mapr 1 5
maq 2 3
mari 1 3
mariet 6 7
marie 3 4
mark 0 5
marsh 3 5
mars 2 4
marst 3 5
marti 3 4
mart 2 3
maso 1 3
maspo 2 5
masp 3 4
mass 0 5
maste 2 4
mast 2 4
mastr 1 6
mata 2 3
mat 2 3
mater 0 4
mate 2 3
matj 2 5
matom 2 3
matr 2 5
matst 3 5
mats 2 3
matste. 3 6
matste 3 5
mav 2 4
mb 0 2
mbl 1 3
mbootj 4 7
mbo 2 3
mboo 3 5
mboot 4 5
mbost 3 5
mbos 2 4
mbr 1 4
mc 0 2
md 0 2
mda 1 2
mdia 3 4
mdi 1 2
mdis 1 5
mdo 1 2
mdop 1 4
mdr 1 4
mdw 1 2
me 0 1
mec 2 3
mede 2 3
med 2 3
media 0 5
medi 2 3
mediu 0 6
meeg 2 4
mee 2 3
meekr 3 6
meek 3 4
meelas 3 4
meel 3 4
meela 3 5
meelo 2 4
meere 3 4
meer 3 4
meeri 3 5
mees 0 5
meestal 3 6
meest 4 5
meestov 3 8
meestr 3 7
meg. 1 3
meg 1 3
mega 2 4
megas 4 6
megd 1 3
megg 1 5
megt 1 3
mei 2 3
mein 3 4
meitj 3 6
meit 1 5
mel 1 2
melas 2 4
mela 2 3
melas. 2 5
meldr 3 6
meld 2 3
melko 3 4
melkr 3 6
melo 0 3
melsm 3 5
mels 2 3
memi 2 3
men 0 1
men. 1 3
mena 2 3
menas 2 6
mengra 3 5
mengr 3 6
meng 2 3
menk 2 4
menor 2 3
menq 0 4
mensuu 3 7
mensu 3 4
mens 2 3
mentj 3 6
ment 2 3
mentw 3 5
menu 2 3
mepj 2 4
meq 0 3
mera 2 3
meraak 2 4
meraa 2 6
merak 2 5
meram 2 4
merante 3 6
merant 4 5
merap 2 3
merau 2 3
merav 2 6
merei 3 5
mere 2 3
merk 0 1
merkl 3 6
merkn 3 6
merkw 3 4
meroc 3 4
merong 2 5
meron 3 4
meroo 2 6
meros 0 4
merot 2 3
mersi 3 4
mers 2 3
mersl 3 6
mersm 4 5
mersta 4 5
merst 3 5
meru 2 5
mes 1 2
mesh 2 4
mesl 2 5
mesli 3 4
meslo 2 3
mesm 3 4
meso 2 3
mesp 2 3
mespa 3 5
mespe 2 3
mespot 2 3
mespo 4 5
mestel 2 5
mest 3 4
meste 3 4
mesto 5 6
mestov 3 7
mestu 2 3
metan 2 5
meta 2 3
meth 2 4
meti 0 3
metr 2 5
metste. 4 6
metste 3 5
mets 2 3
metst 4 5
meve 3 5
mev 2 4
meven 1 3
mex 0 1
mé 0 1
mè 0 3
mê 0 3
mf 0 2
mfat 3 4
mfa 1 2
mfl 2 4
mfli 2 3
mflie 1 4
mfo 1 2
mg 0 2
mger 4 5
mge 1 2
mh 0 2
mi 0 1
mid 0 1
mid. 0 3
midd 0 5
miekl 3 6
mie 1 2
miek 2 3
miest 3 5
mijs 0 3
mij 2 3
mijz 0 4
mikn 2 5
mik 1 2
mili 0 3
milo 2 3
mimie 3 6
mimi 2 3
mimp 1 4
minar 2 3
mina 2 3
minf 0 4
ming 0 3
minh 0 4
minr 0 4
mins 0 3
minu 2 3
minw 0 4
mis 1 2
misf 2 4
misi 2 4
misla 2 4
misl 3 5
mist 2 4
mistra 2 3
mistr 2 6
mistro 3 4
mita 2 4
mit 1 2
mitr 2 5
mitst 3 5
mits 2 3
mitste. 3 6
mitste 3 5
mitsten 3 6
mj 0 2
mk 0 3
mkaartj 3 8
mka 1 2
mkaart 1 5
mkaa 3 5
ml 0 2
mm 0 2
mn 0 2
mna 1 2
mo 0 1
mo. 0 2
moa 1 3
moda 0 3
mode 0 3
moeds 3 5
moe 2 3
moed 3 4
moef 0 1
moei 0 4
moerst 4 6
moer 1 2
moers 3 4
moes 3 4
moesp 3 5
moeste 4 5
moest 4 5
mog 3 4
moge 0 3
mogens 4 6
mogl 2 5
mok 0 2
mole 0 3
moli 0 3
molie 2 4
molma 3 5
molm 2 3
molt 0 4
mom 0 1
momv 0 5
mondr 3 6
mond 2 3
mono 2 3
mons 0 3
monso 3 4
monta 3 4
mont 2 3
mooi 0 3
moo 2 4
mop 0 1
mopa 1 3
mope 1 2
mopp 1 4
mops 2 4
mora 2 3
more 2 4
moro 2 3
morsp 3 4
mors 2 3
morst 3 5
morste. 3 6
morste 3 5
mos 0 2
mosc 1 4
mosl 2 5
mosta 2 4
most 2 4
moth 2 4
motj 2 5
motol 3 4
moto 2 3
motst 3 5
mots 2 3
motste. 3 6
motste 3 5
moud 0 4
mouw 0 1
mouwi 3 4
mov 2 4
mox 1 3
mp 0 2
mpach 1 3
mpaf 1 3
mpan 1 2
mparm 1 5
mparts 2 5
mpart 3 4
mpec 1 3
mpen 1 2
mperv 1 6
mpins 1 4
mpl 1 4
mplam 2 3
mplan 1 4
mpleg 2 5
mplei 2 5
mplev 2 6
mplie 2 4
mpli 2 3
mplu 1 2
mpolie 2 5
mpol 1 2
mpoli 3 4
mpon 1 2
mpong 3 5
mpope 1 3
mpr 2 4
mprec 2 3
mpred 2 5
mpres 1 2
mps 1 4
mpsc 2 3
mpse 1 3
mpsh 2 4
mpsu 2 3
mr 0 2
ms 0 1
msam 1 2
msana 1 4
msap 2 4
msc 1 3
msco 1 3
mscu 1 4
msj 2 4
msje 1 3
msl 1 4
msle 1 2
mslen 2 3
mslie 1 4
msli 2 3
msm 1 3
msma 2 3
msn 1 4
msnee 1 6
msne 2 3
mso 3 4
msol 1 3
msor 2 3
msp 1 3
mst 2 3
msta 1 2
mste 1 3
mstec 1 3
mstel 1 4
msten 1 4
msti 1 3
msto 1 2
mstoc 1 3
mston 1 3
msts 1 5
msy 1 3
mt 0 1
mta 1 2
mtere 3 4
mte 1 2
mter 2 3
mtes 1 5
mtesta 3 5
mtest 4 5
mth 1 2
mto 1 2
mtr 1 4
mtu 1 2
mu 0 1
muda 2 5
mud 2 3
mue 3 4
muilde. 0 6
mui 2 3
muild 3 4
muilde 4 5
muit 0 3
muk 0 2
mulp 2 4
mum 2 4
muno 2 4
muntj 3 6
munt 2 3
musa 2 3
musta 3 4
must 3 4
mut 0 1
mutj 2 5
muts 2 5
mutste 3 5
mutst 3 5
muu 0 4
muz 0 3
mv 0 3
mvari 3 6
mve 2 4
mvee 3 5
mvere 3 5
mver 3 4
mw 0 2
my 0 1
mye 2 3
mz 0 2
mze 2 4
mzet 4 5
n. 0 1
na 0 1
na. 0 2
naal 0 1
naa 2 4
naam 0 2
naan 0 2
naap 0 1
naar. 1 4
naard 0 5
naars 0 5
naarstr 4 8
naarst 4 6
naartj 2 7
naart 3 4
naast 0 5
naat 0 4
nabd 1 5
nab 2 3
nabe 0 4
nac 0 1
naca 2 3
naceet 5 6
nace 1 3
nacee 4 6
naci 1 3
naco 0 3
nact 0 4
nada 2 4
nade 2 4
nade. 0 4
naden 0 3
nades 0 5
nadi 0 4
nadm 0 4
nadra 2 3
nadr 2 5
nadv 0 5
nae 0 2
naë 1 3
naf 0 2
naflu 2 4
nafl 3 5
nag 1 4
nah 1 3
nai 0 1
naï 0 3
nake 1 3
nakl 1 5
nakr 2 5
nalb 1 5
nale 0 3
nalen 0 1
nalf 0 2
nalm 1 3
naly 0 3
nalys 0 6
nam 0 1
namb 0 4
namest 4 6
name 2 3
names 3 4
nami 1 4
namp 1 4
nana 0 3
nank 1 4
nant 0 3
nant. 0 4
nante 0 4
nantenn 1 7
nanten 3 6
nantj 3 6
nap 0 1
napac 3 4
napa 2 3
napl 0 5
napr 1 5
naps 2 4
napst 3 5
narb 0 4
nares 0 1
nare 2 3
narg 0 4
nariet 5 6
nari 2 3
narie 3 4
narm 0 4
naro 0 3
nars 0 4
narst 3 5
narste. 3 6
narste 3 5
narsten 3 6
nart 0 3
nas 3 4
nasa 0 3
nasl 2 5
nasp 2 4
nasta 1 4
nast 2 4
nastu 2 4
nat. 1 3
nat 2 3
nati 0 3
natj 2 5
natl 0 4
nato 2 3
nats 2 5
natsp 3 4
nau. 0 1
naus 0 2
nav 0 4
naven 0 1
nave 3 4
navi 0 3
nazif 0 4
naz 2 3
nazi 3 4
nazij 2 5
nb 0 2
nbest 3 5
nbe 1 3
nbes 3 5
nbet 3 5
nbotste. 4 7
nbo 2 3
nbotst 4 6
nbots 3 4
nbotste 4 6
nc 0 2
nce 1 2
ncest 4 5
nces 3 4
nche 1 4
ncht 1 5
nchtr 3 6
nchu 3 4
nco 1 2
nd 0 1
nda. 1 3
nda 1 2
ndaan 2 3
ndaa 3 5
ndaas 2 3
ndabo 1 5
ndab 3 4
ndact 2 5
ndadel 2 3
ndade 3 4
ndadr 1 6
ndagsp 5 6
ndag 1 2
ndags 3 4
ndalf 1 3
ndalm 1 4
ndana 1 4
ndap 1 3
ndar 1 2
ndart 2 4
ndas 1 5
ndass 2 6
ndast 3 5
ndav 1 5
ndaz 1 4
nde 1 2
ndedi 1 4
nded 3 4
ndei 1 4
ndelaa 3 7
ndela 3 4
ndemm 1 5
nden. 1 4
ndera 5 6
nderaal 4 5
nderaa 3 7
nderal 4 5
nderan 3 5
nderec 1 4
ndere 3 5
nderin. 4 6
nderi 3 4
nderog 4 6
ndeten 3 5
ndet 3 5
ndete 3 4
ndia 3 4
ndi 1 2
ndietj 4 7
ndiet 4 5
ndie 2 3
ndijs 1 4
ndij 3 4
ndijs. 2 5
ndink 1 5
ndio 2 4
ndji 1 3
ndj 1 3
ndo. 1 3
ndo 1 2
ndoc 1 2
ndof 1 3
ndoli 1 4
ndomd 2 5
ndon 1 2
ndona 1 4
ndond 0 4
ndons 1 4
ndont 2 4
ndoog 2 5
ndoo 3 5
ndope 2 3
ndop 1 2
ndopp 2 5
ndov 1 5
ndrap 1 3
ndr 1 4
ndra 1 2
ndrat 2 5
ndre 1 3
ndrek 2 3
ndres 1 2
ndrot 2 3
ndrug 2 5
ndscu 2 5
nds 1 2
ndsc 2 3
ndsec 2 3
ndse 2 5
ndset 2 5
ndsi 2 5
ndsjo 2 4
ndsj 2 5
ndsm 2 4
ndsp 2 3
ndspo 2 5
ndspra 2 5
ndspr 5 6
ndstaal 3 5
ndst 3 5
ndsta 2 3
ndstaa 5 7
ndsu 2 5
nduit 1 4
ndu 1 2
ndui 3 4
ndur 1 4
ndure 2 5
nduu 1 5
ndw 1 3
ndy 1 2
ne 0 1
ne. 0 2
neac 2 3
nea 1 2
neam 2 3
nebes 4 6
neb 2 3
nebe 2 4
neck 0 2
necl 2 4
nedit 2 4
ned 2 3
nedi 2 3
nedo 2 3
nedu 1 3
nedw 2 4
nee 2 4
need 0 4
neek 3 4
neeld 3 5
neel 3 4
neelo 2 5
neem 0 2
neen 0 4
neeri 3 5
neer 3 4
neese 3 5
nees 3 5
neeta 3 5
neet 3 4
neeto 3 5
neetr 3 6
neets 3 5
neff 0 4
neg 1 4
negel 2 3
nege 2 3
negenen 5 7
negene 0 5
negere 4 5
nei 0 3
neien 0 2
neie 2 4
neier 1 2
neig 1 2
neigd 0 4
neit 0 5
nekr 2 5
nela 2 3
nelem 0 3
nele 2 3
nelf 0 1
nem 0 1
nemb 0 4
neme 0 3
nemig 0 3
nemi 2 3
nemm 0 4
nemp 0 4
nen 2 3
nen. 0 3
nenb 0 4
nend. 0 4
nend 2 3
nendo 3 5
nenenk 2 7
nene 2 3
nenen 4 5
neni 2 3
nenig 2 3
nenk 2 5
neno 3 5
nenp 0 4
nenta 3 5
nent 2 3
neoc 2 3
neo 2 3
neok 2 5
neom 2 3
neop 3 4
neos 2 5
neot 2 3
nepag 2 4
nepa 2 3
nepe 2 3
nepis 3 5
nepi 2 3
nera 2 3
nerad 2 5
nere 0 3
nerfe 1 4
nerg 0 4
nerid 2 4
neri 2 3
neros 2 4
nersl 3 6
ners 2 3
nersp 3 4
nerst 3 5
nerste 3 5
neru 2 4
nery 2 3
nes 0 1
nessa 4 5
ness 2 5
nesst 4 5
nesta 2 3
nest 3 4
neste 3 4
nestei 3 6
nestek 2 4
neter 2 4
nete 2 3
neton 3 4
neto 2 3
netsi 3 4
nets 2 3
neu 2 3
neum 0 3
neums 2 4
neuste 3 5
neust 3 5
nex 0 1
né 0 1
nf 0 2
ng 0 1
ngaatj 4 7
nga 1 2
ngaat 2 5
ngaa 3 5
ngad 1 4
ngaf 2 3
ngana 2 4
ngan 1 2
ngap 1 4
ngar 1 2
ngasl 3 6
ngas 3 4
ngav 1 5
ngead 3 4
nge 1 2
ngea 2 4
ngeen 1 5
ngee 1 5
ngelste. 5 7
ngelste 4 6
ngels 3 4
ngelst 4 6
ngemb 1 5
ngen 1 2
ngerap 3 6
ngera 3 4
ngeras 3 4
ngiger 1 2
ngi 1 2
ngige 3 4
ngigs 1 6
ngij 1 4
ngind 1 4
ngink 2 5
ngins 1 4
ngl 2 4
nglad 2 3
nglam 2 3
nglan 2 4
ngled 2 5
ngleu 2 3
ngli 2 3
nglin 2 3
nglop 2 3
ngoe 1 4
ngo 1 2
ngof 1 3
ngoï 1 4
ngon 1 3
ngoor 1 3
ngoo 2 5
ngop 1 3
ngore 1 4
ngorg 2 5
ngot 1 2
ngr 1 4
ngrac 2 3
ngra 1 2
ngrad 2 3
ngrai 2 3
ngras 1 6
ngrass 2 7
ngred 1 5
ngri 1 3
ngrie 2 4
ngrij 2 5
ngron 1 2
ngrui 2 5
ngs 1 3
ngse 2 5
ngslop 3 4
ngsl 3 5
ngslo 3 4
ngslu 3 4
ngsne 2 4
ngsn 3 5
ngstak. 3 6
ngsta 4 5
ngst 3 4
ngstak 3 4
ngstake 3 6
ngstrek 3 4
ngstr 2 6
ngstri 2 3
nguit 1 4
ngu 1 2
ngui 3 4
nh 0 2
nhek 4 5
nhe 2 3
ni 0 1
nid 1 3
niekle 3 4
nie 1 2
niek 2 3
niekl 3 6
nieri 2 4
niesp 3 5
nietr 3 6
nieu 0 4
nigee 2 6
nige 2 3
nigra 2 4
nigr 2 5
nijf 3 4
nij 2 3
nijk 2 4
nijz 0 4
nikr 2 5
nik 1 2
niks 2 4
niksp 3 5
nil 0 1
nim. 0 3
nimf 0 4
nimp 1 4
nin. 0 3
ninb 1 4
nind 0 3
ninf 0 4
ningr 3 6
ning 2 3
ninh 0 4
ninj 1 5
ninr 0 4
nins 0 3
nint 0 3
ninv 0 5
nio 1 3
nion. 2 4
nion 2 3
nione 2 4
nior 2 3
nios 2 5
nipl 2 5
nis 0 2
nisau 2 3
nisa 2 3
nisel 2 4
nise 2 3
nisev 2 6
nisfe 2 4
nisf 2 4
nisi 2 4
nisl 2 5
nisn 2 5
nisot 2 4
nistel 2 5
nist 2 4
niste 3 4
nisto 3 4
nith 2 4
nit 1 2
nitr 2 5
nits 2 5
nj 1 3
nje 1 2
njes 3 5
njesp 3 4
njest 3 5
njet 3 4
nk 0 2
nkaan 2 3
nka 1 2
nkaa 3 5
nkaard 2 6
nkaartj 3 8
nkaart 1 5
nkaf 1 3
nkam 1 3
nkarb 1 5
nkars 3 5
nkasp 1 5
nkas 3 4
nkef 1 2
nke 1 2
nkeff 1 5
nkemp 1 5
nken 1 2
nkene 3 5
nkerku 4 5
nkid 1 4
nki 1 2
nkj 2 3
nklad 2 3
nkl 1 4
nklod 1 3
nkluc 1 4
nklus 2 3
nkna 1 3
nkn 1 4
nkne 1 3
nkog 1 4
nko 1 2
nkoge 2 6
nkoot 4 6
nkoo 3 5
nkra 1 3
nkr 1 4
nkrim 1 2
nkrol 1 3
nkse 2 5
nks 1 2
nksi 2 3
nksl 2 5
nksm 2 4
nksn 2 5
nkso 2 5
nksp 2 3
nkst 2 4
nkw 1 2
nkwaa 2 6
nkwez 2 5
nkwi 2 3
nl 0 2
nm 0 3
nn 1 2
nne 1 3
nneet 4 5
nnee 3 5
nnene 1 4
nnen 3 4
nnepo 3 6
nnepol 3 5
nnete 3 4
nnetj 3 6
nni 1 3
nningr 4 7
nning 3 4
nnoot 1 6
nnoo 3 5
nnov 3 5
no. 0 2
noc 0 1
nod 0 3
noef 0 1
noe 2 3
noens 3 5
noes 4 5
noets 3 5
noffi 1 4
noff 2 4
noge 1 3
nogi 1 3
nogr 0 5
noï 0 3
nokl 2 5
nok 1 2
nokw 2 4
noli 2 3
nolo 0 3
nom 0 1
nom. 0 3
noma 1 3
noml 1 4
noms 1 3
nomv 1 5
nomw 0 4
nomz 0 4
non. 0 3
nonb 0 4
nonc 0 4
nond 0 3
noni 1 3
nont 0 3
nood 0 4
noo 2 4
noof 0 2
noog 0 4
nooitj 4 7
nooi 2 3
nooit 3 4
noot 0 5
nootj 3 6
nopa 0 3
nopas 2 6
nopb 0 5
nope 2 3
nopg 1 4
nopleidi 1 7
nopl 3 5
nopleid 3 5
noplei 5 6
nopoo 2 6
nopo 2 3
nopor 2 3
nops 0 3
nopz 0 4
nord 0 4
nore 2 3
norg 0 4
norm 0 4
norr 0 4
nors 0 3
norz 0 4
nos 0 2
nosf 2 4
nosn 2 5
nosp 2 3
not 0 1
nota 0 3
notap 3 5
noti 0 3
notj 2 5
notr 1 5
nou. 0 2
nov 2 4
nova 0 3
nove 2 4
nox 0 3
noz 0 3
np 0 2
nperste. 4 7
npers 1 4
nperst 4 6
nperste 4 6
npis 2 5
npoor 5 6
npoo 3 5
npoortj 5 8
npoort 2 5
nps 1 2
nr 0 2
nraadsl 6 8
nraa 2 5
nraad 2 3
nraads 3 5
nre 1 2
nri 1 2
ns 0 1
nsad 2 4
nsag 1 2
nsal 1 3
nsalp 2 4
nsam 1 2
nsan 2 3
nsanc 1 5
nsap 1 4
nscal 1 3
nsc 1 2
nsca 1 3
nscho 1 2
nsch 1 5
nsci 1 3
nsco 1 3
nseet 4 5
nse 1 2
nsee 2 4
nsef 1 2
nseg 2 4
nsege 2 4
nseis 1 4
nsei 3 4
nsemp 2 5
nsem 2 3
nsi 1 2
nsidi 2 4
nsin 1 2
nsing 1 6
nsinj 2 6
nsink 2 5
nsint 1 4
nsjo 1 2
nsj 3 4
nsl 1 4
nsla. 1 4
nslaa 1 6
nslaag 2 4
nslag 1 3
nslap. 2 5
nslap 1 2
nslapp 2 6
nsle 1 2
nslep 1 3
nslet 2 3
nsleu 1 3
nslib 1 5
nsli 2 3
nslie 1 4
nsliep 1 5
nslim 1 5
nslip 1 3
nslot. 2 5
nslot 1 2
nsm 2 3
nsmac 2 3
nsma 2 3
nsme 1 3
nsmij 1 5
nsmi 2 3
nsmol 1 2
nsmo 2 3
nsmu 1 3
nsn 1 4
nsna 1 3
nsne 1 3
nsnod 1 5
nsnoo 1 6
nsnot 1 3
nso 1 2
nsob 1 4
nsof 1 2
nsol 1 3
nson 1 2
nsong 1 4
nsonz 2 5
nsopp 2 5
nsop 1 3
nsor 2 3
nsou 1 3
nsov 1 5
nspaa 1 6
nspa 3 4
nspad 1 3
nspe 1 2
nspee 1 6
nspel 1 4
nsper 1 3
nspet 1 2
nspi 2 3
nspo 2 4
nspol 1 3
nspot 1 2
nspr 1 5
nsq 2 3
nss 1 4
nst 2 3
nsta 1 2
nstaang 1 7
nstaa 4 6
nstaans 0 6
nstag 2 5
nstal 1 4
nste 1 3
nstec 1 3
nstei 1 5
nsteko 1 5
nsteks 2 5
nsten. 1 5
nsten 3 4
nstent 1 5
nster. 1 5
nster 3 4
nstes 1 5
nsthe 2 5
nsth 1 2
nsti 1 3
nstig 1 2
nstijv 1 7
nstij 4 5
nsto 1 2
nstoef 1 4
nstoe 3 5
nston 1 2
nstor 1 2
nstrade 3 6
nstr 1 5
nstrad 1 4
nstree 1 6
nstrekk 2 8
nstroe 1 6
nstrog 2 3
nstroos 1 7
nstroo 5 7
nsty 1 5
nsuil 2 3
nsu 1 2
nsui 1 4
nsy 1 3
nt 0 1
nta 1 2
ntaal 1 3
ntaa 3 5
ntaard 1 6
ntaartj 3 8
ntaart 4 5
ntab 1 4
ntach 2 3
ntac 1 2
ntact 2 5
ntad 1 3
ntaga 2 4
ntart 1 4
ntas 1 3
ntat 1 4
nte 1 2
ntec 1 2
ntei 1 4
ntelo 2 4
ntel 2 3
ntem 1 3
nten 1 4
ntenach 3 5
ntenac 3 5
ntena 3 4
nteneten 2 7
ntene 3 6
ntenet 5 6
ntenete 1 6
nterad 3 4
nter 2 3
nterof 3 5
ntè 1 4
ntha 1 3
ntho 1 2
nthol 1 2
ntig 1 2
nti 1 2
ntinw 1 5
ntjo 1 3
ntj 1 4
nto 1 2
ntog 2 3
ntol 2 3
ntoli 1 4
nton 1 2
ntoo 2 5
ntoog 2 5
ntop 1 2
ntopl 2 6
ntopm 1 5
ntopt 2 5
ntr 1 4
ntrec 1 3
ntrei 2 5
ntrel 1 3
ntres 4 5
ntribb 2 6
ntrib 4 5
ntrij 1 5
ntroos 1 6
ntroo 4 6
ntrou 1 3
ntrus 2 5
ntry 1 2
ntsa 3 4
nts 1 2
ntslu 2 4
ntsl 2 5
ntsn 2 5
ntsno 2 4
ntsp 2 3
ntspr 2 6
ntspre 3 4
ntst 2 4
ntste 2 4
ntu 1 2
ntuit 1 4
ntui 3 4
ntun 3 4
ntwijf 1 3
ntw 1 3
ntwij 3 5
ntwis 1 4
nu. 0 1
nuc 0 2
nue 0 1
nuen 2 3
nuet 2 3
nuf 0 1
nui 0 3
nuil 0 2
nulo 2 3
num 0 1
numa 2 4
numm 0 4
nun 2 3
nunc 0 4
nuni 1 3
nur 0 3
nuri 0 3
nuro 2 3
nus 0 1
nuso 2 5
nutr 2 5
nutst 3 5
nuts 2 3
nuu 0 4
nuut 0 2
nuwa 3 4
nuwi 2 4
nv 0 3
nvena 3 4
nve 2 3
nw 0 2
nx 2 3
nxe 1 3
nxo 3 4
ny 0 1
nyi 0 3
nyo 0 3
nz 0 2
nzets 3 5
nze 2 3
ñ 0 1
o. 0 1
oa 0 1
oaa 1 4
oad 1 2
oaf 1 2
oag 1 2
oah 1 2
oai 1 2
oal 1 2
oam 2 3
oan 1 3
oatiev 2 7
oat 2 3
oati 2 3
oatie 3 4
oau 1 2
oav 1 4
oax 1 2
ob 0 2
ob. 0 2
obal 4 5
oba 1 2
obalt 3 6
obj 0 3
obli 0 3
obl 1 3
oboor 2 3
obo 2 3
oboo 3 5
obor 1 4
obr 0 4
oca 0 2
ocaat 4 6
ocaa 3 5
ocea 0 3
oce 1 2
ocha 1 2
oche 1 4
ochi 1 2
ocho 1 2
ochr 1 3
ocke 2 5
oco 0 2
ocoa 2 4
ocos 2 5
oct 1 4
odac 2 3
oda 1 2
odag 1 4
odemar 3 5
ode 1 2
odema 2 4
odemo 3 4
odere 3 5
odes 3 5
odia 3 4
odi 1 2
odru 1 2
odr 1 4
odsc 2 3
ods 1 2
odsei 2 5
odse 2 5
odsi 2 5
odsl 2 5
odslam 3 4
odsla 2 3
odslan 2 5
odsli 2 4
odsmak 2 4
odsm 2 4
odsma 3 4
odso 2 5
odspo 2 5
odspr 2 6
odst 3 5
odsta 2 3
odste 2 4
odste. 3 5
odstek 2 3
odsten 2 5
odw 1 3
oe 1 2
oean 2 3
oea 1 2
oeas 2 3
oeda 2 4
oed 2 3
oedad 4 5
oeden 4 5
oede 2 3
oedo 2 5
oedr 2 5
oedre 2 4
oedri 3 4
oedro 3 4
oedu 2 4
oedw 2 4
oee 2 3
oeer 2 4
oefa 2 4
oefe 0 3
oefi 1 3
oefl 2 5
oefla 3 4
oefle 3 4
oeflo 3 4
oefo 2 5
oefr 2 5
oegel 4 5
oeg 1 3
oege 2 3
oegij 2 5
oegi 2 4
oegl 2 5
oegou 2 3
oego 2 3
oeii 3 5
oei 2 3
oein 3 4
oeis 2 5
oeitj 3 6
oeit 1 5
oeitr 3 6
oekaa 2 6
oeka 2 3
oekerk 3 4
oeke 2 3
oeket 2 5
oekl 2 5
oekop 2 4
oeko 2 3
oekr 2 5
oeku 2 5
oekw 3 4
oelap 2 3
oela 2 3
oelar 2 3
oeldr 3 6
oeld 2 3
oelei 2 5
oele 2 3
oelem 1 3
oelf 3 4
oelo 1 5
oeloe 1 5
oelop 4 5
oelsp 3 4
oels 2 3
oemac 2 4
oema 1 3
oemo 2 5
oenal 2 4
oena 2 3
oene 2 4
oengr 3 6
oeng 2 3
oeno 3 4
oensn 3 6
oens 2 3
oep 0 1
oepind 2 5
oepi 2 3
oepl 2 5
oeplo 2 3
oepr 2 5
oepra 2 4
oeps 2 4
oepse 2 5
oepu 2 4
oer 0 1
oera 2 3
oeraa 2 6
oeraal 3 4
oeral 2 5
oere 2 4
oerei. 3 5
oerei 4 5
oereie 2 6
oero 4 5
oeroe 1 5
oerog 3 5
oerom 3 4
oersl 3 6
oers 2 3
oersp 3 4
oersta 3 4
oerst 3 5
oerstak 4 5
oerste. 3 6
oerste 3 5
oes. 0 3
oesfe 2 4
oesf 2 4
oesi 2 3
oesli 2 4
oesl 2 5
oeso 2 5
oesta 3 4
oest 3 4
oesth 2 4
oesto 2 3
oetaa 2 6
oeta 2 3
oeth 2 4
oeti 2 4
oetj 2 5
oeto 2 5
oetoe 1 5
oetra 2 4
oetr 2 5
oetsp 3 5
oets 2 3
oetw 2 4
oë 0 2
ofar 2 3
ofa 1 2
ofat 2 4
ofav 1 5
ofda 2 5
ofd 1 2
ofdei 2 5
ofde 2 3
ofdo 2 4
ofdr 2 5
ofdw 2 4
ofl 2 4
ofli 1 3
oflo 1 2
ofo 0 2
ofom 2 3
ofoo 1 5
ofop 1 4
ofor 1 3
ofox 2 4
ofr 2 4
ofra 1 3
ofse 2 5
ofs 1 3
ofsl 2 5
ofsla 2 3
ofsle 3 4
ofsp 2 4
ofspe 2 3
ofspl 2 6
ofspo 2 5
ofspr 3 6
ofstr 2 6
ofst 3 4
ofstra 3 4
oft 0 2
oftu 2 3
oftur 3 5
oftuu 3 6
ofui 2 4
ofu 1 2
ogac 1 3
oga 1 2
ogal 3 4
ogal. 1 4
ogde 2 3
ogd 1 2
ogdi 2 3
oged 3 5
oge 1 2
ogelaa 3 7
ogela 3 4
ogelei 4 6
ogele 3 5
ogem 0 1
oger 1 2
ogero 3 5
ogeron 4 5
ogest 3 5
oges 1 5
ogh 0 3
ogig 0 1
ogi 1 2
ogl 2 4
ogne 2 4
ogn 1 3
ogop 1 3
ogo 1 2
ogsp 2 4
ogs 1 2
ogsta 2 5
ogst 3 4
ogstei 2 6
ogste 2 4
ogsto 2 3
ogston 2 3
ogstr 2 6
ogstro 3 4
ogui 2 4
ogu 1 2
ogy 1 2
oh 0 2
ohm 0 3
oi 0 1
oido 2 3
oie 1 3
oij 2 3
oik 1 3
oing 1 3
oio 1 4
ois 1 4
oisc 2 3
oisp 3 4
oist 2 5
oistj 2 6
oï 1 2
oj 0 2
ok 0 1
oka. 1 3
oka 1 2
okaa 1 5
okaas 1 3
okab 2 4
okag 2 3
okal 1 2
okank 2 5
okaz 1 4
okef 1 3
oke 1 2
okl 1 4
oklet 2 3
okli 1 3
oklu 2 3
okn 1 4
okol 2 4
oko 1 2
okop. 2 4
okope 2 4
okos 1 5
okou 1 3
okr 1 4
okra 1 3
oksa 2 3
oks 1 2
oksl 2 5
oksn 2 5
okspri 2 3
okspr 5 6
okst 2 5
okste. 3 5
okste 2 4
oksten 2 5
okstr 2 6
okte 2 3
okt 1 2
okters 4 6
okter 3 4
oku 1 4
okur 2 4
okuu 2 5
okw 2 3
okwi 2 3
ola 1 2
olab 1 4
olac 1 3
olal 1 2
olap 2 4
olarm 1 5
olasm 3 5
old 0 2
oldo 2 4
oldw 2 4
ole 1 2
ole. 1 3
oleg 2 4
olei 2 4
oleks 1 4
olemm 2 5
olen 1 2
oler 1 2
oleu 4 5
oleum 3 4
olexa 2 3
olfa 2 3
olfl 3 5
olfr 2 5
olfsl 3 6
olfs 2 4
olgl 2 5
olg 1 3
olgo 2 4
olgrap 3 4
olgr 2 5
olgra 2 3
olgre 2 3
olgri 2 4
olgu 2 4
olia 1 4
oli 1 2
olic 1 3
olid 1 2
olik 1 3
olin 1 2
oling 1 4
olint 2 4
olit 1 3
olkaf 2 4
olka 2 3
olke 2 3
olkr 2 5
olks 2 4
olkv 2 5
ollie 3 6
oll 1 3
olli 2 4
olo 1 2
oloc 1 2
olok 2 4
olom 2 3
olop 1 2
olop. 2 4
olopp 2 5
olost 3 6
olos 2 3
olove 1 5
olov 3 5
olpra 2 4
olp 1 2
olpr 2 5
ols 0 2
olse 2 3
olsh 2 4
olsi 2 3
olsj 2 5
olsl 2 5
olsn 2 5
olso 2 3
olsp 2 3
olster 2 5
olst 2 4
olste 2 4
olu 0 2
oluit 1 4
olui 3 4
olur 3 4
oma 0 2
omaa 2 5
omac 2 3
omaf 2 3
oman 1 2
ome 0 2
omef 1 3
omela 2 4
omel 2 3
omens 3 5
omen 1 2
omenste. 4 7
omenst 5 6
omenste 4 6
omeren 3 4
omere 3 4
omerkl 4 7
omerk 1 2
omesp 3 4
omes 2 3
omet 3 4
omi 1 3
omint 1 4
omm 0 3
omo 0 2
omol 3 4
omos 1 4
ompei 2 5
omp 1 3
omro 0 1
omr 1 3
omsl 2 5
oms 1 2
omste. 2 5
omst 3 4
omste 2 4
omui 2 4
omu 1 2
omz 0 3
onac 1 3
ona 1 2
onag 2 5
onam 1 3
onan 2 3
onap 1 3
onath 3 4
onat 3 4
onc 0 3
ondac 2 4
ond 1 2
onda 2 3
ondas 2 6
onder 2 3
onde 2 3
ondete 3 5
ondet 4 6
ondid 2 4
ondi 2 3
ondijs 2 5
ondij 4 5
ondom. 2 5
ondo 2 3
ondr 2 5
ondre 2 4
ondro 3 4
ondsj 3 6
onds 2 3
ondslo 3 4
ondsl 4 6
ondu 2 4
ondur 2 5
one. 1 3
one 1 2
oneb 1 4
onec 1 4
onei 1 4
onerf 2 3
onerv 2 6
onest 3 5
ones 1 2
onet. 0 4
onev 2 5
ongaan 3 4
ong 1 2
onga 2 3
ongaa 4 6
ongaap 3 4
ongap 2 5
ongen 0 3
onge 2 3
ongle 3 4
ongl 3 5
ongr 2 5
ongs 2 5
ongse 3 6
ongsp 3 5
ongst 3 5
onid 2 4
oni 1 2
onig 1 2
onkap 2 4
onk 1 3
onka 2 3
onkelap 4 5
onke 2 3
onkela 4 5
onki 2 4
onklo 2 4
onkl 2 5
onkn 2 5
onkw 2 3
onnes 2 6
onn 2 3
onne 2 4
onnest 4 6
onof 1 3
onol 3 4
onon 2 3
onov 1 5
onsc 2 3
ons 1 2
onse 2 4
onsei 2 5
onsf 2 4
onsm 2 4
onsn 2 5
onsop 2 4
onso 2 3
onsor 2 4
onsp 2 4
onspe 2 4
onspl 2 6
onst 2 4
onsten 2 5
onste 2 4
onstr 2 6
ont. 0 3
ont 1 2
ontaa 2 6
onta 2 3
onth 0 4
ontid 2 6
onti 2 3
onts 0 5
ontsp 3 4
ontv 0 5
ontw 0 4
onui 1 4
onur 1 4
oo 1 3
oo. 0 2
ooc 2 3
ood 0 3
ooda 2 4
oode 2 5
oode. 2 4
oodo 2 4
oodr 2 5
oodsl 3 6
oods 2 3
oodsp 3 4
oof 0 1
oofi 2 3
oog 2 3
ooga 2 4
ooge 2 4
oogi 2 3
oogr 2 5
oogs 2 5
oogsh 3 5
oogsl 3 6
ooka 2 4
ook 1 2
ooke 2 3
ookl 2 5
ooks 2 5
ookst 3 6
ookw 2 4
ool 2 3
oola 2 5
oole 2 5
ooled 3 5
oolf 3 4
oolg 2 4
oolig 2 4
ooli 2 3
oolij 3 5
oolk 3 4
oolo 2 5
oolu 1 4
ooma 1 5
oome 1 3
oomi 2 4
oomo 1 5
oomste. 3 6
ooms 2 3
oomst 4 5
oomste 3 5
oon 0 1
oona 2 4
oondu 3 5
oond 2 3
oonin 3 6
ooni 2 3
oonk 2 5
oono 3 4
oonta 3 4
oont 2 3
oop 2 4
oopa 1 5
oopee 3 6
oopo 2 5
oopr 3 5
oopsp 3 4
oops 2 3
oora 2 4
oordaa 3 7
oord 2 4
oorda 3 4
oordop 3 4
oordo 3 4
oore 2 5
oorg 3 5
oori 2 4
oork 3 4
oorm 3 4
ooro 3 4
oorsm 3 5
oors 2 3
oorste 3 5
oorst 3 5
oorsto 3 4
oort 0 3
oorth 3 4
oos 1 3
oosa 3 4
oose 2 3
oosn 3 5
oot 2 3
oota 1 4
ootes 2 4
oote 2 3
ooth 2 4
ooto 2 4
ootr 1 5
ootsl 3 6
oots 2 3
oö 1 2
opa 0 1
opac 1 3
opad 2 3
opaf 1 3
opak 1 3
opam 2 4
opan 1 2
opand 2 4
opat. 2 4
opat 3 4
opatt 2 5
opbre 0 1
opb 1 4
opbr 2 5
opdr 0 5
opd 1 4
ope. 1 3
opee 2 5
opeet 2 5
opei 2 4
opel 1 3
open. 1 4
openi 0 4
oper. 1 4
opera 1 4
opete 2 4
opev 2 5
opf 0 3
opi 1 2
opic 1 3
opid 1 4
opiet 4 5
opie 2 3
opijz 1 5
opij 3 4
opin. 2 4
opina 1 4
opis 1 3
opj 0 3
opl 2 4
oplos 2 4
opn 0 3
opo 1 2
opoe 3 5
opof 2 3
opog 1 2
opoi 1 3
opol 1 2
opond 2 4
oponi 1 4
opont 2 4
opord 2 5
opore 2 4
opov 2 5
opr 2 4
opric 1 4
opru 1 2
ops 1 2
opsc 2 4
opse 1 3
opsi 2 3
opsl 0 5
opsm 3 4
opsma 2 4
opsn 2 5
opso 2 3
opsp 2 3
opsta 2 3
opst 2 4
opsu 2 3
opt 0 3
opt. 0 3
optr 2 5
opui 2 4
opu 1 3
opun 1 4
ora 1 2
orach 2 3
orac 1 2
oract 2 5
oradm 1 5
oraf 2 3
orag 3 4
oralg 1 5
orana 1 4
orate 1 4
orat 3 4
ordaa 2 6
ord 1 3
orda 2 3
ordas 2 6
ordenv 2 7
orde 2 3
ordo 2 3
ordond 3 5
ordor 3 4
ordov 2 6
ordr 2 5
ordrad 2 3
ordra 2 3
ordw 2 4
ore 1 2
oread 3 4
orea 2 3
orec 0 1
oree 3 5
oreno 3 4
orgl 2 5
org 2 3
ori 1 2
oria 1 4
orië 0 4
orig. 1 4
orig 2 3
origere 1 6
orige 3 4
orink 1 5
orins 1 4
orka 2 4
orke 2 4
orkl 2 5
orkn 2 5
orkw 2 3
ormac 2 4
orm 2 3
orma 2 3
ormas 2 3
ormei 2 5
orme 2 3
ornac 2 4
orn 1 3
orna 2 3
orni 2 3
ornos 2 6
oroe 2 4
orol 1 2
oron 2 3
oront 1 5
oroo 2 5
orop 2 4
oror 2 3
oros 1 3
orov 2 5
orp 0 3
orpac 2 4
orpa 2 3
orpsc 3 5
orps 2 3
orsag 2 5
ors 1 2
orsc 2 3
orse 2 3
orsli 2 4
orsl 2 5
orsmi 2 4
orsm 3 4
orso 2 3
orson 2 3
orsp 2 3
orspa 2 5
orspu 2 5
ortak 2 4
ort 1 2
orta 2 3
orteen 2 6
orte 2 3
ortee 4 6
ortijl 2 4
ortij 3 5
orti 2 3
orto 2 3
ortof 2 5
ortoo 2 6
ortred 2 6
ortr 2 5
ortsp 3 4
orts 2 3
ortste 3 5
ortst 4 5
oru 2 3
ory 1 2
orzet 5 6
orz 1 3
orze 3 4
os 0 1
osac 1 3
osas 1 2
osau 1 2
osc 0 3
osca 1 5
osci 1 3
oscl 1 4
oscu 1 4
osed 1 4
ose 1 2
osel 2 3
oser 1 2
osf 1 3
osfe 2 3
osha 1 2
osh 2 3
oshi 1 2
osho 2 3
osi 1 2
osj 1 4
osjer. 2 5
osje 2 3
osjer 1 2
osk 1 4
osko 2 3
osl 2 4
osli 2 5
osm 1 3
osn 2 4
osno 2 3
oso 1 3
ospa 2 4
osper 1 3
ospi 2 3
ospir 2 3
ospr 1 5
ossm 2 4
oss 1 4
ost 1 3
osta 2 3
ostaal 2 4
ostaa 4 6
ostaar 2 3
ostac 1 5
ostag 2 5
ostan 2 3
ostar 2 3
ostas 1 3
ostat 1 5
oste. 2 4
oste 2 3
ostem 2 4
osteroï 1 7
oster 3 4
osth 1 3
osto 2 3
ostoli 2 5
ostol 2 4
ostou 2 3
ostov 2 6
ostra. 1 5
ostr 1 5
ostraa 2 7
ostre 3 4
ostri 3 4
ostro 1 2
ostrum 2 5
ostru 1 2
ostu 1 3
osty 1 5
osu 1 2
osy 1 3
ota 0 2
otaar 2 3
otaa 3 5
otac 1 3
otaf 2 3
otag 1 2
otakt 2 4
otapp 2 5
otart 2 4
otas 1 5
otat 1 4
ote 1 2
oted 2 4
otee. 1 4
otee 3 5
otees 1 6
oteg 1 4
otei 2 4
otelan 3 5
otel 2 3
otela 3 4
oten 1 3
oter 1 3
otersp 4 5
oters 3 4
otest 3 5
otes 1 2
otet 3 4
oteta 2 4
oth 1 2
otho 1 3
othu 1 3
otj 1 4
otjesp 4 5
otjes 4 6
otli 2 5
otl 1 3
oto 1 2
otoff 2 5
otof 3 4
otolv 2 6
otol 2 3
otom 1 2
otont 2 4
otopm 1 5
otopo 3 4
otopr 2 6
otor 1 3
otos 1 5
otr 0 4
otro 1 3
otru 2 3
otsi 2 4
ots 1 2
otsl 2 5
otsla 2 3
otsli 3 4
otsmo 2 4
otsm 3 4
otsn 2 5
otsp 2 3
otspa 2 5
otste. 2 5
otste 2 4
otst 3 4
otstek 3 4
otsten 2 5
otstu 2 3
otu 1 2
otui 2 4
otul 1 2
otw 1 3
ou. 0 1
oua 2 3
ouc 1 3
ouda 2 5
oud 2 3
oudes 2 5
oude 2 3
oudo 2 3
oue 2 3
ouet 3 5
ouk 1 4
ouren 2 5
oure 2 4
ouren. 2 5
ourenn 2 6
ouro 2 5
ous 0 1
ousa 2 3
ousc 2 4
oust 3 5
outa 2 3
outh 3 4
outj 2 5
outo 2 4
outr 3 5
outsp 3 4
outs 2 3
outste 3 5
outst 3 5
ouwa 3 4
ouwdo 3 4
ouwd 2 4
ouwins 2 6
ouwi 2 3
ov 1 3
ova 0 2
ove. 1 3
ove 2 3
ovee 0 4
overg 0 5
over 3 4
oversp 4 5
overs 3 4
overste 4 6
overst 4 6
oves 1 5
ovi 0 2
oviso 3 4
ovis 2 3
ovl 0 2
ovo 0 2
ovr 0 4
ovu 3 4
ow 0 1
owa 1 2
owe 1 2
owen 1 4
owh 2 3
owi 1 2
own 1 3
owo 1 2
owr 2 3
ox 1 2
oys 3 4
ozet 4 5
oz 1 2
oze 2 3
öl 1 2
öp 1 2
öpe 3 4
ör 1 2
ös 2 3
öst 2 3
ösu 1 2
p. 0 1
paan 0 1
paa 2 4
paardu 4 5
paard 3 5
paartj 2 7
paart 3 4
paas 0 1
pab 0 3
pacc 1 4
pach 0 1
pachts 4 6
pacht 2 4
paci 1 3
pacu 0 4
pad. 0 3
pada 2 3
padv 0 5
pae 1 3
pafd 0 3
pag 0 1
paga 2 4
pagen 2 3
page 2 3
pagh 2 4
pagi 1 3
pak 0 1
paka 2 5
pake 0 3
paki 2 3
pakl 1 5
palb 0 5
pale 0 3
palf 3 4
pali 2 3
palings 5 7
paling 4 5
palle 3 6
pall 2 4
palmac 3 5
palm 2 3
palma 3 4
palmo 3 4
pam 2 3
pana 2 3
panad 2 5
panee 0 6
pane 2 3
panel 0 1
pank 0 4
pansp 3 4
pans 1 3
pantr 3 6
pant 2 3
pap 0 1
papet 2 5
pape 2 3
papi 0 3
papl 1 5
papo 2 3
papr 1 5
par. 0 3
para 0 3
parb 1 4
pard 2 5
parda 3 4
park 0 5
parka 3 4
parkl 3 6
parl 0 4
parm 0 4
paro 2 3
parr 0 4
parta 3 4
part 2 3
parti 0 4
partj 1 6
partn 0 5
paru 2 3
parur 4 5
pas 0 4
pasa 1 3
pasc 2 4
pase 1 3
paso 1 3
pasth 2 4
past 2 4
pasto 3 4
pastr 1 6
pate 2 3
pat 2 3
path 0 1
patl 1 4
patr 0 5
patste. 3 6
patst 3 5
pats 2 3
patste 3 5
paut 0 5
pauz 0 4
pavl 2 3
pav 2 4
paz 0 3
pb 0 3
pc 0 2
pd 0 3
peal 2 3
pea 1 2
peci 0 3
peco 1 3
pectu 0 1
pect 1 4
ped 0 3
pede 2 3
pedo 2 3
pee 1 4
pee. 0 3
peeë 0 4
peeli 2 4
peel 3 4
peen 0 4
pees 0 5
peg 0 3
peil 0 2
pei 2 3
peila 3 5
peis 0 3
pekee 3 5
peke 2 3
pekl 2 5
pekn 2 5
peks 2 4
pel 1 2
pelaa 2 6
pela 2 3
pelak 2 4
peldr 3 6
peld 2 3
pele 2 3
pelee 2 6
pelet 2 5
peli 1 4
pelor 2 5
pelo 1 3
pelsi 3 4
pels 2 3
pelso 3 4
pelsp 3 4
pemm 0 4
pena 2 3
penak 2 4
penap 2 5
penau 2 3
penaz 2 5
pency 1 4
penc 2 4
pendr 3 6
pend 2 3
penge 3 6
peng 2 3
penk 2 4
penn 0 4
pensa 3 4
pens 2 3
pensl 3 6
pensm 3 5
pensp 3 5
pent 2 5
pento 3 4
pepi 0 3
pepo 2 4
peps 2 4
per. 1 3
pera 2 3
peras 4 6
perat 2 6
perc 0 4
pereg 2 5
pere 2 3
pereq 2 5
peri 0 3
peris 2 5
pero 3 4
peron 2 4
peros 2 4
pers 0 3
persm 3 5
persti 3 5
perst 3 5
perstr 3 7
pert 1 3
pes 0 1
pesa 2 3
pet. 0 3
peta 2 3
peter 0 4
pete 2 3
peti 0 3
petra 2 4
petr 2 5
petste 3 5
pets 2 3
petst 4 5
petu 2 5
peuk 0 3
peut 0 1
pé 0 1
pê 0 3
pf 0 2
pg 0 2
pges 1 5
pge 1 2
ph 0 3
pha 0 2
phec 0 2
phe 2 3
phis 1 3
pho 0 1
piam 2 3
pia 2 3
pian 2 3
piat 2 4
pid 0 1
piekla 4 5
pie 1 2
piek 2 3
piekl 3 6
piep 0 3
piero 3 5
piesp 3 5
pietj 3 6
piga 2 4
pigl 2 5
pij. 0 3
pij 2 3
pijk 2 4
pijke 3 4
pijli 3 4
pijn 0 2
pijp 0 1
pijpa 3 5
pijz 0 4
pikl 2 5
pik 1 2
pilog 4 6
pilo 2 3
pinam 2 3
pina 2 3
pind 0 3
pinda 0 4
ping 0 3
ping. 0 4
pinga 3 6
pingri 3 5
pingr 3 6
pinj 0 5
pinkr 3 6
pink 2 4
pinks 3 5
pinr 0 4
pins 0 3
pinta 3 4
pint 2 3
pio 1 3
pisn 2 5
pis 1 2
pista 3 4
pist 2 4
pith 2 3
pit 1 2
pitj 2 5
pitr 3 5
pitsp 3 4
pits 2 3
pja 0 2
pjes 3 5
pji 1 2
pjo 1 2
pk 0 2
pkaartj 3 8
pka 1 2
pkaart 1 5
pkaa 3 5
pl 1 3
pla. 1 3
plaatj 4 7
plaa 3 5
plaat 4 5
plad 0 2
pladi 2 5
plamp 0 5
plang 0 4
plan 2 3
plant 1 4
plap 1 2
plas 0 2
plat 0 4
platr 3 6
play 0 2
plec 1 2
pleetj 4 7
plee 3 5
pleet 4 5
pleid 1 3
plei 3 4
plen 0 2
plep 1 2
pleuro 4 6
plex 1 2
plig 0 3
pli 1 2
plij 0 4
plom 1 2
plone 1 4
plood 1 5
ploo 3 5
plooitj 5 8
plooi 3 4
plooit 4 5
ploon 1 3
pluie 1 5
plui 3 4
pm 0 2
pmanst 4 6
pma 1 2
pmans 1 5
pn 0 2
pna 1 2
pneum 0 4
pne 1 2
pneu 3 4
po. 0 2
poda 2 5
poei 0 4
poe 2 3
poes 3 5
poest 4 5
poetste. 5 7
poetste 4 6
poets 3 4
poetst 5 6
poez 0 4
poë 0 3
pofa 1 3
pogi 0 3
pogr 2 5
poki 2 5
pok 1 2
pokol 2 5
poko 2 3
pol 0 1
polo 2 4
polop 2 5
pols 1 4
polste. 4 6
polst 3 5
polste 3 5
pom 0 1
poml 0 4
ponds 0 4
pond 2 3
ponsm 3 5
pons 2 3
ponst 3 5
ponste. 4 6
ponste 3 5
ponta 3 4
pont 2 3
pony 0 3
pood 1 4
poo 2 4
poode 3 6
poog. 0 4
poog 3 4
pool 0 4
poolen 3 4
poole 3 6
poor. 0 4
poortj 4 7
poort 1 4
poot 3 5
popa 1 4
popd 0 5
pope 0 1
poph 2 5
porg 0 4
pork 0 2
poro 2 3
port 1 3
portef 0 5
porte 3 4
porto 3 4
portra 3 5
portr 3 6
poru 2 4
pos 0 2
posa 2 3
posf 2 4
potaa 2 6
pota 1 3
potas 2 6
pote 2 3
potest 4 6
potes 2 3
potj 2 5
potr 1 5
poul 0 1
pov 2 4
pp 0 2
ppa 1 2
ppe 1 2
ppelo 2 5
ppel 2 3
ppeni 3 4
pperste 4 6
ppers 1 4
pperst 4 6
ppiek 3 5
ppie 2 3
ppijp 1 5
ppij 3 4
pps 1 2
pr 2 3
pra 1 2
pra. 0 3
praad 1 3
praa 2 5
praatj 4 7
praat 4 5
prad 1 2
prakt 0 4
pram 0 1
prand 1 4
prao 0 4
prap 0 2
prat 1 4
prax 1 2
preeku 0 7
preek 4 5
pree 3 4
prem 0 1
premm 1 5
prent 0 4
prentj 4 7
pres 0 1
preso 1 4
pret 0 1
pretj 3 6
pretr 3 6
pric 0 3
priek 0 4
prie 2 3
priet 0 1
prietj 4 7
prij 0 4
prik 0 3
princ 0 5
prings 4 7
pring 2 4
prins 0 4
prio 0 4
priu 0 5
priv 0 5
prob 0 4
proc 0 3
prod 0 2
proed 1 5
proe 3 4
proef 0 2
proetj 4 7
proev 0 6
prof 0 2
prog 0 2
proj 0 4
prola 3 5
prom 0 1
prood 1 5
proo 3 5
prooi 3 6
propa 2 4
proq 1 4
pros 0 3
prosc 2 5
prost 3 5
prota 2 5
proto 0 4
prov 0 5
proy 0 2
prut 1 4
pruto 3 6
ps 0 1
psab 1 4
psag 2 4
psak 1 2
psar 2 3
psass 2 6
pse 0 2
pserk 2 3
pset 1 4
psi 1 2
psid 1 4
psin 1 2
psis 1 4
psl 1 4
psle 2 3
psme 2 3
psm 2 3
psmi 2 3
psna 1 3
psn 2 4
psneu 2 5
psne 2 3
psof 1 2
psol 1 3
psopt 2 5
psop 1 3
psor 3 4
psp 1 2
pspl 1 5
psple 2 3
pst 1 3
pstat 1 5
pste 1 3
pstent 1 5
psten 3 4
pstes 1 5
psth 1 3
pstor 2 3
pstron 2 3
pstr 1 5
pstu 1 2
psty 1 5
psy 0 3
psyc 0 4
psys 1 5
pt 0 2
ptad 1 3
ptalb 1 6
ptal 2 3
pte 1 2
pth 1 3
pti 1 2
ptj 1 4
ptov 1 5
ptr 1 4
ptric 2 4
pu 0 2
pub 0 3
puch 2 3
puc 1 2
pue 2 3
puilo 3 5
pui 2 3
pulst 3 5
puls 2 3
pun 0 1
pun. 0 3
puntj 3 6
punt 2 3
put. 0 3
puterin 5 6
pute 2 3
puter 3 4
puteri 4 5
putj 2 5
puto 2 4
putr 3 5
putst 3 5
puts 2 3
putste. 3 6
putste 3 5
pv 0 3
pvan 3 5
pvari 3 6
pw 0 2
py 0 3
pz 0 2
q 0 1
qe 0 1
qu 2 3
ques 3 4
quo 0 1
r. 0 1
raa 1 4
raan 0 1
raand 0 4
raar 0 1
raar. 0 4
raard 0 5
raars 0 5
raartj 2 7
raart 3 4
rac 0 1
raca 2 3
race 1 3
racl 0 4
rada 2 4
radb 0 4
raden 2 3
rade 2 3
radi 1 4
radia 0 5
radio 0 5
radm 0 4
radr 0 5
rads 0 4
radv 0 5
rafd 0 3
raff 1 4
rafond 3 6
rafo 1 3
rafra 2 3
rafr 3 5
ragez 0 5
rage 2 3
ragi 2 3
ragn 2 4
rago 2 3
rags 2 4
rais 0 5
raket 3 6
rake 2 3
rakl 1 5
rakr 2 5
rala 0 3
ralee 2 6
rale 2 3
ralf 0 2
ralim 1 3
rali 2 3
ralt 1 4
raman 2 3
rama 2 3
rameu 1 3
rame 2 3
rami 2 4
ramp 1 4
rana 0 3
randr 3 6
rand 2 3
rango 3 5
rang 2 3
rangr 3 6
rangst. 1 6
rangs 3 5
rangst 5 6
ranim 2 3
rani 2 3
ranj 0 5
rankl 3 6
rank 2 4
rankw 3 5
ransa 3 4
rans 1 3
ranst 3 5
rantj 3 6
rant 2 3
rantw 1 5
rao 1 3
rap. 0 3
rapo 2 3
rappa 0 4
rapp 2 4
raproe 3 6
rapr 1 5
raq 2 3
rarb 0 4
rare 1 3
rarit 0 4
rari 2 3
rarm 0 4
rarr 0 4
rart 0 3
rasei 2 5
rase 1 3
rask 2 5
rasl 2 5
raso 1 3
rasp 2 4
raspo 3 5
rastri 4 5
rast 2 4
rastr 1 6
rati 1 3
rat 2 3
ratj 2 5
ratom 2 3
ratra 2 3
ratr 4 5
ratri 2 3
ratsp 3 4
rats 2 3
ratst 3 5
ratste. 3 6
ratste 3 5
ratu 2 4
rau 0 1
raus 0 2
raut 1 5
ravr 0 5
rav 2 4
razij 2 5
raz 2 3
razi 3 4
rbeti 3 4
rb 1 2
rbe 1 3
rbet 4 5
rc 1 2
rce 1 2
rces 3 5
rchi 1 2
rco 1 2
rd 0 2
rdact 1 5
rda 1 2
rdalk 2 3
rdam 2 4
rdama 2 5
rdan 1 2
rdar 1 3
rdei 1 4
rde 1 2
rdelas 1 4
rdela 3 4
rdendr 4 7
rdend 3 4
rdeo 3 5
rderva 1 2
rderv 4 6
rdest 3 5
rdes 3 4
rdia 3 4
rdi 1 2
rdio 2 4
rdl 1 3
rdo 1 2
rdoc 1 2
rdol 1 3
rdolie 2 5
rdoli 1 4
rdont 2 4
rdoos 2 5
rdoo 3 5
rdope 3 4
rdop 1 2
rdov 1 5
rdras 1 3
rdr 1 4
rdra 1 2
rdres 2 3
rdre 1 2
rdroos 1 6
rdroo 4 6
rdru 2 3
rdsa 2 5
rds 1 2
rdsc 2 4
rdso 2 5
rdsp 2 3
rdst 3 5
rdsta 2 3
rdste 2 4
rdsu 2 5
rdu 1 2
rdwi 2 3
rdw 1 2
rdwo 1 3
re. 0 2
reac 0 3
rea 1 2
reade 2 4
read 2 3
reak 0 1
reamb 2 5
reat 0 4
reco 2 3
recr 0 5
recta 3 4
rect 1 4
reda 0 3
red 2 3
redd 0 5
redes 4 6
rede 2 3
rediti 0 6
redi 2 3
redit 3 4
redu 0 3
redw 2 4
reek 3 4
ree 2 3
reen 0 4
reene 3 6
reenh 1 5
reep 3 4
reeps 3 6
reerad 3 5
reer 3 4
reera 4 5
reers 0 4
reerste 4 6
reerst 4 6
reerw 1 5
rees 3 5
reesh 3 5
ref 1 2
refb 0 4
reff 0 4
refl 0 5
refu 2 3
reg 0 3
reg. 0 3
regd 0 3
regene 2 5
rege 2 3
reges 2 6
regg 0 5
regi 0 4
regl 2 5
regt 0 3
reie 0 4
rei 2 3
reil 0 1
reind 0 4
reitj 3 6
reit 1 5
reiz 0 4
rekap 2 3
reka 2 3
rekeni 0 5
reke 2 3
rekl 2 5
rekn 2 5
reko 2 3
rekre 2 4
rekr 2 5
reksp 3 4
reks 2 3
reku 2 5
rekw 2 3
reldi 3 4
reld 2 3
reldo 3 5
reldr 3 6
relei 2 5
rele 2 3
relk 3 4
relur 2 5
relu 1 3
rem. 0 3
remai 2 3
rema 1 3
remietj 5 8
remi 2 3
remie 3 4
remov 2 6
remo 2 3
remp 0 4
ren. 0 3
rena 2 3
renaa 2 6
renaar 2 4
renade 2 6
renal 2 3
renan 2 4
renar 3 5
rend 1 3
rendee 0 6
rende 3 4
rendert 1 6
rene. 2 4
rene 2 3
renel 2 3
renen. 2 5
renen 4 5
renenk 3 7
renep 2 5
rener. 2 5
renerf 3 4
renerv 2 7
renf 0 4
reni 0 3
renkl 0 6
renk 2 4
renn 1 4
renoc 2 3
renog 3 4
renopl 3 7
renop 2 5
renov 2 6
renp 0 4
renq 0 4
rensl 3 6
rens 2 3
rento 1 4
rent 2 3
rentw 1 5
renveer 1 7
renv 2 5
renve 4 5
renvee 5 6
reof 2 3
reo 2 3
reop 2 5
repa 2 3
repet 0 1
repe 2 3
repie 2 4
repi 2 3
req 0 3
requa 1 5
requ 4 5
rerf 0 2
rerg 0 4
rero 2 4
rers 2 4
rert 0 3
rerv 0 5
rerw 0 4
resa 2 3
rese 2 4
resl 2 5
resle 3 4
resm 3 4
resp 2 4
rest 3 4
retem 2 4
rete 2 3
reth 2 4
reti 2 4
retik 2 4
retin 2 3
retn 0 4
retog 2 5
reto 2 3
retoo 2 6
retste. 4 6
retste 3 5
rets 2 3
retst 4 5
reu 2 3
reures 3 5
reure 3 5
reust 3 5
reuste 3 5
revis 0 4
rev 2 4
revi 2 3
revo 0 1
rex 0 2
rfaa 1 5
rfa 1 2
rfact 2 5
rfag 1 4
rfal 2 3
rfas 1 2
rfe 1 2
rfeng 1 4
rfl 1 4
rflag 1 3
rflev 1 6
rfli 1 3
rflus 2 3
rfop 1 4
rfo 1 2
rfr 1 4
rfre 1 3
rfrea 1 4
rfs 1 4
rfsm 2 4
rfsp 2 4
rfur 1 4
rfu 1 2
rfuu 1 5
rg 1 2
rgab 1 4
rga 1 2
rgamb 1 5
rgeen 1 5
rge 1 2
rgee 1 5
rgei 2 4
rgeis 2 4
rgeldr 4 7
rgeld 3 4
rgen. 1 4
rgera 3 4
rgerap 3 6
rgins 1 4
rgi 1 2
rglas 1 5
rgl 3 4
rglo 1 2
rglu 1 3
rgov 1 5
rgo 1 2
rgrij 1 5
rgr 1 4
rgrit 2 4
rgro 1 3
rgs 1 4
rgsm 2 4
rgso 2 5
rgspr 2 6
rgsp 3 4
rh 1 2
riabel 2 3
ria 2 3
riab 2 4
riabe 3 5
riag 2 5
riak 2 3
rian 2 3
rias 4 5
riav 2 5
ribl 2 4
rib 2 3
rice 0 3
ric 1 2
rico 2 3
ridde 3 6
ridd 2 5
ridi 2 3
ridol 2 3
rido 2 3
ridoo 2 6
riedr 3 6
rie 1 2
ried 3 4
riekap 3 5
riek 2 3
rieka 3 4
riekl 3 6
riekw 3 4
riela 3 4
rielaa 4 7
rielei 3 6
riele 3 5
riero 3 5
rieta 3 4
rieto 3 6
rieu 2 4
rifl 2 5
rif 1 2
rifr 2 5
rig 1 2
rigaa 2 6
riga 2 4
rigl 2 5
rigste 0 5
rigs 2 5
rigst 4 5
rijl 1 2
rij 2 3
rijl. 0 4
rijld 1 4
rijlt 1 5
rijo 3 5
rijpl 3 6
rijpr 3 6
rijsp 1 4
rijs 2 3
rijster 3 6
rijst 1 5
rijste 3 5
rijstr 3 7
rijv 0 5
rikl 2 5
rik 1 2
rikn 2 5
riko 2 4
rilm 2 4
rima 2 3
rimpr 3 6
rimp 2 4
rinb 0 4
rind 0 3
rine 2 3
rinf 0 4
ring 1 3
ringan 0 4
ringa 3 6
ringeni 1 6
ringen 3 4
ringe 3 4
ringl 4 6
rinh 0 4
rinit 2 4
rini 2 3
rinkl 3 6
rink 2 4
rinko 1 4
rinkt 0 4
rinl 1 4
rinna 0 4
rinn 3 4
rinr 0 4
rins 0 3
rinst 1 5
rint 0 3
rinv 0 5
rion 2 3
rio 1 3
rios 2 4
risam 2 3
ris 1 2
risa 2 3
risc 2 3
risot 2 4
risto 3 4
rist 2 4
ritj 2 5
rit 1 2
ritov 2 6
rito 2 3
ritst 3 5
rits 2 3
ritste. 3 6
ritste 3 5
ritsten 3 6
ritt 0 4
rj 1 3
rjaars 4 7
rjaar 1 2
rjaa 3 5
rka. 1 3
rka 1 2
rkaartj 3 8
rkaart 1 5
rkaa 3 5
rkadr 2 6
rkaf 1 3
rkah 1 3
rkang 1 4
rkart 1 6
rkei 1 4
rke 1 2
rken 3 4
rkens 3 5
rkersl 4 7
rkers 3 4
rkerv 1 6
rkes 3 4
rkestree 3 8
rkest 4 5
rkestr 3 7
rkestrer 3 4
rkiep 2 4
rki 1 2
rkie 2 3
rkijv 1 6
rkij 3 4
rkinb 1 5
rkink 1 5
rkjes 4 6
rkj 2 3
rklag 2 3
rkl 1 4
rklat 1 5
rkleid 2 4
rklei 4 5
rklo 1 2
rkloo 2 6
rklus 2 3
rkn 1 4
rkne 1 3
rkob 1 4
rko 1 2
rkolm 1 4
rkomg 1 5
rkoot 4 6
rkoo 3 5
rkopg 1 5
rkord 1 5
rkos. 1 4
rkos 1 5
rkoss 1 6
rkr 1 4
rkran 1 3
rkra 1 2
rkri 2 3
rkris 1 4
rkron 1 3
rks 1 3
rksf 2 4
rksi 2 3
rksp 3 4
rktev 2 6
rkt 1 2
rkte 2 3
rkth 3 4
rkti 2 3
rkto 2 4
rktr 2 5
rkuit 1 4
rku 1 2
rkui 3 4
rkwa 1 2
rkwaa 2 6
rkwat 1 5
rkwee 2 5
rkwi 1 2
rkwin 1 3
rl 1 2
rlaatste 5 7
rlaa 3 5
rlaat 4 5
rlaatst 5 7
rlaats 4 5
rlegr 3 6
rleg 2 4
rlinks 4 6
rli 1 2
rlink 3 5
rlinkste 5 7
rlinkst 5 7
rlofs 3 6
rluit 1 6
rlui 3 4
rm 1 2
rmafr 3 6
rma 1 2
rmart 1 4
rmeb 1 4
rme 1 2
rmeg 1 4
rmera 3 6
rmes 2 5
rmetj 3 6
rmetst 4 6
rmets 3 4
rminh 1 5
rmi 1 2
rmis 2 4
rmo 1 2
rmoe 1 4
rmop 1 2
rmopm 2 5
rmorste 4 6
rmorst 4 6
rmors 3 4
rmosf 3 5
rmos 1 3
rmsa 2 4
rms 1 2
rmst 2 4
rmuit 1 4
rmu 1 2
rmui 3 4
rmun 4 5
rn 0 2
rna 1 2
rnam 1 3
rnap 1 3
rnars 1 5
rneet 4 5
rne 1 2
rnee 3 5
rnene 1 4
rnen 3 4
rnes 1 5
rnete 3 4
rnetj 3 6
rnid 1 4
rni 1 2
rnin 1 2
rnon 1 3
rnoor 2 3
rnoo 3 5
rnoot 1 6
rnops 1 4
rnot 1 2
rnove 2 5
rnov 3 5
rns 1 4
rnsm 2 4
rnsp 2 3
rnst 2 4
rnsta 2 3
rnth 2 3
rnt 1 2
rntj 2 5
rnto 2 3
rnu 1 2
rnur 1 4
roa 1 3
roac 2 3
roc 1 2
roch 2 3
rodo 2 4
roe. 0 3
roe 2 3
roef 0 1
roeg 0 4
roegr 3 6
roem 0 1
roens 3 6
roensm 4 6
roepl 3 6
roep 1 2
roerei 3 6
roer 1 2
roere 3 5
roetj 3 6
roev 0 5
roë 0 3
roffi 1 4
roff 2 4
rofi 1 3
rofl 2 5
roges 2 6
roge 2 3
roï 0 3
rokl 2 5
rok 1 2
rokm 0 4
roksp 3 4
roks 2 3
rol. 1 3
rola 2 4
rolest 4 6
role 2 3
roles 4 5
rolg 2 5
roli 0 3
rolov 3 6
rolo 2 3
roma 1 3
romo 1 3
romz 0 4
ron. 1 3
ronad 3 5
rona 2 3
ronal 0 2
ronda 3 4
rond 2 3
rondo 3 5
rondr 3 6
rondu 3 5
rone 1 3
roni 1 3
ronk 1 4
ronka 3 4
ronn 1 4
rono 1 3
rons 1 3
ronste 3 5
ronst 3 5
ronste. 4 6
ront 0 4
rontj 3 6
rontr 3 6
ronu 2 3
ronv 0 5
roof 0 2
roo 2 4
roog 0 4
roon 0 2
roor 0 2
rootste 4 6
root 3 4
roots 3 4
rootst 5 6
ropa 1 3
ropaa 2 6
ropan 2 3
ropb 0 5
rope 2 3
ropee 2 6
ropin 2 3
ropi 2 3
ropla 2 4
ropl 3 5
ropn 0 4
ropo 1 3
roprak 3 4
ropr 3 5
ropra 3 4
ropsh 3 5
rops 2 3
ropte 1 4
ropt 1 4
ropu 2 4
rord 2 4
roro 2 3
rosa 2 3
ros 1 2
rose 2 3
rosf 2 4
rosh 2 4
rosi 1 3
rosp 2 3
rosst 3 5
ross 2 5
rostel 2 5
rost 2 4
roste 3 4
rostra 3 4
rostr 2 6
rote 2 3
roth 2 4
rotj 2 5
roton 2 3
roto 2 3
rotr 1 5
rotste 3 5
rots 2 3
rotst 4 5
rotste. 3 6
roud 1 4
rout 0 5
rov 2 4
rove 2 4
roveri 2 5
rover 4 5
roxi 0 1
rox 2 3
roy 0 1
rp 1 2
rpa 1 2
rpaan 1 3
rpaa 3 5
rpadv 1 6
rpank 1 5
rpee 1 5
rpeis 1 4
rpei 3 4
rpis 2 4
rpj 1 3
rplo 2 3
rpl 2 4
rplod 2 3
rpoortj 5 8
rpoo 3 5
rpoort 2 5
rpov 1 5
rprec 1 3
rpr 3 4
rpric 1 4
rpro 2 3
rpsa 1 2
rps 1 2
rpsi 2 3
rpsl 2 5
rpsli 2 4
rpspe 2 3
rpsp 2 3
rpsto 2 4
rpst 2 4
rr 0 2
rrelu 2 5
rrens 3 6
rreo 3 4
rreu 3 5
rrier. 3 5
rrie 2 3
rriet 4 5
rronk 2 5
rrotj 3 6
rs 0 1
rsad 2 4
rsag 2 4
rsal 1 3
rsalm 1 4
rsamb 2 5
rsan 1 2
rsana 1 4
rsap 2 4
rsar 2 3
rsas 2 3
rsasse 2 5
rsass 3 6
rsate 1 4
rsat 1 4
rschi 1 3
rsc 1 2
rsch 1 5
rscr 1 5
rseis 1 4
rse 1 2
rsei 3 4
rsekste 4 6
rsekst 4 6
rseks 3 4
rset 2 4
rseve 4 6
rsev 3 5
rsez 1 4
rsfer 2 4
rsf 1 3
rsfe 2 3
rshal 2 3
rsh 2 3
rshi 1 3
rshoc 1 3
rshot 2 3
rsini 1 4
rsi 1 2
rsint 1 4
rsj 1 4
rsjac 1 2
rsjou 1 4
rsjt 1 5
rskat 1 5
rsk 1 4
rska 2 3
rsl 1 4
rslan 1 4
rslec 1 2
rslep 1 3
rsleu 1 3
rslib 1 5
rsli 2 3
rslie 1 4
rsling 1 5
rslob 2 6
rsloep 2 4
rsloe 1 5
rsloo 1 6
rsluis 1 5
rslui 1 5
rsm 2 3
rsmaak 1 2
rsma 2 3
rsmaa 4 6
rsmaal 2 3
rsmak 2 3
rsme 1 3
rsmij 1 5
rsmi 2 3
rsmis 2 4
rsmit 1 4
rsmu 2 3
rsn 1 4
rsna 1 3
rsneu 2 5
rsne 2 3
rsno 1 3
rso 1 2
rsol 1 3
rsong 1 4
rsor 1 2
rsorkes 6 8
rsork 1 3
rsorke 4 6
rsov 1 5
rsp 1 2
rspaa 1 6
rspa 3 4
rspad 1 3
rspar 1 3
rspare 2 5
rspe 1 2
rspec 1 2
rspee 1 6
rspek 1 3
rspene 2 5
rspen 1 3
rspet 1 3
rspit 1 4
rspoe 1 5
rspo 3 4
rspog 1 2
rspon 1 2
rspoo 1 6
rspot 2 3
rspraa 1 7
rspr 4 5
rspra 3 4
rspu 1 4
rspul 1 2
rsput 2 3
rst 1 3
rstaak 1 3
rstaa 4 6
rstaang 1 7
rstas 1 3
rstat 1 5
rste 1 3
rste. 1 4
rster. 1 5
rster 3 4
rsterk 1 2
rsterm 1 6
rsters 0 5
rstes 1 5
rstest 2 6
rsteva 1 2
rstev 3 6
rsti 1 3
rstit 1 4
rsto 1 2
rstoma 1 5
rston 1 2
rstora 1 5
rstr 1 5
rstrap 2 3
rstred 1 6
rstrei 1 6
rstren 1 2
rstrog 2 3
rstroz 1 6
rsty 1 5
rsu 1 2
rsusa 2 3
rsus 3 4
rsy 1 3
rt 0 1
rta 1 2
rta. 1 3
rtaan 1 3
rtaa 3 5
rtaand 2 5
rtaanv 2 7
rtac 1 3
rtad 1 3
rtaf. 1 4
rtaff 1 5
rtam 2 3
rtans 1 4
rtar 1 2
rtart 0 4
rtau 1 2
rtav 1 5
rtc 1 3
rteco 1 4
rte 1 2
rtec 1 2
rteig 1 3
rtei 3 4
rteil 2 3
rtelei 3 6
rtel 2 3
rtele 3 4
rtemb 1 5
rtem 2 3
rten. 1 4
rten 2 3
rtenach 3 5
rtenac 3 5
rtena 3 4
rteno 3 4
rtero 3 4
rter 2 3
rtes 1 5
rtesta 3 5
rtest 4 5
rtev 1 5
rtha 1 3
rthe 2 4
rther 1 3
rthi 2 3
rtho 1 2
rthol 2 3
rthu 1 3
rthy 2 3
rtij 2 4
rti 1 2
rtijk 3 5
rtini 1 4
rtink 1 5
rtjesc 2 5
rtj 1 4
rtjes 4 6
rto 1 2
rtoff 2 5
rtof 3 4
rtofo 1 4
rtok 1 3
rtom. 1 4
rtond 1 4
rtop 1 3
rtori 1 4
rtr 1 4
rtra 1 2
rtrap 2 3
rtras 1 3
rtrec 1 3
rtreden. 1 7
rtred 4 5
rtrede 4 5
rtrek 1 3
rtres 1 3
rtri 2 3
rtrol 1 3
rtru 1 3
rtruk 2 5
rtrus 2 5
rtseco 2 5
rts 1 2
rtse 2 3
rtsei 2 5
rtsl 2 5
rtsle 2 4
rtsli 3 4
rtslu 2 4
rtsm 3 4
rtsno 3 4
rtsn 3 5
rtsoo 2 6
rtsp 2 3
rtspr 2 6
rtsten 3 5
rtste 2 4
rtst 3 4
rtu 1 2
rtuit 1 5
rtui 3 4
rtw 1 3
rtwi 2 3
rubr 0 5
rub 1 3
ruder 4 5
rud 2 3
rude 2 3
rue 2 3
ruf 0 1
rug 2 3
rugr 2 5
ruitr 1 6
rui 2 3
ruit 2 3
ruk 1 3
ruke 0 3
ruki 2 4
rulaa 3 6
rula 2 3
rulap 3 5
ruli 2 3
rulij 2 5
rulin 2 3
ruls 2 4
rum 1 2
rumi 2 3
run. 0 3
rund 1 3
runet 4 6
rune 2 3
runi 0 3
runiv 1 6
rur 2 3
rura 2 3
rure. 2 4
rure 2 4
rures 2 3
rus 1 3
ruse 2 4
rustr 2 6
rust 3 4
rut 0 1
rutj 2 5
rutst 3 5
ruts 2 3
rutste. 3 6
rutste 3 5
ruu 0 4
ruwa 2 4
rvaat 4 6
rv 1 3
rvaa 3 5
rvalst 4 6
rvals 3 4
rvalste. 5 7
rvalste 4 6
rverste. 4 7
rve 2 3
rver 3 4
rvers 3 4
rverst 4 6
rverste 4 6
rves 3 5
rvesp 3 4
rvloot 5 7
rvl 1 2
rvloo 4 6
rw 1 2
rwenst 4 6
rwen 3 4
rwens 3 4
rwenste. 5 7
rwenste 4 6
rwh 1 3
rwtj 2 5
rwt 1 2
rx 1 2
ryu 1 2
rz 0 2
rzetst 4 6
rze 2 3
rzets 3 4
s. 0 1
sa. 0 2
saa 1 4
saag 0 2
saai 0 2
saais 3 6
saal 0 2
saat 0 4
sab 0 3
sabo 2 4
sac 0 2
saca 2 3
sacr 0 5
sadv 1 5
saf 0 2
safe 0 3
safo 0 3
safr 2 5
sagg 1 5
sagi 1 3
sagn 0 4
sago 2 3
sah 0 2
sai 0 1
saj 0 3
sak 0 1
saks 0 3
sakt 1 3
sal 1 2
sal. 0 3
sala 0 3
sald 0 3
salh 0 4
sall 1 4
salm 0 3
salma 3 4
saln 1 4
salo 0 3
same 0 3
samm 0 4
samp 2 4
sana 0 3
sanat 2 5
sanc 1 4
sane 1 3
sant 1 3
santj 3 6
sap 2 3
sap. 0 3
sapa 2 3
sape 0 3
sapr 1 5
sapro 2 3
sara 2 3
sarb 1 4
sard 0 4
sare 2 3
sarm 1 4
saro 2 5
sarol 3 4
sars 1 4
sart 0 3
sartse 4 5
sarts 3 4
sas. 0 3
sasa 0 2
sasc 2 3
sast 0 4
sat 0 3
sate 0 3
sati 0 3
satl 0 4
satt 0 4
saud 1 4
saur 0 5
saus 0 2
saut 1 5
sauz 0 4
sax 0 1
sb 0 2
sba 1 2
sbe 1 3
sbo 1 3
sc 0 1
sca 0 2
sce 0 2
scena 0 5
scè 0 4
sch 0 4
sch. 0 3
scha 3 4
schak 0 1
schap 0 1
schau 0 2
sche. 0 4
sche 3 4
schec 1 2
schef 0 5
schen 0 1
scheq 0 5
scher 0 1
schev 0 6
schew 0 5
schi 1 2
schir 0 6
schol 0 1
schoo 0 6
schot 0 1
schta 3 6
scht 1 3
sci 0 2
scl 0 3
sco 0 2
scola 0 4
scoo 0 5
scope 0 1
scop 1 5
scopi 0 4
score 0 4
scout 0 2
scr 0 4
scris 0 4
scu 0 3
scy 0 2
sd 0 2
sde 1 2
sdh 1 3
sdia 3 4
sdi 1 2
sdis 1 5
sdo 1 2
sdr 1 4
sdw 1 2
se 0 1
se. 0 2
sea 1 3
seak 2 3
seal 2 3
sear 2 5
seau 2 3
seb 1 3
sech 0 2
secr 2 5
sect 0 4
secz 0 4
see 1 3
seed 0 4
seei 0 4
seen 0 4
seenh 1 5
seet 3 4
seets 3 4
seev 0 5
seff 1 4
sege 2 3
seg 1 3
sego 0 3
segr 2 5
sei. 0 3
sei 2 3
seig 0 2
sein 1 2
sein. 0 4
seine 0 4
seis 0 3
seist 3 5
seitj 3 6
seit 1 5
seiz 0 4
sekst 3 5
seks 2 3
seksten 3 6
sekste 3 5
sekw 2 3
sel 1 2
sel. 0 3
selad 3 4
sela 2 3
selag 2 5
selak 2 3
selas 2 3
sele 2 3
selek 0 3
selel 2 4
selem 0 3
self 0 1
seling 2 5
seli 1 3
selit 0 4
selk 3 4
selm 0 3
selo 1 5
selp 0 3
sels 0 3
selsp 3 4
selt 0 4
selu 1 4
sem 1 2
semac 2 4
sema 1 3
semm 1 4
semoo 3 6
semo 2 3
sen 1 2
sen. 0 3
senag 2 6
sena 2 3
senan 2 3
senet 2 3
sene 2 3
sengr 0 6
seng 2 3
senh 0 4
senk 2 4
seno 2 4
senq 0 4
sentw 3 5
sent 2 3
ser. 0 3
sera 2 4
serau 2 4
sere 0 4
seree 2 5
seren 2 3
serg 1 4
sergl 0 6
sergo 1 4
sergr 0 6
seri 2 4
serij 2 5
sern 0 4
sero 2 3
serop 2 4
sers 2 4
sersp 3 5
serst 3 5
sertw 3 5
sert 2 3
seru 2 3
ses 1 2
sesc 2 3
sesf 2 4
sesk 0 5
sess 0 5
set 2 3
seta 2 3
sete 0 3
seti 2 3
setj 2 5
setr 2 5
setra 2 4
setst 3 5
sets 2 3
setu 0 3
setw 2 4
seum 2 3
seven 2 3
sev 2 4
seve 3 4
sex 0 2
sez 0 3
seze 2 4
sé 0 1
sè 0 3
sf 0 2
sfed 0 4
sfe 1 2
sfei 1 4
sfi 0 2
sfr 0 4
sfu 0 2
sfum 3 4
sg 0 2
sgue 1 5
sgu 1 2
sh 1 2
sha. 1 3
shag 3 4
shal. 1 4
shamp 0 5
she 0 3
sheid 2 6
shei 3 4
sheids 4 7
shie 1 3
shir 0 5
shl 1 3
shm 0 3
shoe 1 4
shoo 1 5
shop 0 2
shot 1 2
shote 1 4
show 0 4
shul 1 2
si 0 1
si. 0 2
sia 0 3
siac 2 3
siam 2 3
sian 2 3
sic 0 2
sici 2 5
sico 2 3
sie. 0 3
sie 1 2
sieë 0 5
siefr 3 6
siekl 3 6
siek 2 3
siep 2 5
sies 4 5
siesl 3 6
sieso 3 6
siest 3 5
sieta 3 4
sieto 3 6
siè 2 4
sif 1 4
sig 0 2
sigo 2 5
sijv 1 5
sij 2 3
sijz 0 4
sile 0 3
simper 0 2
simp 2 4
simu 0 3
sina 0 3
sinb 1 4
sinc 0 4
sind 0 3
sinf 0 4
sing 2 5
sing. 0 4
singa 1 6
singeni 1 6
singen 3 4
singe 3 4
singl 3 6
singr 1 6
sinh 1 4
sini 0 3
sinko 0 4
sink 2 4
sinkr 3 6
sinm 0 5
sinn 1 4
sinr 0 4
sins 0 3
sint 0 3
sinv 0 5
sinz 0 4
sir 0 1
siro 0 3
sirr 1 4
sis 1 3
sise 2 5
sisee 3 5
sisi 0 4
sistr 2 6
sist 2 4
sit 0 2
sito 2 3
sitov 2 6
sitr 2 5
sitru 2 4
situ 2 3
siu 0 4
siz 0 3
sj 2 3
sj. 0 2
sja. 0 3
sjab 0 4
sjd 0 3
sje 1 2
sje. 0 3
sjeb 1 4
sjee 0 4
sjei 0 4
sjer 0 1
sjeri 3 4
sjes 1 5
sjew 0 4
sjez 0 4
sjk 0 4
sjof 0 1
sjon 0 3
sjs 1 4
sjt 3 4
sju 1 3
sk 0 3
skaartj 3 8
ska 1 2
skaart 1 5
skaa 3 5
skad 1 2
skele 1 4
ske 1 2
sken 1 2
skes 0 4
ski 1 3
ski. 0 3
skied 0 5
skie 2 3
skies 4 5
skië 0 4
skisc 3 4
skis 2 3
skj 1 3
sko 1 2
skre 1 2
skr 1 4
skruim 2 4
skru 1 3
skrui 4 5
skste 2 4
sks 1 2
skst 3 4
sku 0 2
skw 1 3
sl 1 3
sla. 0 3
slaan 0 2
slaa 3 5
slaap 0 1
slaar 0 2
slab 0 4
slac 1 2
slad 0 2
slag 0 2
slagm 0 5
slame 3 4
slamp. 1 5
slamp 3 5
slampe 1 2
sland 0 4
slan 2 3
slang 0 4
slap 0 1
slape 0 4
slapl 2 6
slas 0 2
slat 0 4
slav 0 5
slaw 0 4
slaz 0 4
sled 1 4
slee. 0 4
slee 3 5
sleep 0 2
sleer 0 5
sleet 1 5
sleetj 4 7
sleg 0 4
slei 0 4
sleng 1 4
sleni 1 4
slenst 4 6
slens 3 4
slenste. 5 7
slenste 4 6
slent 0 4
slep 1 2
sler 0 2
sles 1 4
sletj 3 6
sleu 0 2
sleug 1 2
sleus 1 6
sleut 0 1
slev 0 5
sli. 1 3
sli 1 2
slic 0 3
slid 0 2
slie 0 3
slied 1 5
slief 1 2
slier 0 2
slif 1 3
slig 1 3
slijf 0 2
slij 3 4
slijp 0 2
slijs 0 5
slik 1 4
slim 3 4
slima 3 5
slini 1 4
slinn 0 5
slip 1 2
slit 0 3
slob 2 5
sloc 0 2
sloe 0 4
slof 0 1
slog 0 5
slol 1 4
slood 1 5
sloo 3 5
sloon 1 3
sloos 1 5
sloot 0 6
slos 1 3
slot 0 1
slotr 2 6
slou 0 2
sloz 0 4
sluc 0 3
slui 0 4
slui. 0 4
sluid 0 2
sluis. 0 5
sluis 2 4
sluist 4 6
sluiste 4 6
sluit 0 4
sluiz 0 5
slun 0 1
slus 0 2
sly 0 2
sm 1 2
smaat 0 5
sma 1 2
smaa 3 5
smad 0 1
smak. 0 4
smal 0 1
sman 0 2
smap 1 2
smart 1 4
smat 0 4
smec 0 4
sme 1 2
smeden 0 1
smede 3 4
smed 3 4
smeed 0 5
smee 3 4
smeet 0 5
smei 0 4
smelo 0 4
smel 2 3
smen 0 2
smes 0 5
smid. 0 4
smi 1 2
smid 1 2
smie 2 5
smies 5 6
smij 1 4
smin 1 2
smok 0 3
smo 1 2
smon 1 2
smuilden 0 1
smu 1 2
smui 3 4
smuild 4 5
smuilde 5 6
smuile 1 5
smuilt 0 6
sn 1 3
snam 1 2
sna 1 2
snap 0 2
snar 1 2
snau 0 1
snav 0 5
sned 0 4
sne 1 2
snee 0 5
sneet 4 5
sneg 1 5
snel 0 2
snes 0 2
snet 0 2
sneus 5 6
sneu 3 4
sneust 4 6
sneuz 1 5
snie 1 3
sni 1 2
snij 0 4
snim 1 2
snip 0 2
sniv 0 5
snod 0 4
snoe 0 4
snog 1 2
snoo 0 5
snor. 1 4
snorm 1 5
snov 3 5
snuf 0 2
snui 1 4
snum 0 2
so. 0 2
sobl 2 4
sob 1 3
soc 2 3
soce 1 3
sod 0 3
soe 0 3
soef 0 1
soep 0 2
soes 4 5
soff 0 4
soft 0 3
sog 0 3
soga 0 3
soge 1 3
sogl 2 5
sogy 0 3
soi 0 2
soï 0 3
sok 0 2
sol 1 2
sol. 0 3
sola 2 3
sole 2 3
solis 2 4
soli 2 3
solo 0 5
solov 4 6
sols 0 3
som 1 2
som. 0 3
somm 0 4
soms 0 3
somv 1 5
somz 0 4
son. 0 3
sona 0 3
sonar 2 3
sonb 1 4
sond 0 3
song 0 3
sonn 0 4
sono 0 3
sons 1 3
sont 0 5
sonv 0 5
sonw 1 4
soo 0 4
soog 0 4
sook 0 3
soor. 0 4
soord 1 5
soorl 0 5
soort 0 4
sop 0 2
sop. 0 3
sope 0 2
sophi 2 3
soph 2 5
sopo 1 3
sopr 2 5
sopra 0 4
sopre 3 4
sorb 1 4
sord 1 4
sorg 0 4
sork 0 2
soro 3 4
soror 2 4
sorst 3 5
sors 2 3
sort 0 3
sos 1 4
sosf 2 4
sot 1 2
soud 1 4
soul 3 4
sout 3 4
sov 0 4
sove 1 4
soz 0 3
sp. 0 2
spa 2 3
spaak 0 1
spaa 3 5
spaal 1 2
spaan 0 2
spaat 0 5
spad 0 1
spak 0 2
spake 0 4
span 1 2
spann 0 5
spap 0 2
spar. 0 4
spari 1 4
sparr 0 5
spas 0 5
spatt 0 5
spat 3 4
spau 1 2
spea 0 3
spectu 0 2
spect 2 5
spee 0 5
speet 4 6
spei 0 4
spek 1 2
spell 0 5
spel 2 3
spen 0 2
spen. 1 4
spena 3 4
spep 1 2
sper 0 1
sper. 1 4
speri 1 4
sperm 1 5
sperr 0 5
spes 0 2
spez 1 4
spid 1 2
spie 0 3
spietj 4 7
spijn 0 3
spij 3 4
spijp 0 2
sping 1 4
spio 0 4
spis 1 3
spisto 3 5
spist 3 5
spl 0 4
spla 0 2
splet 1 2
spli 1 5
splin 0 1
split 0 4
splo 1 2
splu 1 2
spo 2 3
spoe 1 4
spoes 1 6
spoë 0 4
spog 0 1
spol 0 2
spom 0 2
spon. 1 4
sponn 1 5
spoo 1 5
spop 1 2
spore 0 4
spori 1 4
spos 0 3
spots 0 4
spou 0 1
sprakt 0 5
spr 3 4
spra 2 3
spray 0 1
spred 1 5
sprei 0 5
sprek 1 2
sprem 0 2
spres 0 2
spreu 0 5
spriet 0 2
sprie 3 4
sprij 0 5
sprik 0 4
sprob 0 5
sproc 0 4
sprod 0 3
sprof 0 3
sprog 0 3
spron 0 2
sproo 1 6
spros 0 4
sps 0 2
spt 0 3
spu 1 3
spub 0 4
spui 0 4
spun 0 2
spur 1 2
spuw 0 1
sq 1 2
sr 0 2
sraadsl 6 8
sraa 2 5
sraad 2 3
sraads 3 5
srov 3 5
ss 0 3
ssas 3 5
ssco 1 3
ssc 1 2
sscu 1 4
sse 1 2
sseis 1 5
ssei 3 4
sseo 3 5
ssi 1 2
ssl 1 4
sspa 1 4
sspaa 1 6
sspas 1 6
ssu 1 2
ssy 1 3
st 1 2
st. 0 2
staaf 0 1
staa 3 5
staan. 0 5
staang 0 6
staanw 0 6
staartj 3 8
staart 4 5
staat 1 5
staatj 4 7
stabo 2 5
stab 3 4
stac 0 3
stad 0 2
stads 0 6
staf 0 1
staf. 0 4
stafo 2 4
stag 1 2
stak 1 2
staki 0 4
stakk 0 6
stakt 2 4
stali 0 4
stal 2 3
stam. 0 4
stamm 0 5
stamp 0 5
stand 0 4
stans 2 5
stap 1 2
stapo 0 2
starc 1 5
stari 0 4
stas 0 2
stasie 4 7
stasi 3 4
statio 0 6
stat 3 4
stati 3 4
stau 0 2
staut 1 6
stav 1 5
stavo 0 4
stax 0 2
staz 0 4
stb 0 3
stc 0 3
std 0 4
stea 0 3
ste 1 2
steak 0 1
stec 0 2
stech 1 2
steco 0 4
sted 0 4
stedu 0 4
steek 0 5
stee 3 5
steen 0 5
steenh 0 6
steer 1 5
steet 4 5
stein 0 3
stei 3 4
stekar 0 1
steka 3 4
stekk 0 6
steldh 0 6
stel 2 3
steld 3 4
stelee 3 7
stele 3 4
stelem 2 4
stell 0 5
stem. 0 4
stem 2 3
stemd 0 5
stemm 0 5
stemo 0 4
stent 0 4
sten 2 3
stenu 0 4
steran 3 4
ster 2 3
sterm 0 5
sterog 3 6
steros 2 5
sterren 0 1
sterr 3 5
steru 1 4
stes 0 4
stex 0 3
stez 1 4
stf 0 3
stg 0 4
sth 0 1
stha 1 3
sthed 2 5
sthe 3 4
stheer 2 6
sthee 4 5
sthek 2 3
sthem 1 2
sther 1 3
sthi 2 3
stho 1 3
sthu 1 3
sthy 1 3
stia 0 4
sti 1 2
stib 0 4
sticu 0 5
stic 2 3
stid 1 5
stiefe 0 5
stie 2 3
stiev 1 6
stijd 0 3
stij 3 4
stijg 0 5
stijl 0 2
stijs 2 4
stils 0 4
stil 2 3
stim 1 2
stimp 2 5
stini 3 4
stins 0 4
stint 0 4
stite 0 4
stit 2 3
stiv 0 5
stivo 2 4
stj 0 4
stk 0 4
stl 0 3
stm 0 3
stn 0 3
stob 0 4
stoc 0 2
stoef 0 1
stoe 2 4
stoel 0 1
stoel. 0 5
stoele 0 5
stoen 0 2
stoer 0 3
stoes 0 6
stoez 0 5
stof 0 4
stoge 2 4
stok 0 3
stol 1 3
stoli 1 4
stoma 0 4
stomz 0 5
stong 1 4
stoo 0 5
stoog 0 5
stootj 4 7
stoot 4 5
stop 1 2
stope 2 4
stopto 2 3
stopt 2 5
stora 0 4
storat 3 6
stord 0 5
stori 2 4
stos 0 5
stov 1 5
stp 0 4
str 0 4
stra. 0 4
straatj 5 8
straa 3 6
straat 5 6
strad 0 3
straf 0 5
straf. 0 5
strag 1 2
strai 0 3
strec 0 3
stref 1 4
streg 0 5
strei 0 5
strel 0 2
strep 0 1
strif 2 4
strijp 2 3
strij 1 5
stris 1 4
stroe 0 5
stroep 1 4
strom 2 3
strook 0 5
stroo 4 6
stroom 0 1
stroos 0 6
stroos. 2 6
strou 0 2
stroz 0 5
stru 0 1
strui. 0 5
strui 4 5
struik 0 5
sts 0 4
stsc 2 3
stse 2 3
stsf 2 4
stsk 2 5
stsl 2 5
stso 2 3
stsp 2 3
stst 1 4
stt 0 4
stu 0 1
stub 0 4
stuc 0 3
stud 0 4
stuin 0 2
stui 3 4
stuitj 4 7
stuit 1 4
stuitk 2 7
stuk 0 3
stun 0 2
stuni 2 4
stunie 3 5
stus 0 5
stv 0 4
stw 0 3
sty 0 4
styl 0 1
styp 1 4
stz 0 3
su 0 1
su. 0 1
sua 0 3
sub 0 4
suba 2 5
sube 2 4
subl 2 4
suc 0 2
sud 0 3
sug 0 1
sui 0 3
suik 0 3
suit 0 3
suit. 0 4
suitl 1 5
suits. 0 5
suits 3 4
suk 0 2
sul 0 1
sum 0 1
sun 0 3
sup 0 2
surv 0 5
sus 2 3
suse 2 4
suur 4 5
suu 2 4
sv 0 3
svaat 4 6
svaa 3 5
svari 3 6
sver 3 4
sve 2 3
sveri 3 4
sw 0 2
swo 1 2
sy 1 2
sy. 0 1
syc 0 3
syn 0 1
syne 2 4
sys 0 4
sz 0 2
t. 0 1
taak. 0 4
taa 2 4
taal 1 2
taando 1 5
taand 3 4
taank 1 6
taanst 4 6
taans 2 4
taanw 1 5
taap 1 2
taarsp 4 5
taars 3 5
taas 0 2
taatst 4 6
taat 3 4
taats 3 4
taatsta 4 6
tabe 0 4
tab 2 3
tabl 0 4
tac 0 1
taca 2 3
taci 0 3
tad 0 1
tade 2 3
tader 1 2
tado 0 3
tadr 1 5
tads 1 5
tadve 1 5
tadv 2 5
taf. 0 3
tafd 0 3
tafe 0 3
taff 0 4
tafha 1 2
tafh 2 4
tafr 1 5
tafro 2 3
tafs 0 5
tafw 0 5
tafz 0 4
tagaa 2 6
taga 2 3
tagee 0 6
tage 2 3
tagl 0 5
tagr 2 5
taka 0 5
takg 0 4
takken 0 1
takk 2 5
takke 3 4
takl 1 5
takn 0 5
takp 0 4
takr 0 5
taks 0 3
tal 1 2
talaa 2 6
tala 2 3
talact 2 6
talac 2 3
talb 0 5
tale. 0 4
tale 2 3
talent 0 5
tali 2 3
talig 0 4
tallia 1 6
tall 2 4
talli 3 5
talma 3 5
talm 2 3
talt 0 4
tamak 2 3
tama 2 3
tamb 0 4
tamba 1 4
tamen 0 3
tame 2 3
tamentj 5 8
tament 4 5
tamp 0 4
tampu 1 5
tan. 0 3
tana 0 3
tanag 2 6
tanat 2 5
tandr 3 6
tand 2 3
tankr 3 6
tank 2 4
tao 1 3
tape 1 3
tapi 0 3
tapl 1 5
tapo 0 1
taq 2 3
tara 2 3
tarb 0 4
tari 0 3
tarm 0 4
taro 2 5
tarsp 3 4
tars 2 4
tartaa 3 7
tart 2 3
tarta 3 4
tarti 1 4
tarw 0 4
tas 0 1
tasa 0 2
tasj 0 5
taso 0 2
tasp 2 4
tasta 1 4
tast 2 4
tastr 1 6
tasy 2 4
tata 0 1
tat 2 3
tatio 0 5
tati 2 3
tatj 2 5
tatl 0 4
tatr 0 5
tau 0 1
taut 0 5
tavo 0 3
tav 2 4
tax 0 1
taz 1 3
tb 0 2
tbal 3 4
tba 1 2
tc 0 2
tch 1 2
tcha 1 2
tche 1 4
tchi 1 2
tchu 1 2
td 0 3
tdorst 4 6
tdo 1 2
tdors 3 4
tdov 1 5
te 0 1
tea 0 2
teakt 2 4
team 0 4
tec 0 1
techt 0 4
teco 0 3
tedit 2 4
ted 2 3
tedi 2 3
tedu 1 3
tee 2 4
teedste. 5 7
teed 3 4
teeds 3 5
teedst 5 7
teedste 0 6
teeg 2 4
teek 0 4
teekl 3 6
teem 1 5
teen 0 4
teenhe 1 6
teenh 3 5
teer 0 4
teerin 3 4
teeri 3 5
teet 3 4
teeu 0 2
tef 1 2
teff 1 4
tefl 0 5
teh 0 4
teier 0 2
tei 2 3
teie 2 4
teig 0 1
teilo 3 5
tein 1 2
teind 1 4
teit 0 5
teitj 3 6
teiw 0 4
tekene 0 5
teke 2 3
tekens 0 5
teker 0 1
tekk 0 5
teko 0 3
tekom 2 4
teks 0 3
tekw 2 3
tekwi 2 4
tel 1 2
telant 3 5
tela 2 3
telan 2 4
telap 2 3
telda 3 4
teld 2 3
telec 0 1
tele 2 3
teleco 0 5
telect 1 6
teleen 2 6
telee 4 6
telef 0 1
teleg 0 5
telei. 3 5
telei 4 5
teleie 3 6
teleit 3 7
telel 2 3
telev 0 6
telex 0 3
telf 3 4
telk 3 4
teloe 2 5
telo 1 3
telog 2 6
teloog 3 6
teloo 2 6
telop 2 4
telor 2 5
tels 2 5
telse 0 4
telso 3 4
telsu 3 4
teluu 2 6
telu 1 3
tem 1 2
temb 0 4
temm 0 4
temor 2 3
temo 2 3
temov 2 6
temper 0 1
temp 2 4
tempo 0 1
ten 1 2
tenach 3 4
tenac 2 4
tena 2 3
tenag 3 6
tenak 2 4
tenare 2 5
tenau 2 3
tene 2 5
tened 3 5
tenel 3 4
tenet 4 5
tenh 0 4
tenk 2 5
tenore 2 5
tenq 0 4
tenscr 3 7
tens 2 3
tensc 3 4
tensn 3 6
tensp 3 5
tensu 3 6
tensuu 4 7
tent 0 3
tenta 0 4
tenten. 0 6
tente 0 4
tenten 1 6
tento 3 4
tentw 1 5
tenu 0 3
ter 1 2
teraads 4 8
teraa 2 6
teraad 2 4
teraak 2 4
terab 3 5
teraca 4 5
terac 2 4
terad 2 3
terade 4 5
teraf 2 4
terag 3 4
teral 2 3
teran 2 3
terap 3 4
teras 3 4
terec 0 2
tere 2 3
terei 2 5
tereik 3 5
terel 2 3
terem 2 3
teren. 2 5
terenk 2 6
terenv 2 7
terf. 0 4
terfd 0 4
terfr 3 6
terft 0 4
terin. 2 5
teri 2 3
terj 0 5
terk. 0 4
terkt 0 4
terkw 3 5
term 0 4
term. 0 4
termi 0 5
teroc 3 4
terod 2 3
terof 2 4
terog 2 5
teron 0 4
terons 2 5
terope 4 5
terop 2 4
teror 2 5
teros 2 4
terrei 0 6
terr 2 4
terreu 0 7
terror 0 1
terspr 3 7
ters 2 3
tersp 3 4
terste. 3 6
terst 3 5
terste 0 5
terston 3 4
tersto 3 4
tes 0 1
tesap 2 5
tesm 3 4
teso 2 3
testa 3 4
test 3 4
testel 2 5
teste 0 4
testen 3 5
testop 3 5
testri 4 5
testr 2 6
testu 2 5
teta 2 3
tetr 2 5
teuv 0 5
tev 1 4
tevan 1 5
tever 1 5
teve 3 4
tevl 0 3
tevr 0 5
tex 0 1
tex. 0 2
texe 0 4
texp 0 4
té 0 1
tè 2 3
tf 0 2
tg 0 3
tgaat 2 6
tga 1 2
tgaa 3 5
tge 1 2
tgela 3 4
tger 4 5
th. 0 2
tha 0 2
thaa 1 5
thaan 1 2
thad 1 2
thak 1 2
tham 1 2
thans 1 4
thar 1 2
thav 1 5
thea 0 3
the 2 3
theb 1 4
thee. 0 4
thee 3 4
thei 0 4
thel 0 2
then 0 2
theo 0 4
ther 0 2
thera 0 4
there 0 4
thes 0 1
thet 0 1
thin 1 2
thm 0 3
thoe 1 4
thog 1 5
thok 1 3
thoo 1 5
thoofdi 5 6
thoof 2 3
thoofd 4 5
thou 0 2
thoud 1 5
thous 0 3
thov 0 5
thr 0 2
thu 0 1
thul 1 2
thum 0 1
thur 1 2
ti 0 1
ti. 0 2
tia 0 3
tiab 2 4
tiae 2 3
tiap 2 5
tib 0 3
tica 0 3
tic 1 2
tice 0 3
tici 0 3
ticu 0 4
tid 2 4
tie. 0 3
tie 1 2
tied 3 5
tiefs 0 5
tiekn 3 6
tiek 2 3
tiekon 3 4
tieko 3 4
tienc 2 5
tienst 4 6
tiens 3 4
tiep 0 3
ties 0 1
tiesl 3 6
tieta 3 4
tieto 3 6
tietw 3 5
tieu 2 4
tieven 0 1
tiev 3 5
tieve 4 5
tife 2 3
tif 1 2
tifr 2 5
tiga 2 4
tigaa 3 6
tigm 0 4
tigu 2 5
tigur 3 4
tijd 0 2
tij 2 3
tije 1 5
tijka 3 4
tijk 2 3
tijkl 3 6
tijn 0 2
tijp 3 4
tijs. 1 4
tijs 2 3
tijst 1 5
tijt 3 5
tijtr 3 6
tijtw 3 5
tijz 0 4
tiko 2 3
tik 1 2
tikr 2 5
til 1 2
tils 0 3
timm 0 4
timo 0 3
tinad 4 5
tina 2 3
tinas 3 6
tincu 0 5
tinc 2 4
tind 0 3
tinf 0 4
tingi 3 5
ting 2 3
tingsa 4 7
tings 3 5
tinh 1 4
tinit 2 4
tini 2 3
tinj 0 5
tinko 1 4
tink 2 4
tinl 0 4
tinq 1 4
tinr 0 4
tins 0 3
tinu 2 3
tinv 0 5
tinw 0 4
tiom 2 3
tio 1 3
tiop 2 5
tis 1 2
tisa 2 3
tisj 2 5
tisl 2 5
tiso 2 3
tison 2 3
tisp 2 4
tista 2 4
tist 2 4
tite 0 3
tit 1 2
tith 2 3
titr 2 5
tivi 0 3
tiv 2 4
tivo 2 3
tj 0 3
tja 0 2
tjaa 1 5
tjee 1 4
tjek 1 2
tjen 1 3
tjet 1 4
tjeu 0 2
tjo 0 1
tjou 1 3
tju 0 3
tk 0 3
tkars 3 6
tka 1 2
tl 0 2
tle. 1 3
tleb 0 4
tles 1 4
tlin 3 4
tli 1 2
tm 0 2
tmenst 4 6
tme 1 2
tmen 1 2
tmens 3 4
tmenste 4 6
tmos 1 5
tmo 1 2
tn 0 2
tnamo 3 5
tna 1 2
tnam 1 2
tner 3 4
tne 1 2
tnes 1 5
to. 0 2
toa 1 4
toac 2 3
toar 2 3
tobl 2 4
tob 1 3
toc 0 1
toch 0 1
tod 0 1
toda 2 3
toe 1 3
toed 3 5
toej 0 5
toek 3 4
toela 0 5
toele 3 4
toelic 0 5
toeli 2 4
toemaat 6 8
toema 2 4
toemaa 5 7
toen 0 1
toende 2 5
toend 3 4
toepl 3 6
toep 1 2
toer 0 2
toeri 0 4
toern 0 5
toes 0 5
toest 3 5
toetj 3 6
toets 0 4
toets. 0 5
toetse 0 5
toetste. 5 7
toetste 4 6
toetst 5 6
toev 0 5
toez 0 4
tof 2 3
tofar 3 4
tofa 2 3
tofd 2 4
tofr 2 5
tofth 3 5
toft 1 3
togn 0 4
togr 0 5
toi 0 2
tokan 2 3
tok 1 2
toka 2 3
toks 2 4
tol 1 2
tola 2 3
tolaa 0 6
tole 2 3
tolet 0 1
tolf 1 2
toli 0 3
tolic 0 4
tolie 2 4
tolks 3 5
tolo 0 3
tolpr 3 6
tolp 2 3
toly 1 3
tom. 0 3
tomaa 0 6
toma 1 3
tomaat 5 7
toml 1 4
tomo 1 3
tompj 3 5
tomp 2 4
toms 0 4
ton. 0 3
tond 0 3
tone 0 3
tonee 0 6
tonen 0 5
toner 2 3
tong 0 3
tong. 0 4
toni 0 3
tonn 0 4
tono 2 3
tons 0 3
tonsk 3 6
toom 3 4
too 2 4
toome 2 5
toon 0 2
top. 1 3
topart 3 5
topa 1 2
topas 2 6
topen 2 3
topet 2 3
topi 2 3
topm 0 4
topo 2 3
topos 2 4
topp 1 4
topu 2 4
topus 2 3
topva 1 2
topv 2 5
tor. 0 3
tora 2 3
torag 2 5
tord 1 4
torec 1 3
tore 2 3
torens 0 5
torg 0 4
torga 1 4
tori 1 3
toria 0 5
torië 1 5
tork 3 4
torma 3 5
torm 3 4
toro 4 5
toroli 2 5
torol 2 3
torom 2 3
torr 0 4
tors 0 3
torste. 3 6
torst 3 5
torste 3 5
toru 2 4
tos 0 4
tosa 2 3
tosl 2 5
tosp 2 4
toste 3 4
tost 2 4
tota 0 3
totr 1 5
toud 0 4
tour 0 1
toure 3 5
tov 2 4
tovena 4 5
tove 3 4
tovens 2 5
toverg 0 6
tover 4 5
tow 1 4
tp 0 3
tpet 3 5
tpis 2 4
tr 2 3
tra. 0 3
traad 0 3
traa 2 5
tracé 0 4
trac 1 2
trafo. 0 5
trafo 2 4
trag 0 1
tragez 0 6
trage 3 4
trai 0 2
train 0 4
traka 0 6
trake 1 4
trakt 0 4
trans 0 4
transa 0 5
trap. 0 4
trau 0 2
traz 0 4
tre. 0 3
trea 0 3
trec 0 1
tred. 0 4
tred 3 4
treda 0 4
tredes 1 7
trede 3 4
tredu 0 4
tref 0 3
treg 0 4
treis 0 4
trei 3 4
treiz 0 5
trel 0 1
trese 1 5
tresu 1 4
tret 3 5
treu 1 4
trib. 1 4
trib 3 4
tribu 0 5
trico 0 4
tric 2 3
trieta 4 5
trie 2 3
trig 2 5
trij 0 4
tril 0 2
trini 3 4
trio 0 5
trisi 1 4
tris 2 3
trit. 1 4
trit 2 3
triti 0 5
trody 0 4
troed 1 5
troe 3 4
troes 1 2
trofy 0 6
trog 0 1
troï 1 4
troj 0 4
trol. 0 4
trola 0 5
trolo 0 4
tromm 0 5
tron. 0 4
trona 0 4
trond 1 4
trone 0 4
tronn 0 5
trono 0 4
trons 0 4
trontj 4 7
tront 1 5
trood 1 5
troo 3 5
troon 0 3
troos 1 5
tropi 3 4
tros 1 3
trotu 0 4
trou 0 1
trout 0 6
trov 3 5
truc. 0 4
truc 2 3
truf 0 2
trug 0 4
trui. 0 4
trui 3 4
truie 0 5
truim 1 3
truit 3 6
truk 1 4
trum 1 3
ts 0 1
tsad 2 4
tsag 3 4
tsam 2 3
tsap 1 4
tsas 2 3
tsed 3 4
tse 1 2
tseen 1 5
tsee 2 4
tsei 1 4
tseind 2 5
tsein 2 3
tsene 1 4
tsen 2 3
tseng 1 4
tserg 1 5
tserge 2 5
tsev 1 5
tsij 1 4
tsi 1 2
tsink 1 5
tsint 1 4
tsj 2 4
tsja 2 3
tsjen 1 4
tsje 2 3
tsji 0 1
tsl 1 4
tslaa 2 6
tslac 1 3
tslag. 1 5
tslag 1 3
tslam 2 3
tsle 1 3
tslib 1 5
tsli 2 3
tsloe 1 5
tslu 1 3
tsme 2 3
tsm 2 3
tsmoe 2 5
tsmo 2 3
tsneu 2 5
tsn 2 4
tsne 2 3
tsno 2 3
tsnor 2 3
tsnot 2 3
tsnu 2 3
tsob 2 4
tsol 2 4
tsoli 2 4
tsom 2 3
tson 2 3
tsopp 2 5
tsop 1 3
tsor 2 4
tsov 1 5
tspad 1 3
tspa 3 4
tspan 1 3
tspec 1 2
tspet 1 3
tspi 1 2
tspil 1 3
tspoe 1 5
tspo 3 4
tspoo 1 6
tspor 1 3
tspot 2 3
tspro 1 2
tspr 4 5
tspru 2 3
tsq 2 3
tss 1 4
tsta 1 2
tst 2 3
tstaak 1 2
tstaa 4 6
tstank 1 6
tstant 2 5
tstar 1 2
tstas 1 3
tste 1 3
tsted 1 5
tstee 1 6
tsteko 2 5
tstell 1 6
tstel 3 4
tstels 1 7
tstem 1 4
tster. 1 5
tster 3 4
tsterr 1 6
tsters 1 5
tstes. 1 5
tstes 1 5
tsteu 1 2
tsth 1 3
tsti 1 3
tstij 1 5
tstijg 1 6
tstil 1 4
tstin 2 3
tstj 1 5
tsto 1 2
tstoep 2 4
tstoe 3 5
tstong 2 5
tstore 1 5
tstrad 1 4
tstr 1 5
tstrei 1 6
tstri 1 2
tstroe 1 6
tsty 1 5
tsu 1 4
tsur 2 3
tsus 2 4
tsuu 2 5
tsy 1 3
tt 0 2
tta 1 3
tte 1 2
tteloe 3 6
ttel 2 3
ttelo 2 4
ttelop 3 5
tten 2 4
ttentj 4 7
ttent 1 4
tteri 3 4
tter 2 3
ttlet 1 2
ttl 1 3
ttoog 2 5
ttoo 3 5
ttop 4 5
ttr 1 4
ttum 1 3
ttuu 2 5
tua 0 3
tub 0 3
tuch 0 1
tuc 1 2
tue 0 3
tueu 0 3
tués 2 3
tuig 0 2
tui 2 3
tuin 0 1
tuip 0 1
tuit 0 3
tuitj 3 6
tuk 0 2
tuki 2 4
tulpi 3 4
tulp 2 3
tum 1 2
tune 0 3
tunn 0 4
tuo 2 3
turb 0 4
turi 2 3
tus 0 4
tutj 2 5
tuursla 5 6
tuu 2 4
tuursl 4 7
tuurs 3 4
tuwa 2 4
tv 0 3
tvaat 4 6
tvaa 3 5
tve 1 3
tw 0 2
twijf 0 2
twij 2 4
twin 1 2
ty 0 3
typ 0 3
tys 3 4
tz 0 2
tza 1 2
tzi 1 3
tzw 1 3
ua 1 2
uac 1 2
uan 1 2
uane 2 3
uap 2 3
uar. 1 3
uart 2 4
uasa 1 3
uat 2 4
ub 0 2
ubac 2 3
uba 1 2
ubeli 2 4
ube 1 3
ubem 2 3
ubi 1 3
ubo 1 3
ubor 2 3
uc 0 1
uche 1 4
uchtsl 4 7
ucht 1 3
uchts 3 4
ucki 2 3
ucle 4 5
ucl 1 3
ucta 2 4
uct 1 3
uctin 2 3
ucti 2 3
ud 1 2
uda 1 4
uda. 1 3
udam 2 3
udei 1 4
ude 1 2
udess 2 6
udes 3 4
udez 1 4
udeze 2 5
udio 2 4
udi 1 2
udiologe 3 7
udiol 3 4
udiolo 4 5
udiolog 7 8
udiom 3 4
udoe 1 5
udo 1 2
udond 2 4
udoo 2 5
udov 1 5
udr 1 4
udslo 3 4
uds 1 2
udsl 3 5
udsm 2 4
udsma 3 4
udsme 2 4
udsmi 2 4
udst 2 5
udsta 2 3
udstak 3 4
udsti 2 4
udw 1 3
uec 1 2
ueco 2 3
uee 1 4
uef 1 2
uei 1 3
uel 1 2
uene 1 3
uer 1 2
ueril 3 4
ueri 2 3
uest 2 4
ueu 1 2
ueul 1 2
uez 1 3
uè 1 3
ufan 1 3
ufa 1 2
ufl 1 4
ufr 1 4
ufs 1 3
uga 1 2
ugda 2 5
ugd 1 2
ugder 2 3
ugde 2 3
ugdo 2 3
ugdr 2 5
ugelo 1 5
uge 1 2
ugij 1 4
ugi 1 2
ugl 2 4
ugo 1 2
ugor 2 3
ugr 1 4
ugsce 2 4
ugs 1 2
ugsc 2 3
ugsec 2 3
ugse 2 5
ugsp 3 4
ugspa 3 5
ugst 2 4
ugstra 2 4
ugstr 2 6
uh 1 2
ui 1 2
uiac 2 3
uia 2 3
uida 2 4
uido 2 4
uids 2 5
uidsp 3 4
uidspre 3 4
uidspr 6 7
uidste. 3 6
uidst 4 6
uidste 3 5
uidu 2 4
uie 1 3
uient 3 5
uifa 2 3
uif 1 2
uifl 3 5
uifr 3 5
uifu 2 3
uig 0 1
uigaa 2 6
uiga 2 4
uigl 3 5
uigo 2 4
uigr 2 5
uigu 2 3
uik 0 2
uika 2 4
uikl 2 5
uiko 2 3
uiku 2 3
uila 2 3
uilaa 3 6
uilem 2 4
uile 1 3
uilm 2 4
uilog 2 6
uilo 2 3
uiloo 2 6
uilov 3 6
uim 0 1
uima 2 4
uimag 2 4
uina 2 4
uing 2 4
uino 2 3
uinog 3 5
uinor 3 4
uinslo 3 5
uinsl 3 6
uins 2 3
uinto 3 4
uint 2 3
uipl 2 5
uipo 2 5
uipr 2 5
uis 0 2
uisa 2 4
uisc 2 4
uisl 2 5
uislu 2 3
uisp 3 4
uist 2 4
uita 2 5
uit 1 2
uitaa 3 6
uital 3 4
uitar 2 3
uitg 0 5
uitj 2 5
uitl 0 4
uito 2 4
uitr 0 5
uitsl 3 6
uits 2 3
uitsn 3 6
uitsp 3 4
uitste. 3 6
uitste 3 5
uitst 4 5
uitw 0 4
uitz 0 4
uiv 2 4
uj 0 2
uk 0 1
ukal 1 3
uka 1 2
ukas 2 4
ukkers 4 7
ukk 1 4
ukke 2 3
ukl 1 4
uklas 1 3
ukn 1 4
uko 1 3
ukoc 1 3
ukop 3 4
ukopl 2 6
ukr 1 4
uksm 2 4
uks 1 2
ukspa 2 5
ukspl 2 6
uksti 2 4
ukst 3 4
ukw 2 3
ula 1 2
ulac 1 3
ulam 4 5
ulap 3 4
ulda 2 4
uld 1 2
ulderk 3 7
ulde 2 3
uldop 2 5
uldo 2 3
uldu 2 4
ule 1 2
ulesp 3 4
ules 3 4
ulfl 2 5
ulfo 2 3
ulfr 2 5
ulin. 2 4
uli 1 2
uling 1 4
ulinn 1 5
ulka 2 4
ulke 2 3
ulkl 2 5
ulo 1 2
ulop 2 4
ulos 1 3
ulpa 2 3
ulp 1 2
ulpac 3 4
ulpi 2 3
ulpl 2 5
ulpo 2 3
ulpr 2 5
ulsa 2 3
uls 1 2
ulso 2 3
ulsp 2 4
ulste. 3 5
ulst 2 4
ulste 2 4
ulstel 3 5
ulu 1 2
umaf 2 3
uma 1 2
umar 2 3
umda 0 3
umd 1 3
ume 0 2
umee 3 5
umes 2 5
umest 3 5
umom 1 3
umo 1 2
umop 1 3
umso 2 5
ums 1 2
umst 2 4
umui 1 4
umu 1 2
unac 1 3
una 1 2
unc 1 3
unchr 3 5
undra 2 3
und 1 2
undr 2 5
unds 2 4
undsta 3 5
undst 4 6
undste 3 5
unet 3 4
une 1 2
ung 1 3
univ 0 5
uni 1 2
unkr 2 5
unk 1 3
uno 2 3
unog 3 4
unop 2 4
unsta 2 5
uns 1 2
unst 3 4
unste. 2 5
unste 2 4
unsto 2 5
unstr 2 6
unstui 4 6
unstu 2 3
untag 2 3
unt 1 2
unta 2 3
unteen 2 6
unte 2 3
untee 4 6
untj 2 5
unto 2 5
untsm 3 5
unts 2 3
untu 2 4
uol 1 2
uon 1 2
uoo 1 4
uor 1 2
uoru 2 4
uos 1 2
uota 1 5
up 0 1
upa 1 2
upe 1 2
upek 3 4
upero 3 5
uperst 4 6
upers 1 4
uph 1 4
upi 1 2
upl 1 4
uplei 1 5
upo 1 2
upol 1 2
upom 1 3
upop 2 3
upr 1 4
uptr 2 5
upt 1 3
ura 1 2
uraan 1 3
uraa 2 5
urac 1 3
urada 2 5
uradv 1 6
urar 1 4
uras 4 5
uraz 1 4
urdo 2 4
urd 1 3
ure 1 3
urech 2 3
ureen 1 5
uree 3 4
urees 4 6
urelu 2 4
urelur 3 6
urem 1 2
uremb 2 5
uren 3 4
ures 1 2
uress 2 6
urest 3 5
ureta 2 4
urf 0 1
urfa 2 3
urgi 2 3
urg 2 3
uri 1 2
urigl 3 6
urig 2 3
urijz 2 5
urij 3 4
urind 1 4
urint 1 4
urk 0 1
urkens 4 6
urken 4 5
urke 2 3
urkie 2 4
urki 2 3
urkl 2 5
urkst 3 5
urks 2 4
uro 1 2
uropb 1 6
uror 2 3
uros 2 4
urpr 2 5
urp 2 3
urserv 2 7
urs 1 2
urse 2 3
ursev 2 6
ursfe 2 4
ursf 2 4
ursl 2 5
urslaa 3 7
ursli 3 4
ursm 2 4
ursn 2 5
ursp 2 3
urspa 3 5
urspel 2 5
urspe 2 3
urspor 2 3
urspo 4 5
urstake 3 6
urst 2 4
urstak 3 4
ursth 2 4
ursti 2 4
urstik 3 5
urta 2 3
urt 1 2
urtro 2 3
urtr 2 5
urtroe 2 6
uru 1 2
urui 2 4
urv 0 4
ury 1 3
usaa 0 5
usad 2 3
usam 2 4
usap 2 4
usc 1 2
uscr 1 5
usetj 3 6
use 1 2
uset 3 4
usie 1 3
usi 1 2
usj 1 4
usl 1 4
usm 1 3
usn 1 4
uso 3 4
usoï 1 4
usos 2 5
usp 1 3
uspi 2 3
uspu 2 4
usta 2 3
ust 2 3
ustag 2 3
ustal 3 4
uste 1 3
ustei 2 5
usti 1 3
ustoo 1 6
ustra. 1 5
ustr 1 5
ustre. 2 5
ustro 2 3
ustru 1 3
ustu 1 5
ustur 3 4
ustuu 3 6
uta 1 2
utaan 2 3
utaa 3 5
utaar 5 6
utac 1 3
utaf 2 3
utan 1 2
utas 1 5
utc 1 3
utees 1 6
ute 1 2
utee 3 5
utek 1 2
uteks 1 4
utem 2 3
utemm 1 5
uteran 3 5
uter 2 3
utex 1 3
uth 2 3
utho 2 3
utj 1 4
uto 1 2
utof 3 4
utoog 2 5
utoo 3 5
utope 3 4
utopl 4 6
utopo 3 4
utopr 4 6
utos 1 5
utsaa 2 6
uts 1 2
utsc 2 4
utseng 2 5
utse 2 3
utsen 3 4
utsm 3 4
utsn 2 5
utsp 2 3
utspa 2 5
utspo 2 5
utst 2 4
utstak 3 4
utsta 2 3
utste. 2 5
utste 2 4
utsten 2 5
utstr 2 6
utsu 2 5
utt 1 4
utu 1 2
utw 1 3
uu 1 3
uura 2 5
uure 2 5
uuri 2 4
uurk 1 4
uuro 2 5
uurste 3 5
uurs 2 3
uurst 3 5
uursti 3 5
uut 0 1
uuta 2 4
uutr 3 5
uvels 3 5
uv 1 3
uve 2 3
uvel 1 2
uvena 3 4
uwa 2 3
uwag 1 3
uwar 2 3
uwart 2 4
uwe 1 2
uwec 1 4
uwed 1 4
uween 2 5
uwee 3 4
uwei 1 4
uwenen 3 6
uwen 3 4
uwene 3 6
uwes 3 5
uwi 1 2
uwij 1 4
uwijz 2 5
uwind 1 4
uwing 1 4
uwins 1 5
uwinz 2 5
uwo 2 3
uwoe 1 4
uwoge 3 4
uwr 2 3
uwu 2 4
uxa 3 4
uya 1 3
uz 0 2
uzet 3 5
uze 2 3
uzie 2 5
uzi 2 3
ûts 1 4
ü 0 1
üb 1 2
ün 1 2
üri 1 2
üsl 2 4
v 0 2
v. 0 1
vaarta 4 5
vaa 2 4
vaart 3 4
vaartr 4 7
vade 2 3
vag 2 4
vaki 2 3
vakl 1 5
vako 2 3
vala 2 4
valm 2 4
valo 2 3
valoe 2 5
valsi 3 4
vals 2 3
valsp 3 5
valstek 3 5
valst 3 5
valste 3 5
valu 2 5
van 2 3
vanac 2 4
vana 2 3
vand 2 5
vanga 3 5
vang 2 3
vangr 3 6
vano 2 3
vanoc 2 3
vap 2 3
vare 2 3
vase 1 3
vaso 1 4
vastr 1 6
vast 2 4
vasu 2 3
vate 2 3
vat 2 3
vath 2 4
vatj 2 5
vaz 2 3
vb 1 2
vc 0 2
ve 1 2
ve. 0 2
veb 0 3
veel 3 4
vee 2 3
veele 3 5
veep 3 5
vees 3 5
vegh 2 4
veg 1 3
veis 2 5
vei 2 3
veitj 3 6
veit 1 5
vek 0 1
vel 0 1
velag 2 5
vela 2 3
veldo 3 5
veld 2 3
vele 2 3
velk 3 4
vem 0 1
vema 1 4
vena 2 3
venare 2 5
vend 0 3
venk 2 4
veno 2 4
venr 0 4
vense 3 5
vens 2 3
vensl 3 6
venslan 4 6
venslo 4 5
vensp 3 5
venstaak 4 5
venst 4 5
vensta 3 4
venstaa 6 8
venstake 4 7
venstak 4 5
venstek 4 5
venste 3 5
vensu 3 6
ver 2 3
vera 3 4
veraas 3 4
veraa 2 6
verad 2 3
verag 4 5
verand 2 5
verdo 3 5
verd 2 4
verec 1 3
vere 2 3
vered 3 5
vereg 2 5
verei 2 5
vereis 3 5
veren. 2 5
verend 2 5
veret 3 5
verijd 3 4
veri 2 3
verij 4 5
verijl 3 4
verijs 3 5
vering 2 5
verk 3 5
vero 3 4
verom 2 4
verov 0 6
verp 3 4
verspe 3 4
vers 2 3
versp 3 4
versta 3 4
verst 3 5
versto 3 4
vertw 3 5
vert 2 3
veru 2 4
very 2 3
ves 2 4
vesti 3 4
vest 3 4
vetj 2 5
veto 2 5
vetog 3 4
vetoo 3 6
vetor 2 3
vetr 2 5
vetroe 2 6
vetste 3 5
vets 2 3
vetst 4 5
vez 0 3
vi 0 1
vicepa 0 5
vic 1 2
vice 2 3
vidst 3 6
vids 2 5
viera 3 5
vie 1 2
vies 3 5
viesn 3 6
vietj 3 6
vieu 2 4
vijf 4 5
vij 2 3
viks 2 4
vik 1 2
viltj 3 6
vilt 2 4
ving 2 5
vings 3 6
vio 1 3
viom 2 3
visan 2 4
vis 1 2
visa 2 3
viso 2 3
visot 2 4
visp 3 4
vist 2 4
vistr 2 6
vitr 2 5
vit 1 2
vj 1 2
vje 3 4
vjet 3 5
vl 0 1
vlar 1 2
vleis 3 6
vlei 3 4
vlies 4 6
vli 1 2
vlie 2 3
vlots 3 5
vlov 0 5
vo. 0 2
voe 0 3
voeta 3 5
voetr 3 6
voetsp 4 6
voets 3 4
vog 0 1
voge 2 5
voi 0 2
vole 2 3
volga 3 5
volg 2 4
volgra 3 4
volgr 3 6
voli 2 3
volij 3 5
volp 2 4
vondet 3 7
vond 2 3
vonde 3 4
vondu 3 5
voo 0 4
vood 1 4
vooit 3 5
vooi 2 3
voorn 3 6
voorna 4 5
vora 2 3
vorma 3 5
vorm 3 4
vorste. 3 6
vors 2 3
vorst 3 5
vorste 3 5
vorsten 3 6
vos 1 4
vot 0 1
votj 2 5
vou 0 1
vous 1 5
vr 0 3
vrei 3 5
vries 4 5
vrie 2 3
vrijk 3 6
vrij 3 4
vrijs 3 6
vrijste 4 6
vrijst 2 6
vt 1 2
vues 4 5
vul 2 3
vulp 2 4
vuurs 3 5
vuu 2 4
vy 2 3
w. 0 1
waad 1 5
waa 2 4
waar 1 2
waare 3 6
waarste 4 6
waars 3 5
waarst 4 6
wab 2 4
waba 2 3
wabl 2 4
wad 1 2
wadr 2 5
wag 1 2
wala 2 3
walan 2 4
wam 0 1
wandr 3 6
wand 2 3
wangr 3 6
wang 2 3
wangsl 4 7
wangs 3 5
wano 2 4
wans 1 5
wap 0 1
war 1 2
warc 1 4
ward 0 4
warst 3 5
wars 2 4
warste 3 5
wartj 1 6
wart 2 3
warto 1 4
wasi 2 3
wasl 2 5
wasp 2 4
wastr 1 6
wast 2 4
wate 0 3
wat 2 3
watj 2 5
watr 2 5
way 0 1
wb 0 2
wc 1 2
wd 0 2
wdoo 1 5
wdo 1 2
wdoom 2 3
wea 1 3
wec 0 3
wed 0 3
wede 2 5
wedi 2 4
wedr 2 5
weeki 3 4
wee 2 3
week 3 4
weekr 3 6
weelo 2 4
weel 3 4
weest 3 5
wees 3 5
weeste 3 5
weg 0 3
wega 2 4
wegerv 2 7
wege 2 3
wegl 2 5
wego 2 4
wegr 2 5
weis 2 4
wei 2 3
weitj 3 6
weit 1 5
wekr 2 5
wele 2 5
welem 0 3
weli 1 3
welo 1 3
wels 2 4
wem 2 3
wema 1 4
weme 2 3
wen 2 3
wena 2 5
wenad 3 4
wene 2 5
wenem 2 3
wenen. 2 5
wenen 4 5
wenenk 3 7
weni 2 3
wenka 3 5
wenk 2 4
weno 3 4
wento 3 4
went 2 3
werf 3 4
werg 0 4
werka 3 4
werkl 3 6
werkn 3 6
werko 3 5
werkr 3 6
werkru 3 5
werku 3 6
werkw 3 5
werpa 3 5
werp 3 4
werpl 3 6
werpr 3 6
wers 2 4
werste 3 5
werst 3 5
wes 2 4
wespo 2 5
wesp 2 3
westo 3 5
west 3 4
wet. 0 3
weth 2 3
wetj 2 5
wetst 3 5
wets 2 3
wetu 2 4
wex 0 1
wezens 4 7
wezen 1 3
wez 2 3
weze 3 4
wf 0 2
wg 1 2
wh 1 2
wiela 3 4
wie 1 2
wiet 3 4
wij 1 3
wijd 0 2
wijka 3 4
wijk 2 3
wijs 2 4
wijsl 4 6
wijsp 1 5
wijsta 3 5
wijst 1 5
wik 1 3
wil 0 1
winda 3 5
wind 2 3
windr 3 6
wing 1 3
winr 0 4
wins 2 4
winstaa 5 8
winst 4 5
winsta 3 4
winstr 3 7
with 2 4
wit 1 2
witj 2 5
wito 2 5
witr 3 5
wj 1 2
wk 0 2
wl 0 2
wm 0 2
wn 0 1
wnac 1 3
wna 1 2
wne 1 2
wni 1 2
wno 1 2
wob 1 3
woe 1 3
woes 4 5
woesta 4 6
woest 4 5
wol 2 3
wola 2 4
wolfs 3 6
woonsf 4 6
woo 2 4
woon 1 2
woons 3 4
woordr 4 7
woord 3 5
worge 3 5
worg 3 4
wp 1 2
wrenst 4 6
wrens 3 4
wrenste. 5 7
wrenste 4 6
ws 0 1
wsa 2 4
wsc 1 2
wsl 1 4
wsle 1 3
wsom 1 3
wsp 1 2
wspl 1 5
wspr 1 5
wspra 1 4
wst 1 3
wstij 1 5
wsti 2 3
wt 0 1
wtes 1 5
wte 1 2
wtjesp 4 5
wtj 1 4
wtjes 4 6
wto 1 2
wtr 1 4
wu 2 3
wva 3 4
wv 1 3
ww 1 2
xaf 3 4
xag 2 3
xament 4 6
xame 2 3
xamen 2 3
xan 3 4
xant 2 4
xc 1 2
xe 1 2
xend 2 4
xero 2 3
xf 1 2
xh 1 2
xiet 3 4
xie 1 2
xig 2 3
xio 1 3
xista 2 4
xis 1 2
xist 2 4
xisto 2 4
xiti 2 4
xit 1 2
xl 1 2
xm 1 2
xono 2 3
xop 1 2
xos 1 4
xp 1 2
xpre 4 5
xpr 3 4
xpres 1 6
xr 1 2
xso 1 2
xsp 1 2
xt 1 2
xtak 1 2
xtie 2 5
xti 1 2
xw 1 2
xy 2 3
ya 1 2
yas 2 4
yasp 2 4
yat 1 3
ybal 3 5
yb 1 2
yba 1 2
ybert 3 6
ybe 1 3
yc 1 2
ycho 4 5
yco 1 2
yd 1 3
ydia 3 4
ydi 1 2
ydr 1 4
ydro 4 5
ye 1 2
yes 3 4
yés 1 2
yè 1 3
yf 1 2
yg 1 2
ygu 1 4
yh 1 2
yi 1 2
yin 1 2
yis 1 2
yksge 3 6
yks 1 2
yksg 2 4
yla 1 2
ylal 1 3
yle 1 2
ylet 1 3
ylo 1 2
ylol 1 4
ymfl 2 5
ymf 1 3
ympa 2 3
ymp 1 3
yna 1 2
yner 2 3
yne 1 2
yno 1 2
ynt 1 3
yo 1 2
yon 1 2
yos 1 2
yot 2 3
yp 1 2
yph 1 4
ypo 3 4
ypot 4 5
yps 1 3
ypsi 2 3
yr 1 2
yre 1 3
yri 1 2
ys 2 3
ysa 1 3
ysc 1 3
yse 1 3
yset 3 4
ysf 1 3
ysh 1 3
ysi 1 3
yso 1 3
ysp 1 3
yspl 1 5
ysta 2 3
yst 2 3
ystr 1 5
ysy 1 3
yt 1 2
ythu 1 3
yto 3 4
ytof 1 4
ytop 4 5
yua 2 3
yui 1 3
yur 1 3
yvari 3 6
yv 1 3
yw 1 3
z 0 1
z. 0 1
zaart 3 5
zaa 2 4
zaf 2 4
zagst 3 5
zags 2 3
zaka 2 5
zakr 2 5
zand 2 4
zanda 1 6
zandi 3 4
zandr 3 6
zangs 3 5
zang 2 3
zapo 2 3
zas 2 4
zb 0 2
zc 0 1
zd 0 1
ze 1 2
zeek 3 4
zee 2 3
zeeld 3 5
zeel 3 4
zeero 3 5
zeer 3 4
zeerov 4 7
zeers 3 5
zees 3 5
zege 2 3
zeg 1 3
zegsl 3 6
zegs 2 5
zeisp 3 5
zei 2 3
zeis 2 3
zek 2 3
zeldr 3 6
zeld 2 3
zelem 1 3
zele 2 3
zelf 3 5
zelso 3 4
zels 2 3
zenda 3 5
zend 2 3
zenin 2 3
zeni 2 3
zenk 2 4
zeno 3 5
zenog 3 4
zenon 2 4
zera 2 4
zero 2 3
zers 2 4
zerse 3 5
zes 2 4
zesch 2 6
zesc 2 3
zese 2 4
zesl 2 5
zeste 2 4
zest 3 4
zeta 2 4
zeth 2 4
zeti 2 3
zetj 2 5
zetr 2 5
zeve 3 5
zev 2 4
zeven 5 6
zf 0 1
zg 0 1
zh 0 2
zi 1 2
ziekl 3 6
zie 1 2
ziek 2 3
zieko 3 5
ziekw 4 5
ziels 3 5
ziesl 3 6
zif 0 2
ziga 2 4
zijkl 3 6
zij 2 3
zijk 2 3
zijpo 3 4
zijs 2 5
zikw 3 4
zik 1 2
zina 2 5
zings 3 6
zing 2 3
zinkl 3 6
zink 2 4
zins 2 4
zinst 4 5
zinsta 3 5
zinstr 3 7
zio 1 4
zipi 2 5
zit 1 3
zite 2 4
zitj 2 5
zitu 2 5
zk 0 2
zl 0 2
zm 0 1
zodi 2 5
zoetj 3 6
zoe 2 3
zoetste 4 6
zoets 3 4
zoetst 5 6
zof 2 4
zoi 1 4
zoie 2 4
zola 2 3
zome 1 5
zona 2 3
zonsf 3 5
zons 2 3
zonta 3 4
zont 2 3
zooitj 4 7
zoo 2 4
zooi 2 3
zooit 3 4
zop 2 3
zorga 3 5
zorg 3 4
zorgl 3 6
zorgr 3 6
zot 2 3
zoth 2 4
zotr 1 5
zov 2 4
zp 0 2
zr 0 2
zs 0 1
zt 0 2
zuidi 3 5
zui 2 3
zuidr 3 6
zus 3 4
zv 0 3
zw 1 2
zwetste. 5 7
zwetst 4 6
zwetste 4 6
zwets 3 4
zy 0 1
zz 0 2
zzin 2 3
zzi 2 3
zzor 2 3
zzw 1 3
    hyphen_test.go:24: expected [Amster Am], got [Amsterd Amster Amst Ams Am]
--- FAIL: TestIterate (0.04s)
FAIL
FAIL	github.com/benoitkugler/go-weasyprint/hyphen	0.047s
FAIL
